Archive member included to satisfy reference by file (symbol)

C:/PROGRA~2/ARMGNU~1/13C7F1~1.2RE/bin/../lib/gcc/arm-none-eabi/13.2.1/thumb/v7e-m/nofp\libstdc++.a(class_type_info.o)
                              CMakeFiles/MCS-Unit.elf.dir/Core/Src/PCAP04IIC.cpp.obj (vtable for __cxxabiv1::__class_type_info)
C:/PROGRA~2/ARMGNU~1/13C7F1~1.2RE/bin/../lib/gcc/arm-none-eabi/13.2.1/thumb/v7e-m/nofp\libstdc++.a(del_ops.o)
                              C:/PROGRA~2/ARMGNU~1/13C7F1~1.2RE/bin/../lib/gcc/arm-none-eabi/13.2.1/thumb/v7e-m/nofp\libstdc++.a(class_type_info.o) (operator delete(void*, unsigned int))
C:/PROGRA~2/ARMGNU~1/13C7F1~1.2RE/bin/../lib/gcc/arm-none-eabi/13.2.1/thumb/v7e-m/nofp\libstdc++.a(si_class_type_info.o)
                              C:/PROGRA~2/ARMGNU~1/13C7F1~1.2RE/bin/../lib/gcc/arm-none-eabi/13.2.1/thumb/v7e-m/nofp\libstdc++.a(class_type_info.o) (vtable for __cxxabiv1::__si_class_type_info)
C:/PROGRA~2/ARMGNU~1/13C7F1~1.2RE/bin/../lib/gcc/arm-none-eabi/13.2.1/thumb/v7e-m/nofp\libstdc++.a(tinfo.o)
                              C:/PROGRA~2/ARMGNU~1/13C7F1~1.2RE/bin/../lib/gcc/arm-none-eabi/13.2.1/thumb/v7e-m/nofp\libstdc++.a(class_type_info.o) (std::type_info::~type_info())
C:/PROGRA~2/ARMGNU~1/13C7F1~1.2RE/bin/../lib/gcc/arm-none-eabi/13.2.1/thumb/v7e-m/nofp\libstdc++.a(del_op.o)
                              C:/PROGRA~2/ARMGNU~1/13C7F1~1.2RE/bin/../lib/gcc/arm-none-eabi/13.2.1/thumb/v7e-m/nofp\libstdc++.a(del_ops.o) (operator delete(void*))
C:/PROGRA~2/ARMGNU~1/13C7F1~1.2RE/bin/../lib/gcc/arm-none-eabi/13.2.1/thumb/v7e-m/nofp\libgcc.a(_arm_mulsf3.o)
                              CMakeFiles/MCS-Unit.elf.dir/Core/Src/PCAP04IIC.cpp.obj (__aeabi_fmul)
C:/PROGRA~2/ARMGNU~1/13C7F1~1.2RE/bin/../lib/gcc/arm-none-eabi/13.2.1/thumb/v7e-m/nofp\libgcc.a(_arm_addsubdf3.o)
                              CMakeFiles/MCS-Unit.elf.dir/Core/Src/pcap04.cpp.obj (__aeabi_f2d)
C:/PROGRA~2/ARMGNU~1/13C7F1~1.2RE/bin/../lib/gcc/arm-none-eabi/13.2.1/thumb/v7e-m/nofp\libgcc.a(_arm_addsubsf3.o)
                              CMakeFiles/MCS-Unit.elf.dir/Core/Src/PCAP04IIC.cpp.obj (__aeabi_fadd)
C:/PROGRA~2/ARMGNU~1/13C7F1~1.2RE/bin/../lib/gcc/arm-none-eabi/13.2.1/thumb/v7e-m/nofp\libgcc.a(_aeabi_uldivmod.o)
                              CMakeFiles/MCS-Unit.elf.dir/Drivers/STM32F4xx_HAL_Driver/Src/stm32f4xx_hal_rcc.c.obj (__aeabi_uldivmod)
C:/PROGRA~2/ARMGNU~1/13C7F1~1.2RE/bin/../lib/gcc/arm-none-eabi/13.2.1/thumb/v7e-m/nofp\libgcc.a(_udivmoddi4.o)
                              C:/PROGRA~2/ARMGNU~1/13C7F1~1.2RE/bin/../lib/gcc/arm-none-eabi/13.2.1/thumb/v7e-m/nofp\libgcc.a(_aeabi_uldivmod.o) (__udivmoddi4)
C:/PROGRA~2/ARMGNU~1/13C7F1~1.2RE/bin/../lib/gcc/arm-none-eabi/13.2.1/thumb/v7e-m/nofp\libgcc.a(unwind-arm.o)
                              CMakeFiles/MCS-Unit.elf.dir/Core/Src/PCAP04IIC.cpp.obj (__aeabi_unwind_cpp_pr0)
C:/PROGRA~2/ARMGNU~1/13C7F1~1.2RE/bin/../lib/gcc/arm-none-eabi/13.2.1/thumb/v7e-m/nofp\libgcc.a(libunwind.o)
                              C:/PROGRA~2/ARMGNU~1/13C7F1~1.2RE/bin/../lib/gcc/arm-none-eabi/13.2.1/thumb/v7e-m/nofp\libgcc.a(unwind-arm.o) (restore_core_regs)
C:/PROGRA~2/ARMGNU~1/13C7F1~1.2RE/bin/../lib/gcc/arm-none-eabi/13.2.1/thumb/v7e-m/nofp\libgcc.a(pr-support.o)
                              C:/PROGRA~2/ARMGNU~1/13C7F1~1.2RE/bin/../lib/gcc/arm-none-eabi/13.2.1/thumb/v7e-m/nofp\libgcc.a(unwind-arm.o) (__gnu_unwind_execute)
C:/PROGRA~2/ARMGNU~1/13C7F1~1.2RE/bin/../lib/gcc/arm-none-eabi/13.2.1/thumb/v7e-m/nofp\libgcc.a(_dvmd_tls.o)
                              C:/PROGRA~2/ARMGNU~1/13C7F1~1.2RE/bin/../lib/gcc/arm-none-eabi/13.2.1/thumb/v7e-m/nofp\libgcc.a(_aeabi_uldivmod.o) (__aeabi_ldiv0)
C:/PROGRA~2/ARMGNU~1/13C7F1~1.2RE/bin/../lib/gcc/arm-none-eabi/13.2.1/thumb/v7e-m/nofp\libg.a(libc_a-abort.o)
                              C:/PROGRA~2/ARMGNU~1/13C7F1~1.2RE/bin/../lib/gcc/arm-none-eabi/13.2.1/thumb/v7e-m/nofp\libgcc.a(unwind-arm.o) (abort)
C:/PROGRA~2/ARMGNU~1/13C7F1~1.2RE/bin/../lib/gcc/arm-none-eabi/13.2.1/thumb/v7e-m/nofp\libg.a(libc_a-exit.o)
                              C:/PROGRA~2/ARMGNU~1/13C7F1~1.2RE/bin/../lib/gcc/arm-none-eabi/13.2.1/thumb/v7e-m/nofp/crt0.o (exit)
C:/PROGRA~2/ARMGNU~1/13C7F1~1.2RE/bin/../lib/gcc/arm-none-eabi/13.2.1/thumb/v7e-m/nofp\libg.a(libc_a-malloc.o)
                              C:/PROGRA~2/ARMGNU~1/13C7F1~1.2RE/bin/../lib/gcc/arm-none-eabi/13.2.1/thumb/v7e-m/nofp\libstdc++.a(del_op.o) (free)
C:/PROGRA~2/ARMGNU~1/13C7F1~1.2RE/bin/../lib/gcc/arm-none-eabi/13.2.1/thumb/v7e-m/nofp\libg.a(libc_a-mallocr.o)
                              C:/PROGRA~2/ARMGNU~1/13C7F1~1.2RE/bin/../lib/gcc/arm-none-eabi/13.2.1/thumb/v7e-m/nofp\libg.a(libc_a-malloc.o) (_malloc_r)
C:/PROGRA~2/ARMGNU~1/13C7F1~1.2RE/bin/../lib/gcc/arm-none-eabi/13.2.1/thumb/v7e-m/nofp\libg.a(libc_a-mlock.o)
                              C:/PROGRA~2/ARMGNU~1/13C7F1~1.2RE/bin/../lib/gcc/arm-none-eabi/13.2.1/thumb/v7e-m/nofp\libg.a(libc_a-mallocr.o) (__malloc_lock)
[...]
Memory Configuration

Name             Origin             Length             Attributes
RAM              0x20000000         0x00020000         xrw
FLASH            0x08000000         0x00080000         xr
*default*        0x00000000         0xffffffff

Linker script and memory map

LOAD C:/PROGRA~2/ARMGNU~1/13C7F1~1.2RE/bin/../lib/gcc/arm-none-eabi/13.2.1/thumb/v7e-m/nofp/crti.o
LOAD C:/PROGRA~2/ARMGNU~1/13C7F1~1.2RE/bin/../lib/gcc/arm-none-eabi/13.2.1/thumb/v7e-m/nofp/crtbegin.o
LOAD C:/PROGRA~2/ARMGNU~1/13C7F1~1.2RE/bin/../lib/gcc/arm-none-eabi/13.2.1/thumb/v7e-m/nofp/crt0.o
LOAD CMakeFiles/MCS-Unit.elf.dir/Core/Src/PCAP04IIC.cpp.obj
LOAD CMakeFiles/MCS-Unit.elf.dir/Core/Src/main.cpp.obj
LOAD CMakeFiles/MCS-Unit.elf.dir/Core/Src/pcap04.cpp.obj
LOAD CMakeFiles/MCS-Unit.elf.dir/Core/Src/stm32f4xx_hal_msp.c.obj
LOAD CMakeFiles/MCS-Unit.elf.dir/Core/Src/stm32f4xx_it.c.obj
LOAD CMakeFiles/MCS-Unit.elf.dir/Core/Src/syscalls.c.obj
LOAD CMakeFiles/MCS-Unit.elf.dir/Core/Src/sysmem.c.obj
LOAD CMakeFiles/MCS-Unit.elf.dir/Core/Src/system_stm32f4xx.c.obj
LOAD CMakeFiles/MCS-Unit.elf.dir/Core/Startup/startup_stm32f411ceux.s.obj
LOAD CMakeFiles/MCS-Unit.elf.dir/Drivers/STM32F4xx_HAL_Driver/Src/stm32f4xx_hal.c.obj
LOAD CMakeFiles/MCS-Unit.elf.dir/Drivers/STM32F4xx_HAL_Driver/Src/stm32f4xx_hal_cortex.c.obj
LOAD CMakeFiles/MCS-Unit.elf.dir/Drivers/STM32F4xx_HAL_Driver/Src/stm32f4xx_hal_dma.c.obj
LOAD CMakeFiles/MCS-Unit.elf.dir/Drivers/STM32F4xx_HAL_Driver/Src/stm32f4xx_hal_dma_ex.c.obj
LOAD CMakeFiles/MCS-Unit.elf.dir/Drivers/STM32F4xx_HAL_Driver/Src/stm32f4xx_hal_exti.c.obj
LOAD CMakeFiles/MCS-Unit.elf.dir/Drivers/STM32F4xx_HAL_Driver/Src/stm32f4xx_hal_flash.c.obj
LOAD CMakeFiles/MCS-Unit.elf.dir/Drivers/STM32F4xx_HAL_Driver/Src/stm32f4xx_hal_flash_ex.c.obj
LOAD CMakeFiles/MCS-Unit.elf.dir/Drivers/STM32F4xx_HAL_Driver/Src/stm32f4xx_hal_flash_ramfunc.c.obj
LOAD CMakeFiles/MCS-Unit.elf.dir/Drivers/STM32F4xx_HAL_Driver/Src/stm32f4xx_hal_gpio.c.obj
LOAD CMakeFiles/MCS-Unit.elf.dir/Drivers/STM32F4xx_HAL_Driver/Src/stm32f4xx_hal_i2c.c.obj
LOAD CMakeFiles/MCS-Unit.elf.dir/Drivers/STM32F4xx_HAL_Driver/Src/stm32f4xx_hal_i2c_ex.c.obj
LOAD CMakeFiles/MCS-Unit.elf.dir/Drivers/STM32F4xx_HAL_Driver/Src/stm32f4xx_hal_pcd.c.obj
LOAD CMakeFiles/MCS-Unit.elf.dir/Drivers/STM32F4xx_HAL_Driver/Src/stm32f4xx_hal_pcd_ex.c.obj
LOAD CMakeFiles/MCS-Unit.elf.dir/Drivers/STM32F4xx_HAL_Driver/Src/stm32f4xx_hal_pwr.c.obj
LOAD CMakeFiles/MCS-Unit.elf.dir/Drivers/STM32F4xx_HAL_Driver/Src/stm32f4xx_hal_pwr_ex.c.obj
LOAD CMakeFiles/MCS-Unit.elf.dir/Drivers/STM32F4xx_HAL_Driver/Src/stm32f4xx_hal_rcc.c.obj
LOAD CMakeFiles/MCS-Unit.elf.dir/Drivers/STM32F4xx_HAL_Driver/Src/stm32f4xx_hal_rcc_ex.c.obj
LOAD CMakeFiles/MCS-Unit.elf.dir/Drivers/STM32F4xx_HAL_Driver/Src/stm32f4xx_hal_tim.c.obj
LOAD CMakeFiles/MCS-Unit.elf.dir/Drivers/STM32F4xx_HAL_Driver/Src/stm32f4xx_hal_tim_ex.c.obj
LOAD CMakeFiles/MCS-Unit.elf.dir/Drivers/STM32F4xx_HAL_Driver/Src/stm32f4xx_hal_uart.c.obj
LOAD CMakeFiles/MCS-Unit.elf.dir/Drivers/STM32F4xx_HAL_Driver/Src/stm32f4xx_ll_usb.c.obj
LOAD CMakeFiles/MCS-Unit.elf.dir/Middlewares/ST/STM32_USB_Device_Library/Class/CDC/Src/usbd_cdc.c.obj
LOAD CMakeFiles/MCS-Unit.elf.dir/Middlewares/ST/STM32_USB_Device_Library/Core/Src/usbd_core.c.obj
LOAD CMakeFiles/MCS-Unit.elf.dir/Middlewares/ST/STM32_USB_Device_Library/Core/Src/usbd_ctlreq.c.obj
LOAD CMakeFiles/MCS-Unit.elf.dir/Middlewares/ST/STM32_USB_Device_Library/Core/Src/usbd_ioreq.c.obj
LOAD CMakeFiles/MCS-Unit.elf.dir/USB_DEVICE/App/usb_device.c.obj
LOAD CMakeFiles/MCS-Unit.elf.dir/USB_DEVICE/App/usbd_cdc_if.c.obj
LOAD CMakeFiles/MCS-Unit.elf.dir/USB_DEVICE/App/usbd_desc.c.obj
LOAD CMakeFiles/MCS-Unit.elf.dir/USB_DEVICE/Target/usbd_conf.c.obj
LOAD C:/PROGRA~2/ARMGNU~1/13C7F1~1.2RE/bin/../lib/gcc/arm-none-eabi/13.2.1/thumb/v7e-m/nofp\libstdc++.a
LOAD C:/PROGRA~2/ARMGNU~1/13C7F1~1.2RE/bin/../lib/gcc/arm-none-eabi/13.2.1/thumb/v7e-m/nofp\libm.a
START GROUP
LOAD C:/PROGRA~2/ARMGNU~1/13C7F1~1.2RE/bin/../lib/gcc/arm-none-eabi/13.2.1/thumb/v7e-m/nofp\libgcc.a
LOAD C:/PROGRA~2/ARMGNU~1/13C7F1~1.2RE/bin/../lib/gcc/arm-none-eabi/13.2.1/thumb/v7e-m/nofp\libg.a
LOAD C:/PROGRA~2/ARMGNU~1/13C7F1~1.2RE/bin/../lib/gcc/arm-none-eabi/13.2.1/thumb/v7e-m/nofp\libc.a
END GROUP
LOAD C:/PROGRA~2/ARMGNU~1/13C7F1~1.2RE/bin/../lib/gcc/arm-none-eabi/13.2.1/thumb/v7e-m/nofp/crtend.o
LOAD C:/PROGRA~2/ARMGNU~1/13C7F1~1.2RE/bin/../lib/gcc/arm-none-eabi/13.2.1/thumb/v7e-m/nofp/crtn.o
                0x20020000                        _estack = (ORIGIN (RAM) + LENGTH (RAM))
                0x00000200                        _Min_Heap_Size = 0x200
                0x00000400                        _Min_Stack_Size = 0x400

.isr_vector     0x08000000      0x198
                0x08000000                        . = ALIGN (0x4)
 *(.isr_vector)
 .isr_vector    0x08000000      0x198 CMakeFiles/MCS-Unit.elf.dir/Core/Startup/startup_stm32f411ceux.s.obj
                0x08000000                g_pfnVectors
                0x08000198                        . = ALIGN (0x4)

.text           0x080001c0     0xf1e8
                0x080001c0                        . = ALIGN (0x4)
 *(.text)
 .text          0x080001c0      0x168 C:/PROGRA~2/ARMGNU~1/13C7F1~1.2RE/bin/../lib/gcc/arm-none-eabi/13.2.1/thumb/v7e-m/nofp\libgcc.a(_arm_mulsf3.o)
                0x080001c0                __aeabi_fmul
                0x080001c0                __mulsf3
 .text          0x08000328      0x378 C:/PROGRA~2/ARMGNU~1/13C7F1~1.2RE/bin/../lib/gcc/arm-none-eabi/13.2.1/thumb/v7e-m/nofp\libgcc.a(_arm_addsubdf3.o)
                0x08000328                __aeabi_drsub
                0x08000330                __aeabi_dsub
                0x08000330                __subdf3
                0x08000334                __aeabi_dadd
                0x08000334                __adddf3
                0x080005ac                __floatunsidf
                0x080005ac                __aeabi_ui2d
                0x080005cc                __floatsidf
                0x080005cc                __aeabi_i2d
                0x080005f0                __aeabi_f2d
                0x080005f0                __extendsfdf2
                0x08000634                __floatundidf
                0x08000634                __aeabi_ul2d
                0x08000644                __floatdidf
                0x08000644                __aeabi_l2d
 .text          0x080006a0      0x21c C:/PROGRA~2/ARMGNU~1/13C7F1~1.2RE/bin/../lib/gcc/arm-none-eabi/13.2.1/thumb/v7e-m/nofp\libgcc.a(_arm_addsubsf3.o)
                0x080006a0                __aeabi_frsub
                0x080006a8                __subsf3
                0x080006a8                __aeabi_fsub
                0x080006ac                __aeabi_fadd
                0x080006ac                __addsf3
                0x0800080c                __aeabi_ui2f
                0x0800080c                __floatunsisf
                0x08000814                __aeabi_i2f
                0x08000814                __floatsisf
                0x08000830                __aeabi_ul2f
                0x08000830                __floatundisf
                0x08000840                __aeabi_l2f
                0x08000840                __floatdisf
 .text          0x080008bc       0x30 C:/PROGRA~2/ARMGNU~1/13C7F1~1.2RE/bin/../lib/gcc/arm-none-eabi/13.2.1/thumb/v7e-m/nofp\libgcc.a(_aeabi_uldivmod.o)
                0x080008bc                __aeabi_uldivmod
 .text          0x080008ec      0x1ac C:/PROGRA~2/ARMGNU~1/13C7F1~1.2RE/bin/../lib/gcc/arm-none-eabi/13.2.1/thumb/v7e-m/nofp\libgcc.a(libunwind.o)
                0x080008ec                __restore_core_regs
                0x080008ec                restore_core_regs
                0x08000904                __gnu_Unwind_Restore_VFP
                0x0800090c                __gnu_Unwind_Save_VFP
                0x08000914                __gnu_Unwind_Restore_VFP_D
                0x0800091c                __gnu_Unwind_Save_VFP_D
                0x08000924                __gnu_Unwind_Restore_VFP_D_16_to_31
                0x0800092c                __gnu_Unwind_Save_VFP_D_16_to_31
                0x08000934                __gnu_Unwind_Restore_WMMXD
                0x08000978                __gnu_Unwind_Save_WMMXD
                0x080009bc                __gnu_Unwind_Restore_WMMXC
                0x080009d0                __gnu_Unwind_Save_WMMXC
                0x080009e4                ___Unwind_RaiseException
                0x080009e4                _Unwind_RaiseException
                0x08000a08                _Unwind_Resume
                0x08000a08                ___Unwind_Resume
                0x08000a2c                _Unwind_Resume_or_Rethrow
                0x08000a2c                ___Unwind_Resume_or_Rethrow
                0x08000a50                _Unwind_ForcedUnwind
                0x08000a50                ___Unwind_ForcedUnwind
                0x08000a74                ___Unwind_Backtrace
                0x08000a74                _Unwind_Backtrace
 .text          0x08000a98        0x4 C:/PROGRA~2/ARMGNU~1/13C7F1~1.2RE/bin/../lib/gcc/arm-none-eabi/13.2.1/thumb/v7e-m/nofp\libgcc.a(_dvmd_tls.o)
                0x08000a98                __aeabi_idiv0
                0x08000a98                __aeabi_ldiv0
 *fill*         0x08000a9c        0x4 
 .text          0x08000aa0      0x2e0 C:/PROGRA~2/ARMGNU~1/13C7F1~1.2RE/bin/../lib/gcc/arm-none-eabi/13.2.1/thumb/v7e-m/nofp\libg.a(libc_a-strcmp.o)
                0x08000aa0                strcmp
 .text          0x08000d80      0x134 C:/PROGRA~2/ARMGNU~1/13C7F1~1.2RE/bin/../lib/gcc/arm-none-eabi/13.2.1/thumb/v7e-m/nofp\libg.a(libc_a-memcpy.o)
                0x08000d80                memcpy
 *fill*         0x08000eb4        0xc 
 .text          0x08000ec0       0xa0 C:/PROGRA~2/ARMGNU~1/13C7F1~1.2RE/bin/../lib/gcc/arm-none-eabi/13.2.1/thumb/v7e-m/nofp\libg.a(libc_a-memchr.o)
                0x08000ec0                memchr
 *fill*         0x08000f60       0x20 
 .text          0x08000f80       0xd8 C:/PROGRA~2/ARMGNU~1/13C7F1~1.2RE/bin/../lib/gcc/arm-none-eabi/13.2.1/thumb/v7e-m/nofp\libg.a(libc_a-strlen.o)
                0x08000f80                strlen
 .text          0x08001058      0x424 C:/PROGRA~2/ARMGNU~1/13C7F1~1.2RE/bin/../lib/gcc/arm-none-eabi/13.2.1/thumb/v7e-m/nofp\libgcc.a(_arm_muldivdf3.o)
                0x08001058                __aeabi_dmul
                0x08001058                __muldf3
                0x080012ac                __divdf3
                0x080012ac                __aeabi_ddiv
 .text          0x0800147c      0x110 C:/PROGRA~2/ARMGNU~1/13C7F1~1.2RE/bin/../lib/gcc/arm-none-eabi/13.2.1/thumb/v7e-m/nofp\libgcc.a(_arm_cmpdf2.o)
                0x0800147c                __gtdf2
                0x0800147c                __gedf2
                0x08001484                __ltdf2
                0x08001484                __ledf2
                0x0800148c                __nedf2
                0x0800148c                __eqdf2
                0x0800148c                __cmpdf2
                0x08001508                __aeabi_cdrcmple
                0x08001518                __aeabi_cdcmpeq
                0x08001518                __aeabi_cdcmple
                0x08001528                __aeabi_dcmpeq
                0x0800153c                __aeabi_dcmplt
                0x08001550                __aeabi_dcmple
                0x08001564                __aeabi_dcmpge
                0x08001578                __aeabi_dcmpgt
 .text          0x0800158c       0x2c C:/PROGRA~2/ARMGNU~1/13C7F1~1.2RE/bin/../lib/gcc/arm-none-eabi/13.2.1/thumb/v7e-m/nofp\libgcc.a(_arm_unorddf2.o)
                0x0800158c                __unorddf2
                0x0800158c                __aeabi_dcmpun
 .text          0x080015b8       0x50 C:/PROGRA~2/ARMGNU~1/13C7F1~1.2RE/bin/../lib/gcc/arm-none-eabi/13.2.1/thumb/v7e-m/nofp\libgcc.a(_arm_fixdfsi.o)
                0x080015b8                __aeabi_d2iz
                0x080015b8                __fixdfsi
 *(.text*)
 .text.deregister_tm_clones
                0x08001608       0x1c C:/PROGRA~2/ARMGNU~1/13C7F1~1.2RE/bin/../lib/gcc/arm-none-eabi/13.2.1/thumb/v7e-m/nofp/crtbegin.o
 .text.register_tm_clones
                0x08001624       0x24 C:/PROGRA~2/ARMGNU~1/13C7F1~1.2RE/bin/../lib/gcc/arm-none-eabi/13.2.1/thumb/v7e-m/nofp/crtbegin.o
 .text.__do_global_dtors_aux
                0x08001648       0x28 C:/PROGRA~2/ARMGNU~1/13C7F1~1.2RE/bin/../lib/gcc/arm-none-eabi/13.2.1/thumb/v7e-m/nofp/crtbegin.o
 .text.frame_dummy
                0x08001670       0x24 C:/PROGRA~2/ARMGNU~1/13C7F1~1.2RE/bin/../lib/gcc/arm-none-eabi/13.2.1/thumb/v7e-m/nofp/crtbegin.o
 .text._ZN9PCAP04IIC15writeall_configEv
                0x08001694       0x3c CMakeFiles/MCS-Unit.elf.dir/Core/Src/PCAP04IIC.cpp.obj
                0x08001694                PCAP04IIC::writeall_config()
 .text._ZN9PCAP04IIC13readall_nvramEv
                0x080016d0       0x1c CMakeFiles/MCS-Unit.elf.dir/Core/Src/PCAP04IIC.cpp.obj
                0x080016d0                PCAP04IIC::readall_nvram()
 .text._ZN9PCAP04IIC14readall_configEv
                0x080016ec       0x1a CMakeFiles/MCS-Unit.elf.dir/Core/Src/PCAP04IIC.cpp.obj
                0x080016ec                PCAP04IIC::readall_config()
 .text._ZN9PCAP04IIC14readall_resultEv
                0x08001706       0x1a CMakeFiles/MCS-Unit.elf.dir/Core/Src/PCAP04IIC.cpp.obj
                0x08001706                PCAP04IIC::readall_result()
 .text._ZN9PCAP04IIC14readall_statusEv
                0x08001720       0x1a CMakeFiles/MCS-Unit.elf.dir/Core/Src/PCAP04IIC.cpp.obj
                0x08001720                PCAP04IIC::readall_status()
 .text._ZN9PCAP04IIC28convert_status_regs_to_flagsEv
                0x0800173a       0x94 CMakeFiles/MCS-Unit.elf.dir/Core/Src/PCAP04IIC.cpp.obj
                0x0800173a                PCAP04IIC::convert_status_regs_to_flags()
 *fill*         0x080017ce        0x2 
 .text._ZN9PCAP04IIC29convert_results_regs_to_floatEv
                0x080017d0       0x90 CMakeFiles/MCS-Unit.elf.dir/Core/Src/PCAP04IIC.cpp.obj
                0x080017d0                PCAP04IIC::convert_results_regs_to_float()
 .text._ZN9PCAP04IIC14writeall_nvramEv
                0x08001860       0x32 CMakeFiles/MCS-Unit.elf.dir/Core/Src/PCAP04IIC.cpp.obj
                0x08001860                PCAP04IIC::writeall_nvram()
 *fill*         0x08001892        0x2 
 .text._ZN9PCAP04IIC12write_configEhh
                0x08001894       0x44 CMakeFiles/MCS-Unit.elf.dir/Core/Src/PCAP04IIC.cpp.obj
                0x08001894                PCAP04IIC::write_config(unsigned char, unsigned char)
 .text._ZN9PCAP04IIC10read_nvramEt
                0x080018d8       0xc8 CMakeFiles/MCS-Unit.elf.dir/Core/Src/PCAP04IIC.cpp.obj
                0x080018d8                PCAP04IIC::read_nvram(unsigned short)
 .text._ZN9PCAP04IIC11read_configEh
                0x080019a0       0x68 CMakeFiles/MCS-Unit.elf.dir/Core/Src/PCAP04IIC.cpp.obj
                0x080019a0                PCAP04IIC::read_config(unsigned char)
 .text._ZN9PCAP04IIC11read_resultEh
                0x08001a08       0xb4 CMakeFiles/MCS-Unit.elf.dir/Core/Src/PCAP04IIC.cpp.obj
                0x08001a08                PCAP04IIC::read_result(unsigned char)
 .text._ZN9PCAP04IIC11write_nvramEt
                0x08001abc       0xbc CMakeFiles/MCS-Unit.elf.dir/Core/Src/PCAP04IIC.cpp.obj
                0x08001abc                PCAP04IIC::write_nvram(unsigned short)
 .text._ZN9PCAP04IIC12i2c_transmitEj
                0x08001b78       0x78 CMakeFiles/MCS-Unit.elf.dir/Core/Src/PCAP04IIC.cpp.obj
                0x08001b78                PCAP04IIC::i2c_transmit(unsigned int)
 .text._ZN9PCAP04IIC12i2c_transmitEm
                0x08001bf0       0x3c CMakeFiles/MCS-Unit.elf.dir/Core/Src/PCAP04IIC.cpp.obj
                0x08001bf0                PCAP04IIC::i2c_transmit(unsigned long)
 .text._ZN9PCAP04IIC12i2c_transmitEt
                0x08001c2c       0x64 CMakeFiles/MCS-Unit.elf.dir/Core/Src/PCAP04IIC.cpp.obj
                0x08001c2c                PCAP04IIC::i2c_transmit(unsigned short)
 .text._ZN9PCAP04IIC12i2c_transmitEh
                0x08001c90       0x54 CMakeFiles/MCS-Unit.elf.dir/Core/Src/PCAP04IIC.cpp.obj
                0x08001c90                PCAP04IIC::i2c_transmit(unsigned char)
 .text._ZN9PCAP04IIC14validate_nvramEv
                0x08001ce4       0x74 CMakeFiles/MCS-Unit.elf.dir/Core/Src/PCAP04IIC.cpp.obj
                0x08001ce4                PCAP04IIC::validate_nvram()
 .text._ZN20__PCAP_CONFIG_REGS_TC2Ev
                0x08001d58       0xc4 CMakeFiles/MCS-Unit.elf.dir/Core/Src/PCAP04IIC.cpp.obj
                0x08001d58                __PCAP_CONFIG_REGS_T::__PCAP_CONFIG_REGS_T()
                0x08001d58                __PCAP_CONFIG_REGS_T::__PCAP_CONFIG_REGS_T()
 .text._ZN9PCAP04IICC2E16pcap04_version_t24pcap_measurement_modes_tc13pcap_config_t
                0x08001e1c      0x148 CMakeFiles/MCS-Unit.elf.dir/Core/Src/PCAP04IIC.cpp.obj
                0x08001e1c                PCAP04IIC::PCAP04IIC(pcap04_version_t, pcap_measurement_modes_t, char, pcap_config_t)
                0x08001e1c                PCAP04IIC::PCAP04IIC(pcap04_version_t, pcap_measurement_modes_t, char, pcap_config_t)
 .text._ZN9PCAP04IIC15test_connectionEv
                0x08001f64       0xac CMakeFiles/MCS-Unit.elf.dir/Core/Src/PCAP04IIC.cpp.obj
                0x08001f64                PCAP04IIC::test_connection()
 .text._ZN9PCAP04IIC12send_commandEh
                0x08002010       0x96 CMakeFiles/MCS-Unit.elf.dir/Core/Src/PCAP04IIC.cpp.obj
                0x08002010                PCAP04IIC::send_command(unsigned char)
 *fill*         0x080020a6        0x2 
 .text._ZN9PCAP04IIC13initializeIICEv
                0x080020a8       0x30 CMakeFiles/MCS-Unit.elf.dir/Core/Src/PCAP04IIC.cpp.obj
                0x080020a8                PCAP04IIC::initializeIIC()
 .text._ZN9PCAP04IIC10init_nvramEv
                0x080020d8      0x240 CMakeFiles/MCS-Unit.elf.dir/Core/Src/PCAP04IIC.cpp.obj
                0x080020d8                PCAP04IIC::init_nvram()
 .text._ZN9PCAP04IIC13update_configEP13pcap_config_t
                0x08002318      0x596 CMakeFiles/MCS-Unit.elf.dir/Core/Src/PCAP04IIC.cpp.obj
                0x08002318                PCAP04IIC::update_config(pcap_config_t*)
 .text._ZN9PCAP04IIC10get_configEv
                0x080028ae      0x456 CMakeFiles/MCS-Unit.elf.dir/Core/Src/PCAP04IIC.cpp.obj
                0x080028ae                PCAP04IIC::get_config()
 .text._ZN9PCAP04IIC11get_resultsEv
                0x08002d04       0x18 CMakeFiles/MCS-Unit.elf.dir/Core/Src/PCAP04IIC.cpp.obj
                0x08002d04                PCAP04IIC::get_results()
 .text._ZN9PCAP04IIC10get_statusEb
                0x08002d1c       0x34 CMakeFiles/MCS-Unit.elf.dir/Core/Src/PCAP04IIC.cpp.obj
                0x08002d1c                PCAP04IIC::get_status(bool)
 .text._ZL12MX_GPIO_Initv
                0x08002d50       0xa4 CMakeFiles/MCS-Unit.elf.dir/Core/Src/main.cpp.obj
 .text._Z41__static_initialization_and_destruction_0v
                0x08002df4       0x28 CMakeFiles/MCS-Unit.elf.dir/Core/Src/main.cpp.obj
 .text.HAL_GPIO_EXTI_Callback
                0x08002e1c       0x20 CMakeFiles/MCS-Unit.elf.dir/Core/Src/main.cpp.obj
                0x08002e1c                HAL_GPIO_EXTI_Callback
 .text.HAL_UART_RxCpltCallback
                0x08002e3c        0x2 CMakeFiles/MCS-Unit.elf.dir/Core/Src/main.cpp.obj
                0x08002e3c                HAL_UART_RxCpltCallback
 .text.Error_Handler
                0x08002e3e        0x4 CMakeFiles/MCS-Unit.elf.dir/Core/Src/main.cpp.obj
                0x08002e3e                Error_Handler
 *fill*         0x08002e42        0x2 
 .text._ZL12MX_I2C1_Initv
                0x08002e44       0x38 CMakeFiles/MCS-Unit.elf.dir/Core/Src/main.cpp.obj
 .text._ZL19MX_USART1_UART_Initv
                0x08002e7c       0x34 CMakeFiles/MCS-Unit.elf.dir/Core/Src/main.cpp.obj
 .text._Z18SystemClock_Configv
                0x08002eb0       0xa4 CMakeFiles/MCS-Unit.elf.dir/Core/Src/main.cpp.obj
                0x08002eb0                SystemClock_Config()
 .text.main     0x08002f54       0x78 CMakeFiles/MCS-Unit.elf.dir/Core/Src/main.cpp.obj
                0x08002f54                main
 .text._GLOBAL__sub_I_hi2c1
                0x08002fcc        0x8 CMakeFiles/MCS-Unit.elf.dir/Core/Src/main.cpp.obj
 .text._Z26pcap04_configure_registersR9PCAP04IICP13pcap_config_th
                0x08002fd4       0x6c CMakeFiles/MCS-Unit.elf.dir/Core/Src/pcap04.cpp.obj
                0x08002fd4                pcap04_configure_registers(PCAP04IIC&, pcap_config_t*, unsigned char)
 .text._Z11pcap04_initP9PCAP04IICP13pcap_config_th
                0x08003040       0x3a CMakeFiles/MCS-Unit.elf.dir/Core/Src/pcap04.cpp.obj
                0x08003040                pcap04_init(PCAP04IIC*, pcap_config_t*, unsigned char)
 *fill*         0x0800307a        0x2 
 .text._Z20pcap04_updateResultsP9PCAP04IICi
                0x0800307c       0x60 CMakeFiles/MCS-Unit.elf.dir/Core/Src/pcap04.cpp.obj
                0x0800307c                pcap04_updateResults(PCAP04IIC*, int)
 .text._Z12printResultsv
                0x080030dc       0x20 CMakeFiles/MCS-Unit.elf.dir/Core/Src/pcap04.cpp.obj
                0x080030dc                printResults()
 .text.HAL_MspInit
                0x080030fc       0x38 CMakeFiles/MCS-Unit.elf.dir/Core/Src/stm32f4xx_hal_msp.c.obj
                0x080030fc                HAL_MspInit
 .text.HAL_I2C_MspInit
                0x08003134       0x70 CMakeFiles/MCS-Unit.elf.dir/Core/Src/stm32f4xx_hal_msp.c.obj
                0x08003134                HAL_I2C_MspInit
 .text.HAL_UART_MspInit
                0x080031a4       0x80 CMakeFiles/MCS-Unit.elf.dir/Core/Src/stm32f4xx_hal_msp.c.obj
                0x080031a4                HAL_UART_MspInit
 .text.NMI_Handler
                0x08003224        0x2 CMakeFiles/MCS-Unit.elf.dir/Core/Src/stm32f4xx_it.c.obj
                0x08003224                NMI_Handler
 .text.HardFault_Handler
                0x08003226        0x2 CMakeFiles/MCS-Unit.elf.dir/Core/Src/stm32f4xx_it.c.obj
                0x08003226                HardFault_Handler
 .text.MemManage_Handler
                0x08003228        0x2 CMakeFiles/MCS-Unit.elf.dir/Core/Src/stm32f4xx_it.c.obj
                0x08003228                MemManage_Handler
 .text.BusFault_Handler
                0x0800322a        0x2 CMakeFiles/MCS-Unit.elf.dir/Core/Src/stm32f4xx_it.c.obj
                0x0800322a                BusFault_Handler
 .text.UsageFault_Handler
                0x0800322c        0x2 CMakeFiles/MCS-Unit.elf.dir/Core/Src/stm32f4xx_it.c.obj
                0x0800322c                UsageFault_Handler
 .text.SVC_Handler
                0x0800322e        0x2 CMakeFiles/MCS-Unit.elf.dir/Core/Src/stm32f4xx_it.c.obj
                0x0800322e                SVC_Handler
 .text.DebugMon_Handler
                0x08003230        0x2 CMakeFiles/MCS-Unit.elf.dir/Core/Src/stm32f4xx_it.c.obj
                0x08003230                DebugMon_Handler
 .text.PendSV_Handler
                0x08003232        0x2 CMakeFiles/MCS-Unit.elf.dir/Core/Src/stm32f4xx_it.c.obj
                0x08003232                PendSV_Handler
 .text.SysTick_Handler
                0x08003234        0x8 CMakeFiles/MCS-Unit.elf.dir/Core/Src/stm32f4xx_it.c.obj
                0x08003234                SysTick_Handler
 .text.EXTI4_IRQHandler
                0x0800323c        0xa CMakeFiles/MCS-Unit.elf.dir/Core/Src/stm32f4xx_it.c.obj
                0x0800323c                EXTI4_IRQHandler
 *fill*         0x08003246        0x2 
 .text.USART1_IRQHandler
                0x08003248       0x10 CMakeFiles/MCS-Unit.elf.dir/Core/Src/stm32f4xx_it.c.obj
                0x08003248                USART1_IRQHandler
 .text.OTG_FS_IRQHandler
                0x08003258       0x10 CMakeFiles/MCS-Unit.elf.dir/Core/Src/stm32f4xx_it.c.obj
                0x08003258                OTG_FS_IRQHandler
 .text._getpid  0x08003268        0x4 CMakeFiles/MCS-Unit.elf.dir/Core/Src/syscalls.c.obj
                0x08003268                _getpid
 .text._kill    0x0800326c       0x10 CMakeFiles/MCS-Unit.elf.dir/Core/Src/syscalls.c.obj
                0x0800326c                _kill
 .text._exit    0x0800327c        0xc CMakeFiles/MCS-Unit.elf.dir/Core/Src/syscalls.c.obj
                0x0800327c                _exit
 .text._read    0x08003288       0x20 CMakeFiles/MCS-Unit.elf.dir/Core/Src/syscalls.c.obj
                0x08003288                _read
 .text._write   0x080032a8       0x1c CMakeFiles/MCS-Unit.elf.dir/Core/Src/syscalls.c.obj
                0x080032a8                _write
 .text._close   0x080032c4        0x6 CMakeFiles/MCS-Unit.elf.dir/Core/Src/syscalls.c.obj
                0x080032c4                _close
 .text._fstat   0x080032ca        0xa CMakeFiles/MCS-Unit.elf.dir/Core/Src/syscalls.c.obj
                0x080032ca                _fstat
 .text._isatty  0x080032d4        0x4 CMakeFiles/MCS-Unit.elf.dir/Core/Src/syscalls.c.obj
                0x080032d4                _isatty
 .text._lseek   0x080032d8        0x4 CMakeFiles/MCS-Unit.elf.dir/Core/Src/syscalls.c.obj
                0x080032d8                _lseek
 .text._sbrk    0x080032dc       0x48 CMakeFiles/MCS-Unit.elf.dir/Core/Src/sysmem.c.obj
                0x080032dc                _sbrk
 .text.SystemInit
                0x08003324        0x2 CMakeFiles/MCS-Unit.elf.dir/Core/Src/system_stm32f4xx.c.obj
                0x08003324                SystemInit
 *fill*         0x08003326        0x2 
 .text.Reset_Handler
                0x08003328       0x50 CMakeFiles/MCS-Unit.elf.dir/Core/Startup/startup_stm32f411ceux.s.obj
                0x08003328                Reset_Handler
 .text.Default_Handler
                0x08003378        0x2 CMakeFiles/MCS-Unit.elf.dir/Core/Startup/startup_stm32f411ceux.s.obj
                0x08003378                RTC_Alarm_IRQHandler
                0x08003378                EXTI2_IRQHandler
                0x08003378                SPI4_IRQHandler
                0x08003378                TIM1_CC_IRQHandler
                0x08003378                DMA2_Stream5_IRQHandler
                0x08003378                DMA1_Stream5_IRQHandler
                0x08003378                PVD_IRQHandler
                0x08003378                SDIO_IRQHandler
                0x08003378                TAMP_STAMP_IRQHandler
                0x08003378                EXTI3_IRQHandler
                0x08003378                TIM1_UP_TIM10_IRQHandler
                0x08003378                I2C3_ER_IRQHandler
                0x08003378                EXTI0_IRQHandler
                0x08003378                I2C2_EV_IRQHandler
                0x08003378                DMA1_Stream2_IRQHandler
                0x08003378                FPU_IRQHandler
                0x08003378                DMA2_Stream2_IRQHandler
                0x08003378                SPI1_IRQHandler
                0x08003378                TIM1_BRK_TIM9_IRQHandler
                0x08003378                DMA2_Stream3_IRQHandler
                0x08003378                USART6_IRQHandler
                0x08003378                DMA2_Stream0_IRQHandler
                0x08003378                TIM4_IRQHandler
                0x08003378                I2C1_EV_IRQHandler
                0x08003378                DMA1_Stream6_IRQHandler
                0x08003378                DMA1_Stream1_IRQHandler
                0x08003378                TIM3_IRQHandler
                0x08003378                RCC_IRQHandler
                0x08003378                Default_Handler
                0x08003378                EXTI15_10_IRQHandler
                0x08003378                ADC_IRQHandler
                0x08003378                DMA1_Stream7_IRQHandler
                0x08003378                SPI5_IRQHandler
                0x08003378                TIM5_IRQHandler
                0x08003378                DMA2_Stream7_IRQHandler
                0x08003378                I2C3_EV_IRQHandler
                0x08003378                EXTI9_5_IRQHandler
                0x08003378                RTC_WKUP_IRQHandler
                0x08003378                SPI2_IRQHandler
                0x08003378                DMA1_Stream0_IRQHandler
                0x08003378                WWDG_IRQHandler
                0x08003378                TIM2_IRQHandler
                0x08003378                OTG_FS_WKUP_IRQHandler
                0x08003378                TIM1_TRG_COM_TIM11_IRQHandler
                0x08003378                EXTI1_IRQHandler
                0x08003378                USART2_IRQHandler
                0x08003378                I2C2_ER_IRQHandler
                0x08003378                DMA2_Stream1_IRQHandler
                0x08003378                FLASH_IRQHandler
                0x08003378                DMA2_Stream4_IRQHandler
                0x08003378                SPI3_IRQHandler
                0x08003378                DMA1_Stream4_IRQHandler
                0x08003378                I2C1_ER_IRQHandler
                0x08003378                DMA2_Stream6_IRQHandler
                0x08003378                DMA1_Stream3_IRQHandler
 *fill*         0x0800337a        0x2 
 .text.HAL_InitTick
                0x0800337c       0x4c CMakeFiles/MCS-Unit.elf.dir/Drivers/STM32F4xx_HAL_Driver/Src/stm32f4xx_hal.c.obj
                0x0800337c                HAL_InitTick
 .text.HAL_Init
                0x080033c8       0x34 CMakeFiles/MCS-Unit.elf.dir/Drivers/STM32F4xx_HAL_Driver/Src/stm32f4xx_hal.c.obj
                0x080033c8                HAL_Init
 .text.HAL_IncTick
                0x080033fc       0x18 CMakeFiles/MCS-Unit.elf.dir/Drivers/STM32F4xx_HAL_Driver/Src/stm32f4xx_hal.c.obj
                0x080033fc                HAL_IncTick
 .text.HAL_GetTick
                0x08003414        0xc CMakeFiles/MCS-Unit.elf.dir/Drivers/STM32F4xx_HAL_Driver/Src/stm32f4xx_hal.c.obj
                0x08003414                HAL_GetTick
 .text.HAL_Delay
                0x08003420       0x28 CMakeFiles/MCS-Unit.elf.dir/Drivers/STM32F4xx_HAL_Driver/Src/stm32f4xx_hal.c.obj
                0x08003420                HAL_Delay
 .text.__NVIC_DisableIRQ
                0x08003448       0x24 CMakeFiles/MCS-Unit.elf.dir/Drivers/STM32F4xx_HAL_Driver/Src/stm32f4xx_hal_cortex.c.obj
 .text.__NVIC_SetPriority
                0x0800346c       0x28 CMakeFiles/MCS-Unit.elf.dir/Drivers/STM32F4xx_HAL_Driver/Src/stm32f4xx_hal_cortex.c.obj
 .text.NVIC_EncodePriority
                0x08003494       0x3e CMakeFiles/MCS-Unit.elf.dir/Drivers/STM32F4xx_HAL_Driver/Src/stm32f4xx_hal_cortex.c.obj
 *fill*         0x080034d2        0x2 
 .text.HAL_NVIC_SetPriorityGrouping
                0x080034d4       0x24 CMakeFiles/MCS-Unit.elf.dir/Drivers/STM32F4xx_HAL_Driver/Src/stm32f4xx_hal_cortex.c.obj
                0x080034d4                HAL_NVIC_SetPriorityGrouping
 .text.HAL_NVIC_SetPriority
                0x080034f8       0x20 CMakeFiles/MCS-Unit.elf.dir/Drivers/STM32F4xx_HAL_Driver/Src/stm32f4xx_hal_cortex.c.obj
                0x080034f8                HAL_NVIC_SetPriority
 .text.HAL_NVIC_EnableIRQ
                0x08003518       0x1c CMakeFiles/MCS-Unit.elf.dir/Drivers/STM32F4xx_HAL_Driver/Src/stm32f4xx_hal_cortex.c.obj
                0x08003518                HAL_NVIC_EnableIRQ
 .text.HAL_NVIC_DisableIRQ
                0x08003534        0x8 CMakeFiles/MCS-Unit.elf.dir/Drivers/STM32F4xx_HAL_Driver/Src/stm32f4xx_hal_cortex.c.obj
                0x08003534                HAL_NVIC_DisableIRQ
 .text.HAL_SYSTICK_Config
                0x0800353c       0x28 CMakeFiles/MCS-Unit.elf.dir/Drivers/STM32F4xx_HAL_Driver/Src/stm32f4xx_hal_cortex.c.obj
                0x0800353c                HAL_SYSTICK_Config
 .text.HAL_DMA_Abort
                0x08003564       0x94 CMakeFiles/MCS-Unit.elf.dir/Drivers/STM32F4xx_HAL_Driver/Src/stm32f4xx_hal_dma.c.obj
                0x08003564                HAL_DMA_Abort
 .text.HAL_DMA_Abort_IT
                0x080035f8       0x26 CMakeFiles/MCS-Unit.elf.dir/Drivers/STM32F4xx_HAL_Driver/Src/stm32f4xx_hal_dma.c.obj
                0x080035f8                HAL_DMA_Abort_IT
 *fill*         0x0800361e        0x2 
 .text.HAL_GPIO_Init
                0x08003620      0x1d0 CMakeFiles/MCS-Unit.elf.dir/Drivers/STM32F4xx_HAL_Driver/Src/stm32f4xx_hal_gpio.c.obj
                0x08003620                HAL_GPIO_Init
 .text.HAL_GPIO_WritePin
                0x080037f0        0xc CMakeFiles/MCS-Unit.elf.dir/Drivers/STM32F4xx_HAL_Driver/Src/stm32f4xx_hal_gpio.c.obj
                0x080037f0                HAL_GPIO_WritePin
 .text.HAL_GPIO_TogglePin
                0x080037fc       0x12 CMakeFiles/MCS-Unit.elf.dir/Drivers/STM32F4xx_HAL_Driver/Src/stm32f4xx_hal_gpio.c.obj
                0x080037fc                HAL_GPIO_TogglePin
 *fill*         0x0800380e        0x2 
 .text.HAL_GPIO_EXTI_IRQHandler
                0x08003810       0x1c CMakeFiles/MCS-Unit.elf.dir/Drivers/STM32F4xx_HAL_Driver/Src/stm32f4xx_hal_gpio.c.obj
                0x08003810                HAL_GPIO_EXTI_IRQHandler
 .text.I2C_IsAcknowledgeFailed
                0x0800382c       0x32 CMakeFiles/MCS-Unit.elf.dir/Drivers/STM32F4xx_HAL_Driver/Src/stm32f4xx_hal_i2c.c.obj
 .text.I2C_WaitOnFlagUntilTimeout
                0x0800385e       0x7c CMakeFiles/MCS-Unit.elf.dir/Drivers/STM32F4xx_HAL_Driver/Src/stm32f4xx_hal_i2c.c.obj
 .text.I2C_WaitOnMasterAddressFlagUntilTimeout
                0x080038da       0xaa CMakeFiles/MCS-Unit.elf.dir/Drivers/STM32F4xx_HAL_Driver/Src/stm32f4xx_hal_i2c.c.obj
 .text.I2C_MasterRequestWrite
                0x08003984       0xb4 CMakeFiles/MCS-Unit.elf.dir/Drivers/STM32F4xx_HAL_Driver/Src/stm32f4xx_hal_i2c.c.obj
 .text.I2C_MasterRequestRead
                0x08003a38      0x120 CMakeFiles/MCS-Unit.elf.dir/Drivers/STM32F4xx_HAL_Driver/Src/stm32f4xx_hal_i2c.c.obj
 .text.I2C_WaitOnTXEFlagUntilTimeout
                0x08003b58       0x54 CMakeFiles/MCS-Unit.elf.dir/Drivers/STM32F4xx_HAL_Driver/Src/stm32f4xx_hal_i2c.c.obj
 .text.I2C_WaitOnBTFFlagUntilTimeout
                0x08003bac       0x54 CMakeFiles/MCS-Unit.elf.dir/Drivers/STM32F4xx_HAL_Driver/Src/stm32f4xx_hal_i2c.c.obj
 .text.I2C_WaitOnRXNEFlagUntilTimeout
                0x08003c00       0x6a CMakeFiles/MCS-Unit.elf.dir/Drivers/STM32F4xx_HAL_Driver/Src/stm32f4xx_hal_i2c.c.obj
 *fill*         0x08003c6a        0x2 
 .text.HAL_I2C_Init
                0x08003c6c      0x1bc CMakeFiles/MCS-Unit.elf.dir/Drivers/STM32F4xx_HAL_Driver/Src/stm32f4xx_hal_i2c.c.obj
                0x08003c6c                HAL_I2C_Init
 .text.HAL_I2C_Master_Transmit
                0x08003e28      0x178 CMakeFiles/MCS-Unit.elf.dir/Drivers/STM32F4xx_HAL_Driver/Src/stm32f4xx_hal_i2c.c.obj
                0x08003e28                HAL_I2C_Master_Transmit
 .text.HAL_I2C_Master_Receive
                0x08003fa0      0x2e8 CMakeFiles/MCS-Unit.elf.dir/Drivers/STM32F4xx_HAL_Driver/Src/stm32f4xx_hal_i2c.c.obj
                0x08003fa0                HAL_I2C_Master_Receive
 .text.PCD_WriteEmptyTxFifo
                0x08004288       0xd0 CMakeFiles/MCS-Unit.elf.dir/Drivers/STM32F4xx_HAL_Driver/Src/stm32f4xx_hal_pcd.c.obj
 .text.HAL_PCD_Init
                0x08004358      0x12e CMakeFiles/MCS-Unit.elf.dir/Drivers/STM32F4xx_HAL_Driver/Src/stm32f4xx_hal_pcd.c.obj
                0x08004358                HAL_PCD_Init
 .text.HAL_PCD_Start
                0x08004486       0x42 CMakeFiles/MCS-Unit.elf.dir/Drivers/STM32F4xx_HAL_Driver/Src/stm32f4xx_hal_pcd.c.obj
                0x08004486                HAL_PCD_Start
 .text.PCD_EP_OutXfrComplete_int
                0x080044c8      0x104 CMakeFiles/MCS-Unit.elf.dir/Drivers/STM32F4xx_HAL_Driver/Src/stm32f4xx_hal_pcd.c.obj
 .text.PCD_EP_OutSetupPacket_int
                0x080045cc       0x50 CMakeFiles/MCS-Unit.elf.dir/Drivers/STM32F4xx_HAL_Driver/Src/stm32f4xx_hal_pcd.c.obj
 .text.HAL_PCD_SetAddress
                0x0800461c       0x28 CMakeFiles/MCS-Unit.elf.dir/Drivers/STM32F4xx_HAL_Driver/Src/stm32f4xx_hal_pcd.c.obj
                0x0800461c                HAL_PCD_SetAddress
 .text.HAL_PCD_EP_Open
                0x08004644       0x8a CMakeFiles/MCS-Unit.elf.dir/Drivers/STM32F4xx_HAL_Driver/Src/stm32f4xx_hal_pcd.c.obj
                0x08004644                HAL_PCD_EP_Open
 .text.HAL_PCD_EP_Close
                0x080046ce       0x72 CMakeFiles/MCS-Unit.elf.dir/Drivers/STM32F4xx_HAL_Driver/Src/stm32f4xx_hal_pcd.c.obj
                0x080046ce                HAL_PCD_EP_Close
 .text.HAL_PCD_EP_Receive
                0x08004740       0x5e CMakeFiles/MCS-Unit.elf.dir/Drivers/STM32F4xx_HAL_Driver/Src/stm32f4xx_hal_pcd.c.obj
                0x08004740                HAL_PCD_EP_Receive
 .text.HAL_PCD_EP_GetRxCount
                0x0800479e       0x12 CMakeFiles/MCS-Unit.elf.dir/Drivers/STM32F4xx_HAL_Driver/Src/stm32f4xx_hal_pcd.c.obj
                0x0800479e                HAL_PCD_EP_GetRxCount
 .text.HAL_PCD_EP_Transmit
                0x080047b0       0x5e CMakeFiles/MCS-Unit.elf.dir/Drivers/STM32F4xx_HAL_Driver/Src/stm32f4xx_hal_pcd.c.obj
                0x080047b0                HAL_PCD_EP_Transmit
 .text.HAL_PCD_EP_SetStall
                0x0800480e       0x88 CMakeFiles/MCS-Unit.elf.dir/Drivers/STM32F4xx_HAL_Driver/Src/stm32f4xx_hal_pcd.c.obj
                0x0800480e                HAL_PCD_EP_SetStall
 .text.HAL_PCD_EP_ClrStall
                0x08004896       0x76 CMakeFiles/MCS-Unit.elf.dir/Drivers/STM32F4xx_HAL_Driver/Src/stm32f4xx_hal_pcd.c.obj
                0x08004896                HAL_PCD_EP_ClrStall
 .text.HAL_PCD_EP_Abort
                0x0800490c       0x34 CMakeFiles/MCS-Unit.elf.dir/Drivers/STM32F4xx_HAL_Driver/Src/stm32f4xx_hal_pcd.c.obj
                0x0800490c                HAL_PCD_EP_Abort
 .text.HAL_PCD_IRQHandler
                0x08004940      0x5c8 CMakeFiles/MCS-Unit.elf.dir/Drivers/STM32F4xx_HAL_Driver/Src/stm32f4xx_hal_pcd.c.obj
                0x08004940                HAL_PCD_IRQHandler
 .text.HAL_PCDEx_SetTxFiFo
                0x08004f08       0x4a CMakeFiles/MCS-Unit.elf.dir/Drivers/STM32F4xx_HAL_Driver/Src/stm32f4xx_hal_pcd_ex.c.obj
                0x08004f08                HAL_PCDEx_SetTxFiFo
 .text.HAL_PCDEx_SetRxFiFo
                0x08004f52        0x8 CMakeFiles/MCS-Unit.elf.dir/Drivers/STM32F4xx_HAL_Driver/Src/stm32f4xx_hal_pcd_ex.c.obj
                0x08004f52                HAL_PCDEx_SetRxFiFo
 .text.HAL_PCDEx_LPM_Callback
                0x08004f5a        0x2 CMakeFiles/MCS-Unit.elf.dir/Drivers/STM32F4xx_HAL_Driver/Src/stm32f4xx_hal_pcd_ex.c.obj
                0x08004f5a                HAL_PCDEx_LPM_Callback
 .text.HAL_RCC_OscConfig
                0x08004f5c      0x3f8 CMakeFiles/MCS-Unit.elf.dir/Drivers/STM32F4xx_HAL_Driver/Src/stm32f4xx_hal_rcc.c.obj
                0x08004f5c                HAL_RCC_OscConfig
 .text.HAL_RCC_GetSysClockFreq
                0x08005354       0xa8 CMakeFiles/MCS-Unit.elf.dir/Drivers/STM32F4xx_HAL_Driver/Src/stm32f4xx_hal_rcc.c.obj
                0x08005354                HAL_RCC_GetSysClockFreq
 .text.HAL_RCC_ClockConfig
                0x080053fc      0x160 CMakeFiles/MCS-Unit.elf.dir/Drivers/STM32F4xx_HAL_Driver/Src/stm32f4xx_hal_rcc.c.obj
                0x080053fc                HAL_RCC_ClockConfig
 .text.HAL_RCC_GetHCLKFreq
                0x0800555c        0xc CMakeFiles/MCS-Unit.elf.dir/Drivers/STM32F4xx_HAL_Driver/Src/stm32f4xx_hal_rcc.c.obj
                0x0800555c                HAL_RCC_GetHCLKFreq
 .text.HAL_RCC_GetPCLK1Freq
                0x08005568       0x20 CMakeFiles/MCS-Unit.elf.dir/Drivers/STM32F4xx_HAL_Driver/Src/stm32f4xx_hal_rcc.c.obj
                0x08005568                HAL_RCC_GetPCLK1Freq
 .text.HAL_RCC_GetPCLK2Freq
                0x08005588       0x20 CMakeFiles/MCS-Unit.elf.dir/Drivers/STM32F4xx_HAL_Driver/Src/stm32f4xx_hal_rcc.c.obj
                0x08005588                HAL_RCC_GetPCLK2Freq
 .text.UART_EndRxTransfer
                0x080055a8       0x5c CMakeFiles/MCS-Unit.elf.dir/Drivers/STM32F4xx_HAL_Driver/Src/stm32f4xx_hal_uart.c.obj
 .text.UART_Transmit_IT
                0x08005604       0x60 CMakeFiles/MCS-Unit.elf.dir/Drivers/STM32F4xx_HAL_Driver/Src/stm32f4xx_hal_uart.c.obj
 .text.UART_SetConfig
                0x08005664      0x110 CMakeFiles/MCS-Unit.elf.dir/Drivers/STM32F4xx_HAL_Driver/Src/stm32f4xx_hal_uart.c.obj
 .text.HAL_UART_Init
                0x08005774       0x5e CMakeFiles/MCS-Unit.elf.dir/Drivers/STM32F4xx_HAL_Driver/Src/stm32f4xx_hal_uart.c.obj
                0x08005774                HAL_UART_Init
 .text.HAL_UART_TxCpltCallback
                0x080057d2        0x2 CMakeFiles/MCS-Unit.elf.dir/Drivers/STM32F4xx_HAL_Driver/Src/stm32f4xx_hal_uart.c.obj
                0x080057d2                HAL_UART_TxCpltCallback
 .text.UART_EndTransmit_IT
                0x080057d4       0x1a CMakeFiles/MCS-Unit.elf.dir/Drivers/STM32F4xx_HAL_Driver/Src/stm32f4xx_hal_uart.c.obj
 .text.HAL_UART_ErrorCallback
                0x080057ee        0x2 CMakeFiles/MCS-Unit.elf.dir/Drivers/STM32F4xx_HAL_Driver/Src/stm32f4xx_hal_uart.c.obj
                0x080057ee                HAL_UART_ErrorCallback
 .text.UART_DMAAbortOnError
                0x080057f0       0x10 CMakeFiles/MCS-Unit.elf.dir/Drivers/STM32F4xx_HAL_Driver/Src/stm32f4xx_hal_uart.c.obj
 .text.HAL_UARTEx_RxEventCallback
                0x08005800        0x2 CMakeFiles/MCS-Unit.elf.dir/Drivers/STM32F4xx_HAL_Driver/Src/stm32f4xx_hal_uart.c.obj
                0x08005800                HAL_UARTEx_RxEventCallback
 .text.UART_Receive_IT
                0x08005802       0xe2 CMakeFiles/MCS-Unit.elf.dir/Drivers/STM32F4xx_HAL_Driver/Src/stm32f4xx_hal_uart.c.obj
 .text.HAL_UART_IRQHandler
                0x080058e4      0x27c CMakeFiles/MCS-Unit.elf.dir/Drivers/STM32F4xx_HAL_Driver/Src/stm32f4xx_hal_uart.c.obj
                0x080058e4                HAL_UART_IRQHandler
 .text.USB_CoreReset
                0x08005b60       0x50 CMakeFiles/MCS-Unit.elf.dir/Drivers/STM32F4xx_HAL_Driver/Src/stm32f4xx_ll_usb.c.obj
 .text.USB_CoreInit
                0x08005bb0       0x8a CMakeFiles/MCS-Unit.elf.dir/Drivers/STM32F4xx_HAL_Driver/Src/stm32f4xx_ll_usb.c.obj
                0x08005bb0                USB_CoreInit
 *fill*         0x08005c3a        0x2 
 .text.USB_SetTurnaroundTime
                0x08005c3c       0xe4 CMakeFiles/MCS-Unit.elf.dir/Drivers/STM32F4xx_HAL_Driver/Src/stm32f4xx_ll_usb.c.obj
                0x08005c3c                USB_SetTurnaroundTime
 .text.USB_EnableGlobalInt
                0x08005d20        0xc CMakeFiles/MCS-Unit.elf.dir/Drivers/STM32F4xx_HAL_Driver/Src/stm32f4xx_ll_usb.c.obj
                0x08005d20                USB_EnableGlobalInt
 .text.USB_DisableGlobalInt
                0x08005d2c        0xc CMakeFiles/MCS-Unit.elf.dir/Drivers/STM32F4xx_HAL_Driver/Src/stm32f4xx_ll_usb.c.obj
                0x08005d2c                USB_DisableGlobalInt
 .text.USB_FlushTxFifo
                0x08005d38       0x50 CMakeFiles/MCS-Unit.elf.dir/Drivers/STM32F4xx_HAL_Driver/Src/stm32f4xx_ll_usb.c.obj
                0x08005d38                USB_FlushTxFifo
 .text.USB_FlushRxFifo
                0x08005d88       0x4c CMakeFiles/MCS-Unit.elf.dir/Drivers/STM32F4xx_HAL_Driver/Src/stm32f4xx_ll_usb.c.obj
                0x08005d88                USB_FlushRxFifo
 .text.USB_SetDevSpeed
                0x08005dd4        0xe CMakeFiles/MCS-Unit.elf.dir/Drivers/STM32F4xx_HAL_Driver/Src/stm32f4xx_ll_usb.c.obj
                0x08005dd4                USB_SetDevSpeed
 *fill*         0x08005de2        0x2 
 .text.USB_DevInit
                0x08005de4      0x190 CMakeFiles/MCS-Unit.elf.dir/Drivers/STM32F4xx_HAL_Driver/Src/stm32f4xx_ll_usb.c.obj
                0x08005de4                USB_DevInit
 .text.USB_GetDevSpeed
                0x08005f74       0x22 CMakeFiles/MCS-Unit.elf.dir/Drivers/STM32F4xx_HAL_Driver/Src/stm32f4xx_ll_usb.c.obj
                0x08005f74                USB_GetDevSpeed
 .text.USB_ActivateEndpoint
                0x08005f96       0x9a CMakeFiles/MCS-Unit.elf.dir/Drivers/STM32F4xx_HAL_Driver/Src/stm32f4xx_ll_usb.c.obj
                0x08005f96                USB_ActivateEndpoint
 .text.USB_DeactivateEndpoint
                0x08006030       0xe0 CMakeFiles/MCS-Unit.elf.dir/Drivers/STM32F4xx_HAL_Driver/Src/stm32f4xx_ll_usb.c.obj
                0x08006030                USB_DeactivateEndpoint
 .text.USB_EP0StartXfer
                0x08006110      0x11c CMakeFiles/MCS-Unit.elf.dir/Drivers/STM32F4xx_HAL_Driver/Src/stm32f4xx_ll_usb.c.obj
                0x08006110                USB_EP0StartXfer
 .text.USB_EPStopXfer
                0x0800622c       0xbc CMakeFiles/MCS-Unit.elf.dir/Drivers/STM32F4xx_HAL_Driver/Src/stm32f4xx_ll_usb.c.obj
                0x0800622c                USB_EPStopXfer
 .text.USB_WritePacket
                0x080062e8       0x2e CMakeFiles/MCS-Unit.elf.dir/Drivers/STM32F4xx_HAL_Driver/Src/stm32f4xx_ll_usb.c.obj
                0x080062e8                USB_WritePacket
 *fill*         0x08006316        0x2 
 .text.USB_EPStartXfer
                0x08006318      0x228 CMakeFiles/MCS-Unit.elf.dir/Drivers/STM32F4xx_HAL_Driver/Src/stm32f4xx_ll_usb.c.obj
                0x08006318                USB_EPStartXfer
 .text.USB_ReadPacket
                0x08006540       0x46 CMakeFiles/MCS-Unit.elf.dir/Drivers/STM32F4xx_HAL_Driver/Src/stm32f4xx_ll_usb.c.obj
                0x08006540                USB_ReadPacket
 .text.USB_EPSetStall
                0x08006586       0x5a CMakeFiles/MCS-Unit.elf.dir/Drivers/STM32F4xx_HAL_Driver/Src/stm32f4xx_ll_usb.c.obj
                0x08006586                USB_EPSetStall
 .text.USB_EPClearStall
                0x080065e0       0x5c CMakeFiles/MCS-Unit.elf.dir/Drivers/STM32F4xx_HAL_Driver/Src/stm32f4xx_ll_usb.c.obj
                0x080065e0                USB_EPClearStall
 .text.USB_SetDevAddress
                0x0800663c       0x20 CMakeFiles/MCS-Unit.elf.dir/Drivers/STM32F4xx_HAL_Driver/Src/stm32f4xx_ll_usb.c.obj
                0x0800663c                USB_SetDevAddress
 .text.USB_DevConnect
                0x0800665c       0x1c CMakeFiles/MCS-Unit.elf.dir/Drivers/STM32F4xx_HAL_Driver/Src/stm32f4xx_ll_usb.c.obj
                0x0800665c                USB_DevConnect
 .text.USB_DevDisconnect
                0x08006678       0x1c CMakeFiles/MCS-Unit.elf.dir/Drivers/STM32F4xx_HAL_Driver/Src/stm32f4xx_ll_usb.c.obj
                0x08006678                USB_DevDisconnect
 .text.USB_ReadInterrupts
                0x08006694        0x8 CMakeFiles/MCS-Unit.elf.dir/Drivers/STM32F4xx_HAL_Driver/Src/stm32f4xx_ll_usb.c.obj
                0x08006694                USB_ReadInterrupts
 .text.USB_ReadDevAllOutEpInterrupt
                0x0800669c       0x10 CMakeFiles/MCS-Unit.elf.dir/Drivers/STM32F4xx_HAL_Driver/Src/stm32f4xx_ll_usb.c.obj
                0x0800669c                USB_ReadDevAllOutEpInterrupt
 .text.USB_ReadDevAllInEpInterrupt
                0x080066ac       0x10 CMakeFiles/MCS-Unit.elf.dir/Drivers/STM32F4xx_HAL_Driver/Src/stm32f4xx_ll_usb.c.obj
                0x080066ac                USB_ReadDevAllInEpInterrupt
 .text.USB_ReadDevOutEPInterrupt
                0x080066bc       0x12 CMakeFiles/MCS-Unit.elf.dir/Drivers/STM32F4xx_HAL_Driver/Src/stm32f4xx_ll_usb.c.obj
                0x080066bc                USB_ReadDevOutEPInterrupt
 .text.USB_ReadDevInEPInterrupt
                0x080066ce       0x24 CMakeFiles/MCS-Unit.elf.dir/Drivers/STM32F4xx_HAL_Driver/Src/stm32f4xx_ll_usb.c.obj
                0x080066ce                USB_ReadDevInEPInterrupt
 .text.USB_GetMode
                0x080066f2        0x8 CMakeFiles/MCS-Unit.elf.dir/Drivers/STM32F4xx_HAL_Driver/Src/stm32f4xx_ll_usb.c.obj
                0x080066f2                USB_GetMode
 .text.USB_SetCurrentMode
                0x080066fa       0x62 CMakeFiles/MCS-Unit.elf.dir/Drivers/STM32F4xx_HAL_Driver/Src/stm32f4xx_ll_usb.c.obj
                0x080066fa                USB_SetCurrentMode
 .text.USB_ActivateSetup
                0x0800675c       0x1c CMakeFiles/MCS-Unit.elf.dir/Drivers/STM32F4xx_HAL_Driver/Src/stm32f4xx_ll_usb.c.obj
                0x0800675c                USB_ActivateSetup
 .text.USB_EP0_OutStart
                0x08006778       0x5c CMakeFiles/MCS-Unit.elf.dir/Drivers/STM32F4xx_HAL_Driver/Src/stm32f4xx_ll_usb.c.obj
                0x08006778                USB_EP0_OutStart
 .text.USBD_CDC_EP0_RxReady
                0x080067d4       0x40 CMakeFiles/MCS-Unit.elf.dir/Middlewares/ST/STM32_USB_Device_Library/Class/CDC/Src/usbd_cdc.c.obj
 .text.USBD_CDC_GetDeviceQualifierDescriptor
                0x08006814        0xc CMakeFiles/MCS-Unit.elf.dir/Middlewares/ST/STM32_USB_Device_Library/Class/CDC/Src/usbd_cdc.c.obj
                0x08006814                USBD_CDC_GetDeviceQualifierDescriptor
 .text.USBD_CDC_GetOtherSpeedCfgDesc
                0x08006820       0x48 CMakeFiles/MCS-Unit.elf.dir/Middlewares/ST/STM32_USB_Device_Library/Class/CDC/Src/usbd_cdc.c.obj
 .text.USBD_CDC_GetFSCfgDesc
                0x08006868       0x48 CMakeFiles/MCS-Unit.elf.dir/Middlewares/ST/STM32_USB_Device_Library/Class/CDC/Src/usbd_cdc.c.obj
 .text.USBD_CDC_GetHSCfgDesc
                0x080068b0       0x48 CMakeFiles/MCS-Unit.elf.dir/Middlewares/ST/STM32_USB_Device_Library/Class/CDC/Src/usbd_cdc.c.obj
 .text.USBD_CDC_DataOut
                0x080068f8       0x38 CMakeFiles/MCS-Unit.elf.dir/Middlewares/ST/STM32_USB_Device_Library/Class/CDC/Src/usbd_cdc.c.obj
 .text.USBD_CDC_DataIn
                0x08006930       0x7c CMakeFiles/MCS-Unit.elf.dir/Middlewares/ST/STM32_USB_Device_Library/Class/CDC/Src/usbd_cdc.c.obj
 .text.USBD_CDC_Setup
                0x080069ac      0x11a CMakeFiles/MCS-Unit.elf.dir/Middlewares/ST/STM32_USB_Device_Library/Class/CDC/Src/usbd_cdc.c.obj
 .text.USBD_CDC_DeInit
                0x08006ac6       0x64 CMakeFiles/MCS-Unit.elf.dir/Middlewares/ST/STM32_USB_Device_Library/Class/CDC/Src/usbd_cdc.c.obj
 .text.USBD_CDC_Init
                0x08006b2a       0xee CMakeFiles/MCS-Unit.elf.dir/Middlewares/ST/STM32_USB_Device_Library/Class/CDC/Src/usbd_cdc.c.obj
 .text.USBD_CDC_RegisterInterface
                0x08006c18       0x16 CMakeFiles/MCS-Unit.elf.dir/Middlewares/ST/STM32_USB_Device_Library/Class/CDC/Src/usbd_cdc.c.obj
                0x08006c18                USBD_CDC_RegisterInterface
 .text.USBD_CDC_SetTxBuffer
                0x08006c2e       0x1c CMakeFiles/MCS-Unit.elf.dir/Middlewares/ST/STM32_USB_Device_Library/Class/CDC/Src/usbd_cdc.c.obj
                0x08006c2e                USBD_CDC_SetTxBuffer
 .text.USBD_CDC_SetRxBuffer
                0x08006c4a       0x18 CMakeFiles/MCS-Unit.elf.dir/Middlewares/ST/STM32_USB_Device_Library/Class/CDC/Src/usbd_cdc.c.obj
                0x08006c4a                USBD_CDC_SetRxBuffer
 .text.USBD_CDC_TransmitPacket
                0x08006c62       0x36 CMakeFiles/MCS-Unit.elf.dir/Middlewares/ST/STM32_USB_Device_Library/Class/CDC/Src/usbd_cdc.c.obj
                0x08006c62                USBD_CDC_TransmitPacket
 .text.USBD_CDC_ReceivePacket
                0x08006c98       0x38 CMakeFiles/MCS-Unit.elf.dir/Middlewares/ST/STM32_USB_Device_Library/Class/CDC/Src/usbd_cdc.c.obj
                0x08006c98                USBD_CDC_ReceivePacket
 .text.USBD_Init
                0x08006cd0       0x2e CMakeFiles/MCS-Unit.elf.dir/Middlewares/ST/STM32_USB_Device_Library/Core/Src/usbd_core.c.obj
                0x08006cd0                USBD_Init
 .text.USBD_RegisterClass
                0x08006cfe       0x34 CMakeFiles/MCS-Unit.elf.dir/Middlewares/ST/STM32_USB_Device_Library/Core/Src/usbd_core.c.obj
                0x08006cfe                USBD_RegisterClass
 .text.USBD_Start
                0x08006d32        0x8 CMakeFiles/MCS-Unit.elf.dir/Middlewares/ST/STM32_USB_Device_Library/Core/Src/usbd_core.c.obj
                0x08006d32                USBD_Start
 .text.USBD_SetClassConfig
                0x08006d3a       0x12 CMakeFiles/MCS-Unit.elf.dir/Middlewares/ST/STM32_USB_Device_Library/Core/Src/usbd_core.c.obj
                0x08006d3a                USBD_SetClassConfig
 .text.USBD_ClrClassConfig
                0x08006d4c       0x12 CMakeFiles/MCS-Unit.elf.dir/Middlewares/ST/STM32_USB_Device_Library/Core/Src/usbd_core.c.obj
                0x08006d4c                USBD_ClrClassConfig
 .text.USBD_LL_SetupStage
                0x08006d5e       0x58 CMakeFiles/MCS-Unit.elf.dir/Middlewares/ST/STM32_USB_Device_Library/Core/Src/usbd_core.c.obj
                0x08006d5e                USBD_LL_SetupStage
 .text.USBD_LL_Reset
                0x08006db6       0x64 CMakeFiles/MCS-Unit.elf.dir/Middlewares/ST/STM32_USB_Device_Library/Core/Src/usbd_core.c.obj
                0x08006db6                USBD_LL_Reset
 .text.USBD_LL_SetSpeed
                0x08006e1a        0x6 CMakeFiles/MCS-Unit.elf.dir/Middlewares/ST/STM32_USB_Device_Library/Core/Src/usbd_core.c.obj
                0x08006e1a                USBD_LL_SetSpeed
 .text.USBD_LL_Suspend
                0x08006e20       0x14 CMakeFiles/MCS-Unit.elf.dir/Middlewares/ST/STM32_USB_Device_Library/Core/Src/usbd_core.c.obj
                0x08006e20                USBD_LL_Suspend
 .text.USBD_LL_Resume
                0x08006e34       0x1a CMakeFiles/MCS-Unit.elf.dir/Middlewares/ST/STM32_USB_Device_Library/Core/Src/usbd_core.c.obj
                0x08006e34                USBD_LL_Resume
 .text.USBD_LL_SOF
                0x08006e4e       0x22 CMakeFiles/MCS-Unit.elf.dir/Middlewares/ST/STM32_USB_Device_Library/Core/Src/usbd_core.c.obj
                0x08006e4e                USBD_LL_SOF
 .text.USBD_LL_IsoINIncomplete
                0x08006e70       0x2e CMakeFiles/MCS-Unit.elf.dir/Middlewares/ST/STM32_USB_Device_Library/Core/Src/usbd_core.c.obj
                0x08006e70                USBD_LL_IsoINIncomplete
 .text.USBD_LL_IsoOUTIncomplete
                0x08006e9e       0x2e CMakeFiles/MCS-Unit.elf.dir/Middlewares/ST/STM32_USB_Device_Library/Core/Src/usbd_core.c.obj
                0x08006e9e                USBD_LL_IsoOUTIncomplete
 .text.USBD_LL_DevConnected
                0x08006ecc        0x4 CMakeFiles/MCS-Unit.elf.dir/Middlewares/ST/STM32_USB_Device_Library/Core/Src/usbd_core.c.obj
                0x08006ecc                USBD_LL_DevConnected
 .text.USBD_LL_DevDisconnected
                0x08006ed0       0x20 CMakeFiles/MCS-Unit.elf.dir/Middlewares/ST/STM32_USB_Device_Library/Core/Src/usbd_core.c.obj
                0x08006ed0                USBD_LL_DevDisconnected
 .text.USBD_CoreFindIF
                0x08006ef0        0x4 CMakeFiles/MCS-Unit.elf.dir/Middlewares/ST/STM32_USB_Device_Library/Core/Src/usbd_core.c.obj
                0x08006ef0                USBD_CoreFindIF
 .text.USBD_CoreFindEP
                0x08006ef4        0x4 CMakeFiles/MCS-Unit.elf.dir/Middlewares/ST/STM32_USB_Device_Library/Core/Src/usbd_core.c.obj
                0x08006ef4                USBD_CoreFindEP
 .text.USBD_LL_DataOutStage
                0x08006ef8       0xc4 CMakeFiles/MCS-Unit.elf.dir/Middlewares/ST/STM32_USB_Device_Library/Core/Src/usbd_core.c.obj
                0x08006ef8                USBD_LL_DataOutStage
 .text.USBD_LL_DataInStage
                0x08006fbc       0xd6 CMakeFiles/MCS-Unit.elf.dir/Middlewares/ST/STM32_USB_Device_Library/Core/Src/usbd_core.c.obj
                0x08006fbc                USBD_LL_DataInStage
 .text.USBD_GetNextDesc
                0x08007092        0xe CMakeFiles/MCS-Unit.elf.dir/Middlewares/ST/STM32_USB_Device_Library/Core/Src/usbd_core.c.obj
                0x08007092                USBD_GetNextDesc
 .text.USBD_GetEpDesc
                0x080070a0       0x3e CMakeFiles/MCS-Unit.elf.dir/Middlewares/ST/STM32_USB_Device_Library/Core/Src/usbd_core.c.obj
                0x080070a0                USBD_GetEpDesc
 .text.USBD_GetLen
                0x080070de       0x14 CMakeFiles/MCS-Unit.elf.dir/Middlewares/ST/STM32_USB_Device_Library/Core/Src/usbd_ctlreq.c.obj
 .text.USBD_ParseSetupRequest
                0x080070f2       0x28 CMakeFiles/MCS-Unit.elf.dir/Middlewares/ST/STM32_USB_Device_Library/Core/Src/usbd_ctlreq.c.obj
                0x080070f2                USBD_ParseSetupRequest
 .text.USBD_CtlError
                0x0800711a       0x14 CMakeFiles/MCS-Unit.elf.dir/Middlewares/ST/STM32_USB_Device_Library/Core/Src/usbd_ctlreq.c.obj
                0x0800711a                USBD_CtlError
 .text.USBD_GetDescriptor
                0x0800712e      0x18a CMakeFiles/MCS-Unit.elf.dir/Middlewares/ST/STM32_USB_Device_Library/Core/Src/usbd_ctlreq.c.obj
 .text.USBD_SetAddress
                0x080072b8       0x50 CMakeFiles/MCS-Unit.elf.dir/Middlewares/ST/STM32_USB_Device_Library/Core/Src/usbd_ctlreq.c.obj
 .text.USBD_SetConfig
                0x08007308       0xcc CMakeFiles/MCS-Unit.elf.dir/Middlewares/ST/STM32_USB_Device_Library/Core/Src/usbd_ctlreq.c.obj
 .text.USBD_GetConfig
                0x080073d4       0x40 CMakeFiles/MCS-Unit.elf.dir/Middlewares/ST/STM32_USB_Device_Library/Core/Src/usbd_ctlreq.c.obj
 .text.USBD_GetStatus
                0x08007414       0x38 CMakeFiles/MCS-Unit.elf.dir/Middlewares/ST/STM32_USB_Device_Library/Core/Src/usbd_ctlreq.c.obj
 .text.USBD_SetFeature
                0x0800744c       0x2a CMakeFiles/MCS-Unit.elf.dir/Middlewares/ST/STM32_USB_Device_Library/Core/Src/usbd_ctlreq.c.obj
 .text.USBD_ClrFeature
                0x08007476       0x26 CMakeFiles/MCS-Unit.elf.dir/Middlewares/ST/STM32_USB_Device_Library/Core/Src/usbd_ctlreq.c.obj
 .text.USBD_StdDevReq
                0x0800749c       0x76 CMakeFiles/MCS-Unit.elf.dir/Middlewares/ST/STM32_USB_Device_Library/Core/Src/usbd_ctlreq.c.obj
                0x0800749c                USBD_StdDevReq
 .text.USBD_StdItfReq
                0x08007512       0x84 CMakeFiles/MCS-Unit.elf.dir/Middlewares/ST/STM32_USB_Device_Library/Core/Src/usbd_ctlreq.c.obj
                0x08007512                USBD_StdItfReq
 .text.USBD_StdEPReq
                0x08007596      0x230 CMakeFiles/MCS-Unit.elf.dir/Middlewares/ST/STM32_USB_Device_Library/Core/Src/usbd_ctlreq.c.obj
                0x08007596                USBD_StdEPReq
 .text.USBD_GetString
                0x080077c6       0x3a CMakeFiles/MCS-Unit.elf.dir/Middlewares/ST/STM32_USB_Device_Library/Core/Src/usbd_ctlreq.c.obj
                0x080077c6                USBD_GetString
 .text.USBD_CtlSendData
                0x08007800       0x1a CMakeFiles/MCS-Unit.elf.dir/Middlewares/ST/STM32_USB_Device_Library/Core/Src/usbd_ioreq.c.obj
                0x08007800                USBD_CtlSendData
 .text.USBD_CtlContinueSendData
                0x0800781a       0x10 CMakeFiles/MCS-Unit.elf.dir/Middlewares/ST/STM32_USB_Device_Library/Core/Src/usbd_ioreq.c.obj
                0x0800781a                USBD_CtlContinueSendData
 .text.USBD_CtlPrepareRx
                0x0800782a       0x1e CMakeFiles/MCS-Unit.elf.dir/Middlewares/ST/STM32_USB_Device_Library/Core/Src/usbd_ioreq.c.obj
                0x0800782a                USBD_CtlPrepareRx
 .text.USBD_CtlContinueRx
                0x08007848       0x10 CMakeFiles/MCS-Unit.elf.dir/Middlewares/ST/STM32_USB_Device_Library/Core/Src/usbd_ioreq.c.obj
                0x08007848                USBD_CtlContinueRx
 .text.USBD_CtlSendStatus
                0x08007858       0x16 CMakeFiles/MCS-Unit.elf.dir/Middlewares/ST/STM32_USB_Device_Library/Core/Src/usbd_ioreq.c.obj
                0x08007858                USBD_CtlSendStatus
 .text.USBD_CtlReceiveStatus
                0x0800786e       0x16 CMakeFiles/MCS-Unit.elf.dir/Middlewares/ST/STM32_USB_Device_Library/Core/Src/usbd_ioreq.c.obj
                0x0800786e                USBD_CtlReceiveStatus
 .text.MX_USB_DEVICE_Init
                0x08007884       0x54 CMakeFiles/MCS-Unit.elf.dir/USB_DEVICE/App/usb_device.c.obj
                0x08007884                MX_USB_DEVICE_Init
 .text.CDC_DeInit_FS
                0x080078d8        0x4 CMakeFiles/MCS-Unit.elf.dir/USB_DEVICE/App/usbd_cdc_if.c.obj
 .text.CDC_Control_FS
                0x080078dc        0x4 CMakeFiles/MCS-Unit.elf.dir/USB_DEVICE/App/usbd_cdc_if.c.obj
 .text.CDC_TransmitCplt_FS
                0x080078e0        0x4 CMakeFiles/MCS-Unit.elf.dir/USB_DEVICE/App/usbd_cdc_if.c.obj
 .text.CDC_Init_FS
                0x080078e4       0x28 CMakeFiles/MCS-Unit.elf.dir/USB_DEVICE/App/usbd_cdc_if.c.obj
 .text.CDC_Transmit_FS
                0x0800790c       0x2c CMakeFiles/MCS-Unit.elf.dir/USB_DEVICE/App/usbd_cdc_if.c.obj
                0x0800790c                CDC_Transmit_FS
 .text.CDC_Receive_FS
                0x08007938       0x28 CMakeFiles/MCS-Unit.elf.dir/USB_DEVICE/App/usbd_cdc_if.c.obj
 .text.usb_printf
                0x08007960       0x30 CMakeFiles/MCS-Unit.elf.dir/USB_DEVICE/App/usbd_cdc_if.c.obj
                0x08007960                usb_printf
 .text.USBD_FS_DeviceDescriptor
                0x08007990        0xc CMakeFiles/MCS-Unit.elf.dir/USB_DEVICE/App/usbd_desc.c.obj
                0x08007990                USBD_FS_DeviceDescriptor
 .text.USBD_FS_LangIDStrDescriptor
                0x0800799c        0xc CMakeFiles/MCS-Unit.elf.dir/USB_DEVICE/App/usbd_desc.c.obj
                0x0800799c                USBD_FS_LangIDStrDescriptor
 .text.IntToUnicode
                0x080079a8       0x46 CMakeFiles/MCS-Unit.elf.dir/USB_DEVICE/App/usbd_desc.c.obj
 *fill*         0x080079ee        0x2 
 .text.Get_SerialNum
                0x080079f0       0x38 CMakeFiles/MCS-Unit.elf.dir/USB_DEVICE/App/usbd_desc.c.obj
 .text.USBD_FS_SerialStrDescriptor
                0x08007a28       0x14 CMakeFiles/MCS-Unit.elf.dir/USB_DEVICE/App/usbd_desc.c.obj
                0x08007a28                USBD_FS_SerialStrDescriptor
 .text.USBD_FS_ProductStrDescriptor
                0x08007a3c       0x24 CMakeFiles/MCS-Unit.elf.dir/USB_DEVICE/App/usbd_desc.c.obj
                0x08007a3c                USBD_FS_ProductStrDescriptor
 .text.USBD_FS_ManufacturerStrDescriptor
                0x08007a60       0x1c CMakeFiles/MCS-Unit.elf.dir/USB_DEVICE/App/usbd_desc.c.obj
                0x08007a60                USBD_FS_ManufacturerStrDescriptor
 .text.USBD_FS_ConfigStrDescriptor
                0x08007a7c       0x24 CMakeFiles/MCS-Unit.elf.dir/USB_DEVICE/App/usbd_desc.c.obj
                0x08007a7c                USBD_FS_ConfigStrDescriptor
 .text.USBD_FS_InterfaceStrDescriptor
                0x08007aa0       0x24 CMakeFiles/MCS-Unit.elf.dir/USB_DEVICE/App/usbd_desc.c.obj
                0x08007aa0                USBD_FS_InterfaceStrDescriptor
 .text.HAL_PCD_MspInit
                0x08007ac4       0x84 CMakeFiles/MCS-Unit.elf.dir/USB_DEVICE/Target/usbd_conf.c.obj
                0x08007ac4                HAL_PCD_MspInit
 .text.HAL_PCD_SetupStageCallback
                0x08007b48       0x10 CMakeFiles/MCS-Unit.elf.dir/USB_DEVICE/Target/usbd_conf.c.obj
                0x08007b48                HAL_PCD_SetupStageCallback
 .text.HAL_PCD_DataOutStageCallback
                0x08007b58       0x18 CMakeFiles/MCS-Unit.elf.dir/USB_DEVICE/Target/usbd_conf.c.obj
                0x08007b58                HAL_PCD_DataOutStageCallback
 .text.HAL_PCD_DataInStageCallback
                0x08007b70       0x16 CMakeFiles/MCS-Unit.elf.dir/USB_DEVICE/Target/usbd_conf.c.obj
                0x08007b70                HAL_PCD_DataInStageCallback
 .text.HAL_PCD_SOFCallback
                0x08007b86        0xc CMakeFiles/MCS-Unit.elf.dir/USB_DEVICE/Target/usbd_conf.c.obj
                0x08007b86                HAL_PCD_SOFCallback
 .text.HAL_PCD_ResetCallback
                0x08007b92       0x24 CMakeFiles/MCS-Unit.elf.dir/USB_DEVICE/Target/usbd_conf.c.obj
                0x08007b92                HAL_PCD_ResetCallback
 *fill*         0x08007bb6        0x2 
 .text.HAL_PCD_SuspendCallback
                0x08007bb8       0x30 CMakeFiles/MCS-Unit.elf.dir/USB_DEVICE/Target/usbd_conf.c.obj
                0x08007bb8                HAL_PCD_SuspendCallback
 .text.HAL_PCD_ResumeCallback
                0x08007be8        0xc CMakeFiles/MCS-Unit.elf.dir/USB_DEVICE/Target/usbd_conf.c.obj
                0x08007be8                HAL_PCD_ResumeCallback
 .text.HAL_PCD_ISOOUTIncompleteCallback
                0x08007bf4        0xc CMakeFiles/MCS-Unit.elf.dir/USB_DEVICE/Target/usbd_conf.c.obj
                0x08007bf4                HAL_PCD_ISOOUTIncompleteCallback
 .text.HAL_PCD_ISOINIncompleteCallback
                0x08007c00        0xc CMakeFiles/MCS-Unit.elf.dir/USB_DEVICE/Target/usbd_conf.c.obj
                0x08007c00                HAL_PCD_ISOINIncompleteCallback
 .text.HAL_PCD_ConnectCallback
                0x08007c0c        0xc CMakeFiles/MCS-Unit.elf.dir/USB_DEVICE/Target/usbd_conf.c.obj
                0x08007c0c                HAL_PCD_ConnectCallback
 .text.HAL_PCD_DisconnectCallback
                0x08007c18        0xc CMakeFiles/MCS-Unit.elf.dir/USB_DEVICE/Target/usbd_conf.c.obj
                0x08007c18                HAL_PCD_DisconnectCallback
 .text.USBD_LL_Init
                0x08007c24       0x68 CMakeFiles/MCS-Unit.elf.dir/USB_DEVICE/Target/usbd_conf.c.obj
                0x08007c24                USBD_LL_Init
 .text.USBD_LL_IsStallEP
                0x08007c8c       0x2e CMakeFiles/MCS-Unit.elf.dir/USB_DEVICE/Target/usbd_conf.c.obj
                0x08007c8c                USBD_LL_IsStallEP
 .text.USBD_LL_GetRxDataSize
                0x08007cba        0xc CMakeFiles/MCS-Unit.elf.dir/USB_DEVICE/Target/usbd_conf.c.obj
                0x08007cba                USBD_LL_GetRxDataSize
 *fill*         0x08007cc6        0x2 
 .text.USBD_static_malloc
                0x08007cc8        0x8 CMakeFiles/MCS-Unit.elf.dir/USB_DEVICE/Target/usbd_conf.c.obj
                0x08007cc8                USBD_static_malloc
 .text.USBD_static_free
                0x08007cd0        0x2 CMakeFiles/MCS-Unit.elf.dir/USB_DEVICE/Target/usbd_conf.c.obj
                0x08007cd0                USBD_static_free
 .text.USBD_Get_USB_Status
                0x08007cd2       0x14 CMakeFiles/MCS-Unit.elf.dir/USB_DEVICE/Target/usbd_conf.c.obj
                0x08007cd2                USBD_Get_USB_Status
 .text.USBD_LL_Start
                0x08007ce6       0x10 CMakeFiles/MCS-Unit.elf.dir/USB_DEVICE/Target/usbd_conf.c.obj
                0x08007ce6                USBD_LL_Start
 .text.USBD_LL_OpenEP
                0x08007cf6       0x16 CMakeFiles/MCS-Unit.elf.dir/USB_DEVICE/Target/usbd_conf.c.obj
                0x08007cf6                USBD_LL_OpenEP
 .text.USBD_LL_CloseEP
                0x08007d0c       0x10 CMakeFiles/MCS-Unit.elf.dir/USB_DEVICE/Target/usbd_conf.c.obj
                0x08007d0c                USBD_LL_CloseEP
 .text.USBD_LL_StallEP
                0x08007d1c       0x10 CMakeFiles/MCS-Unit.elf.dir/USB_DEVICE/Target/usbd_conf.c.obj
                0x08007d1c                USBD_LL_StallEP
 .text.USBD_LL_ClearStallEP
                0x08007d2c       0x10 CMakeFiles/MCS-Unit.elf.dir/USB_DEVICE/Target/usbd_conf.c.obj
                0x08007d2c                USBD_LL_ClearStallEP
 .text.USBD_LL_SetUSBAddress
                0x08007d3c       0x10 CMakeFiles/MCS-Unit.elf.dir/USB_DEVICE/Target/usbd_conf.c.obj
                0x08007d3c                USBD_LL_SetUSBAddress
 .text.USBD_LL_Transmit
                0x08007d4c       0x10 CMakeFiles/MCS-Unit.elf.dir/USB_DEVICE/Target/usbd_conf.c.obj
                0x08007d4c                USBD_LL_Transmit
 .text.USBD_LL_PrepareReceive
                0x08007d5c       0x10 CMakeFiles/MCS-Unit.elf.dir/USB_DEVICE/Target/usbd_conf.c.obj
                0x08007d5c                USBD_LL_PrepareReceive
 .text._ZNK10__cxxabiv117__class_type_info11__do_upcastEPKS0_PPv
                0x08007d6c       0x34 C:/PROGRA~2/ARMGNU~1/13C7F1~1.2RE/bin/../lib/gcc/arm-none-eabi/13.2.1/thumb/v7e-m/nofp\libstdc++.a(class_type_info.o)
                0x08007d6c                __cxxabiv1::__class_type_info::__do_upcast(__cxxabiv1::__class_type_info const*, void**) const
 .text._ZNK10__cxxabiv117__class_type_info20__do_find_public_srcEiPKvPKS0_S2_
                0x08007da0        0xc C:/PROGRA~2/ARMGNU~1/13C7F1~1.2RE/bin/../lib/gcc/arm-none-eabi/13.2.1/thumb/v7e-m/nofp\libstdc++.a(class_type_info.o)
                0x08007da0                __cxxabiv1::__class_type_info::__do_find_public_src(int, void const*, __cxxabiv1::__class_type_info const*, void const*) const
 .text._ZN10__cxxabiv117__class_type_infoD2Ev
                0x08007dac       0x14 C:/PROGRA~2/ARMGNU~1/13C7F1~1.2RE/bin/../lib/gcc/arm-none-eabi/13.2.1/thumb/v7e-m/nofp\libstdc++.a(class_type_info.o)
                0x08007dac                __cxxabiv1::__class_type_info::~__class_type_info()
                0x08007dac                __cxxabiv1::__class_type_info::~__class_type_info()
 .text._ZN10__cxxabiv117__class_type_infoD0Ev
                0x08007dc0       0x1c C:/PROGRA~2/ARMGNU~1/13C7F1~1.2RE/bin/../lib/gcc/arm-none-eabi/13.2.1/thumb/v7e-m/nofp\libstdc++.a(class_type_info.o)
                0x08007dc0                __cxxabiv1::__class_type_info::~__class_type_info()
 .text._ZNK10__cxxabiv117__class_type_info12__do_dyncastEiNS0_10__sub_kindEPKS0_PKvS3_S5_RNS0_16__dyncast_resultE
                0x08007ddc       0x44 C:/PROGRA~2/ARMGNU~1/13C7F1~1.2RE/bin/../lib/gcc/arm-none-eabi/13.2.1/thumb/v7e-m/nofp\libstdc++.a(class_type_info.o)
                0x08007ddc                __cxxabiv1::__class_type_info::__do_dyncast(int, __cxxabiv1::__class_type_info::__sub_kind, __cxxabiv1::__class_type_info const*, void const*, __cxxabiv1::__class_type_info const*, void const*, __cxxabiv1::__class_type_info::__dyncast_result&) const
 .text._ZNK10__cxxabiv117__class_type_info11__do_upcastEPKS0_PKvRNS0_15__upcast_resultE
                0x08007e20       0x1c C:/PROGRA~2/ARMGNU~1/13C7F1~1.2RE/bin/../lib/gcc/arm-none-eabi/13.2.1/thumb/v7e-m/nofp\libstdc++.a(class_type_info.o)
                0x08007e20                __cxxabiv1::__class_type_info::__do_upcast(__cxxabiv1::__class_type_info const*, void const*, __cxxabiv1::__class_type_info::__upcast_result&) const
 .text._ZNK10__cxxabiv117__class_type_info10__do_catchEPKSt9type_infoPPvj
                0x08007e3c       0x2c C:/PROGRA~2/ARMGNU~1/13C7F1~1.2RE/bin/../lib/gcc/arm-none-eabi/13.2.1/thumb/v7e-m/nofp\libstdc++.a(class_type_info.o)
                0x08007e3c                __cxxabiv1::__class_type_info::__do_catch(std::type_info const*, void**, unsigned int) const
 .text._ZdlPvj  0x08007e68        0x4 C:/PROGRA~2/ARMGNU~1/13C7F1~1.2RE/bin/../lib/gcc/arm-none-eabi/13.2.1/thumb/v7e-m/nofp\libstdc++.a(del_ops.o)
                0x08007e68                operator delete(void*, unsigned int)
 .text._ZN10__cxxabiv120__si_class_type_infoD2Ev
                0x08007e6c       0x14 C:/PROGRA~2/ARMGNU~1/13C7F1~1.2RE/bin/../lib/gcc/arm-none-eabi/13.2.1/thumb/v7e-m/nofp\libstdc++.a(si_class_type_info.o)
                0x08007e6c                __cxxabiv1::__si_class_type_info::~__si_class_type_info()
                0x08007e6c                __cxxabiv1::__si_class_type_info::~__si_class_type_info()
 .text._ZN10__cxxabiv120__si_class_type_infoD0Ev
                0x08007e80       0x1c C:/PROGRA~2/ARMGNU~1/13C7F1~1.2RE/bin/../lib/gcc/arm-none-eabi/13.2.1/thumb/v7e-m/nofp\libstdc++.a(si_class_type_info.o)
                0x08007e80                __cxxabiv1::__si_class_type_info::~__si_class_type_info()
 .text._ZNK10__cxxabiv120__si_class_type_info20__do_find_public_srcEiPKvPKNS_17__class_type_infoES2_
                0x08007e9c       0x3c C:/PROGRA~2/ARMGNU~1/13C7F1~1.2RE/bin/../lib/gcc/arm-none-eabi/13.2.1/thumb/v7e-m/nofp\libstdc++.a(si_class_type_info.o)
                0x08007e9c                __cxxabiv1::__si_class_type_info::__do_find_public_src(int, void const*, __cxxabiv1::__class_type_info const*, void const*) const
 .text._ZNK10__cxxabiv120__si_class_type_info12__do_dyncastEiNS_17__class_type_info10__sub_kindEPKS1_PKvS4_S6_RNS1_16__dyncast_resultE
                0x08007ed8       0x84 C:/PROGRA~2/ARMGNU~1/13C7F1~1.2RE/bin/../lib/gcc/arm-none-eabi/13.2.1/thumb/v7e-m/nofp\libstdc++.a(si_class_type_info.o)
                0x08007ed8                __cxxabiv1::__si_class_type_info::__do_dyncast(int, __cxxabiv1::__class_type_info::__sub_kind, __cxxabiv1::__class_type_info const*, void const*, __cxxabiv1::__class_type_info const*, void const*, __cxxabiv1::__class_type_info::__dyncast_result&) const
 .text._ZNK10__cxxabiv120__si_class_type_info11__do_upcastEPKNS_17__class_type_infoEPKvRNS1_15__upcast_resultE
                0x08007f5c       0x2c C:/PROGRA~2/ARMGNU~1/13C7F1~1.2RE/bin/../lib/gcc/arm-none-eabi/13.2.1/thumb/v7e-m/nofp\libstdc++.a(si_class_type_info.o)
                0x08007f5c                __cxxabiv1::__si_class_type_info::__do_upcast(__cxxabiv1::__class_type_info const*, void const*, __cxxabiv1::__class_type_info::__upcast_result&) const
 .text._ZNSt9type_infoD2Ev
                0x08007f88        0x4 C:/PROGRA~2/ARMGNU~1/13C7F1~1.2RE/bin/../lib/gcc/arm-none-eabi/13.2.1/thumb/v7e-m/nofp\libstdc++.a(tinfo.o)
                0x08007f88                std::type_info::~type_info()
                0x08007f88                std::type_info::~type_info()
 .text._ZNKSt9type_info14__is_pointer_pEv
                0x08007f8c        0x4 C:/PROGRA~2/ARMGNU~1/13C7F1~1.2RE/bin/../lib/gcc/arm-none-eabi/13.2.1/thumb/v7e-m/nofp\libstdc++.a(tinfo.o)
                0x08007f8c                std::type_info::__is_pointer_p() const
                0x08007f8c                std::type_info::__is_function_p() const
 .text._ZNKSt9type_infoeqERKS_
                0x08007f90       0x2c C:/PROGRA~2/ARMGNU~1/13C7F1~1.2RE/bin/../lib/gcc/arm-none-eabi/13.2.1/thumb/v7e-m/nofp\libstdc++.a(tinfo.o)
                0x08007f90                std::type_info::operator==(std::type_info const&) const
                0x08007f90                std::type_info::__equal(std::type_info const&) const
 .text._ZdlPv   0x08007fbc        0x4 C:/PROGRA~2/ARMGNU~1/13C7F1~1.2RE/bin/../lib/gcc/arm-none-eabi/13.2.1/thumb/v7e-m/nofp\libstdc++.a(del_op.o)
                0x08007fbc                operator delete(void*)
 .text.__udivmoddi4
                0x08007fc0      0x2bc C:/PROGRA~2/ARMGNU~1/13C7F1~1.2RE/bin/../lib/gcc/arm-none-eabi/13.2.1/thumb/v7e-m/nofp\libgcc.a(_udivmoddi4.o)
                0x08007fc0                __udivmoddi4
 .text.selfrel_offset31
                0x0800827c       0x14 C:/PROGRA~2/ARMGNU~1/13C7F1~1.2RE/bin/../lib/gcc/arm-none-eabi/13.2.1/thumb/v7e-m/nofp\libgcc.a(unwind-arm.o)
 .text.search_EIT_table
                0x08008290       0x68 C:/PROGRA~2/ARMGNU~1/13C7F1~1.2RE/bin/../lib/gcc/arm-none-eabi/13.2.1/thumb/v7e-m/nofp\libgcc.a(unwind-arm.o)
 .text.__gnu_unwind_get_pr_addr
                0x080082f8       0x28 C:/PROGRA~2/ARMGNU~1/13C7F1~1.2RE/bin/../lib/gcc/arm-none-eabi/13.2.1/thumb/v7e-m/nofp\libgcc.a(unwind-arm.o)
 .text.get_eit_entry
                0x08008320       0x98 C:/PROGRA~2/ARMGNU~1/13C7F1~1.2RE/bin/../lib/gcc/arm-none-eabi/13.2.1/thumb/v7e-m/nofp\libgcc.a(unwind-arm.o)
 .text.restore_non_core_regs
                0x080083b8       0x58 C:/PROGRA~2/ARMGNU~1/13C7F1~1.2RE/bin/../lib/gcc/arm-none-eabi/13.2.1/thumb/v7e-m/nofp\libgcc.a(unwind-arm.o)
 .text._Unwind_decode_typeinfo_ptr.constprop.0
                0x08008410        0xc C:/PROGRA~2/ARMGNU~1/13C7F1~1.2RE/bin/../lib/gcc/arm-none-eabi/13.2.1/thumb/v7e-m/nofp\libgcc.a(unwind-arm.o)
 .text._Unwind_DebugHook
                0x0800841c        0x4 C:/PROGRA~2/ARMGNU~1/13C7F1~1.2RE/bin/../lib/gcc/arm-none-eabi/13.2.1/thumb/v7e-m/nofp\libgcc.a(unwind-arm.o)
 .text.unwind_phase2
                0x08008420       0x3c C:/PROGRA~2/ARMGNU~1/13C7F1~1.2RE/bin/../lib/gcc/arm-none-eabi/13.2.1/thumb/v7e-m/nofp\libgcc.a(unwind-arm.o)
 .text.unwind_phase2_forced
                0x0800845c       0xd8 C:/PROGRA~2/ARMGNU~1/13C7F1~1.2RE/bin/../lib/gcc/arm-none-eabi/13.2.1/thumb/v7e-m/nofp\libgcc.a(unwind-arm.o)
 .text.__gnu_Unwind_RaiseException
                0x08008534       0x68 C:/PROGRA~2/ARMGNU~1/13C7F1~1.2RE/bin/../lib/gcc/arm-none-eabi/13.2.1/thumb/v7e-m/nofp\libgcc.a(unwind-arm.o)
                0x08008534                __gnu_Unwind_RaiseException
 .text.__gnu_Unwind_ForcedUnwind
                0x0800859c       0x10 C:/PROGRA~2/ARMGNU~1/13C7F1~1.2RE/bin/../lib/gcc/arm-none-eabi/13.2.1/thumb/v7e-m/nofp\libgcc.a(unwind-arm.o)
                0x0800859c                __gnu_Unwind_ForcedUnwind
 .text.__gnu_Unwind_Resume
                0x080085ac       0x44 C:/PROGRA~2/ARMGNU~1/13C7F1~1.2RE/bin/../lib/gcc/arm-none-eabi/13.2.1/thumb/v7e-m/nofp\libgcc.a(unwind-arm.o)
                0x080085ac                __gnu_Unwind_Resume
 .text.__gnu_Unwind_Resume_or_Rethrow
                0x080085f0       0x14 C:/PROGRA~2/ARMGNU~1/13C7F1~1.2RE/bin/../lib/gcc/arm-none-eabi/13.2.1/thumb/v7e-m/nofp\libgcc.a(unwind-arm.o)
                0x080085f0                __gnu_Unwind_Resume_or_Rethrow
 .text._Unwind_VRS_Get
                0x08008604       0x34 C:/PROGRA~2/ARMGNU~1/13C7F1~1.2RE/bin/../lib/gcc/arm-none-eabi/13.2.1/thumb/v7e-m/nofp\libgcc.a(unwind-arm.o)
                0x08008604                _Unwind_VRS_Get
 .text._Unwind_GetGR
                0x08008638       0x1c C:/PROGRA~2/ARMGNU~1/13C7F1~1.2RE/bin/../lib/gcc/arm-none-eabi/13.2.1/thumb/v7e-m/nofp\libgcc.a(unwind-arm.o)
 .text._Unwind_VRS_Set
                0x08008654       0x34 C:/PROGRA~2/ARMGNU~1/13C7F1~1.2RE/bin/../lib/gcc/arm-none-eabi/13.2.1/thumb/v7e-m/nofp\libgcc.a(unwind-arm.o)
                0x08008654                _Unwind_VRS_Set
 .text._Unwind_SetGR
                0x08008688       0x18 C:/PROGRA~2/ARMGNU~1/13C7F1~1.2RE/bin/../lib/gcc/arm-none-eabi/13.2.1/thumb/v7e-m/nofp\libgcc.a(unwind-arm.o)
 .text.__gnu_Unwind_Backtrace
                0x080086a0       0x84 C:/PROGRA~2/ARMGNU~1/13C7F1~1.2RE/bin/../lib/gcc/arm-none-eabi/13.2.1/thumb/v7e-m/nofp\libgcc.a(unwind-arm.o)
                0x080086a0                __gnu_Unwind_Backtrace
 .text.__gnu_unwind_pr_common
                0x08008724      0x2a4 C:/PROGRA~2/ARMGNU~1/13C7F1~1.2RE/bin/../lib/gcc/arm-none-eabi/13.2.1/thumb/v7e-m/nofp\libgcc.a(unwind-arm.o)
 .text.__aeabi_unwind_cpp_pr0
                0x080089c8        0x8 C:/PROGRA~2/ARMGNU~1/13C7F1~1.2RE/bin/../lib/gcc/arm-none-eabi/13.2.1/thumb/v7e-m/nofp\libgcc.a(unwind-arm.o)
                0x080089c8                __aeabi_unwind_cpp_pr0
 .text.__aeabi_unwind_cpp_pr1
                0x080089d0        0x8 C:/PROGRA~2/ARMGNU~1/13C7F1~1.2RE/bin/../lib/gcc/arm-none-eabi/13.2.1/thumb/v7e-m/nofp\libgcc.a(unwind-arm.o)
                0x080089d0                __aeabi_unwind_cpp_pr1
 .text.__aeabi_unwind_cpp_pr2
                0x080089d8        0x8 C:/PROGRA~2/ARMGNU~1/13C7F1~1.2RE/bin/../lib/gcc/arm-none-eabi/13.2.1/thumb/v7e-m/nofp\libgcc.a(unwind-arm.o)
                0x080089d8                __aeabi_unwind_cpp_pr2
 .text._Unwind_VRS_Pop
                0x080089e0      0x2f0 C:/PROGRA~2/ARMGNU~1/13C7F1~1.2RE/bin/../lib/gcc/arm-none-eabi/13.2.1/thumb/v7e-m/nofp\libgcc.a(unwind-arm.o)
                0x080089e0                _Unwind_VRS_Pop
 .text.next_unwind_byte
                0x08008cd0       0x38 C:/PROGRA~2/ARMGNU~1/13C7F1~1.2RE/bin/../lib/gcc/arm-none-eabi/13.2.1/thumb/v7e-m/nofp\libgcc.a(pr-support.o)
 .text.__gnu_unwind_execute
                0x08008d08      0x2fc C:/PROGRA~2/ARMGNU~1/13C7F1~1.2RE/bin/../lib/gcc/arm-none-eabi/13.2.1/thumb/v7e-m/nofp\libgcc.a(pr-support.o)
                0x08008d08                __gnu_unwind_execute
 .text.abort    0x08009004       0x10 C:/PROGRA~2/ARMGNU~1/13C7F1~1.2RE/bin/../lib/gcc/arm-none-eabi/13.2.1/thumb/v7e-m/nofp\libg.a(libc_a-abort.o)
                0x08009004                abort
 .text.free     0x08009014       0x10 C:/PROGRA~2/ARMGNU~1/13C7F1~1.2RE/bin/../lib/gcc/arm-none-eabi/13.2.1/thumb/v7e-m/nofp\libg.a(libc_a-malloc.o)
                0x08009014                free
 .text._malloc_r
                0x08009024      0x564 C:/PROGRA~2/ARMGNU~1/13C7F1~1.2RE/bin/../lib/gcc/arm-none-eabi/13.2.1/thumb/v7e-m/nofp\libg.a(libc_a-mallocr.o)
                0x08009024                _malloc_r
 .text.__malloc_lock
                0x08009588        0xc C:/PROGRA~2/ARMGNU~1/13C7F1~1.2RE/bin/../lib/gcc/arm-none-eabi/13.2.1/thumb/v7e-m/nofp\libg.a(libc_a-mlock.o)
                0x08009588                __malloc_lock
 .text.__malloc_unlock
                0x08009594        0xc C:/PROGRA~2/ARMGNU~1/13C7F1~1.2RE/bin/../lib/gcc/arm-none-eabi/13.2.1/thumb/v7e-m/nofp\libg.a(libc_a-mlock.o)
                0x08009594                __malloc_unlock
 .text.stdio_exit_handler
                0x080095a0       0x18 C:/PROGRA~2/ARMGNU~1/13C7F1~1.2RE/bin/../lib/gcc/arm-none-eabi/13.2.1/thumb/v7e-m/nofp\libg.a(libc_a-findfp.o)
 .text.cleanup_stdio
                0x080095b8       0x40 C:/PROGRA~2/ARMGNU~1/13C7F1~1.2RE/bin/../lib/gcc/arm-none-eabi/13.2.1/thumb/v7e-m/nofp\libg.a(libc_a-findfp.o)
 .text.global_stdio_init.part.0
                0x080095f8       0xf0 C:/PROGRA~2/ARMGNU~1/13C7F1~1.2RE/bin/../lib/gcc/arm-none-eabi/13.2.1/thumb/v7e-m/nofp\libg.a(libc_a-findfp.o)
 .text.__sinit  0x080096e8       0x3c C:/PROGRA~2/ARMGNU~1/13C7F1~1.2RE/bin/../lib/gcc/arm-none-eabi/13.2.1/thumb/v7e-m/nofp\libg.a(libc_a-findfp.o)
                0x080096e8                __sinit
 .text.__sfp_lock_acquire
                0x08009724        0xc C:/PROGRA~2/ARMGNU~1/13C7F1~1.2RE/bin/../lib/gcc/arm-none-eabi/13.2.1/thumb/v7e-m/nofp\libg.a(libc_a-findfp.o)
                0x08009724                __sfp_lock_acquire
 .text.__sfp_lock_release
                0x08009730        0xc C:/PROGRA~2/ARMGNU~1/13C7F1~1.2RE/bin/../lib/gcc/arm-none-eabi/13.2.1/thumb/v7e-m/nofp\libg.a(libc_a-findfp.o)
                0x08009730                __sfp_lock_release
 .text._fwalk_sglue
                0x0800973c       0x44 C:/PROGRA~2/ARMGNU~1/13C7F1~1.2RE/bin/../lib/gcc/arm-none-eabi/13.2.1/thumb/v7e-m/nofp\libg.a(libc_a-fwalk.o)
                0x0800973c                _fwalk_sglue
 .text.__sread  0x08009780       0x24 C:/PROGRA~2/ARMGNU~1/13C7F1~1.2RE/bin/../lib/gcc/arm-none-eabi/13.2.1/thumb/v7e-m/nofp\libg.a(libc_a-stdio.o)
                0x08009780                __sread
 .text.__swrite
                0x080097a4       0x40 C:/PROGRA~2/ARMGNU~1/13C7F1~1.2RE/bin/../lib/gcc/arm-none-eabi/13.2.1/thumb/v7e-m/nofp\libg.a(libc_a-stdio.o)
                0x080097a4                __swrite
 .text.__sseek  0x080097e4       0x24 C:/PROGRA~2/ARMGNU~1/13C7F1~1.2RE/bin/../lib/gcc/arm-none-eabi/13.2.1/thumb/v7e-m/nofp\libg.a(libc_a-stdio.o)
                0x080097e4                __sseek
 .text.__sclose
                0x08009808        0x8 C:/PROGRA~2/ARMGNU~1/13C7F1~1.2RE/bin/../lib/gcc/arm-none-eabi/13.2.1/thumb/v7e-m/nofp\libg.a(libc_a-stdio.o)
                0x08009808                __sclose
 .text.vsnprintf
                0x08009810       0x70 C:/PROGRA~2/ARMGNU~1/13C7F1~1.2RE/bin/../lib/gcc/arm-none-eabi/13.2.1/thumb/v7e-m/nofp\libg.a(libc_a-vsnprintf.o)
                0x08009810                vsnprintf
 .text.memset   0x08009880       0xa4 C:/PROGRA~2/ARMGNU~1/13C7F1~1.2RE/bin/../lib/gcc/arm-none-eabi/13.2.1/thumb/v7e-m/nofp\libg.a(libc_a-memset.o)
                0x08009880                memset
 .text.raise    0x08009924       0x58 C:/PROGRA~2/ARMGNU~1/13C7F1~1.2RE/bin/../lib/gcc/arm-none-eabi/13.2.1/thumb/v7e-m/nofp\libg.a(libc_a-signal.o)
                0x08009924                raise
 .text._close_r
                0x0800997c       0x24 C:/PROGRA~2/ARMGNU~1/13C7F1~1.2RE/bin/../lib/gcc/arm-none-eabi/13.2.1/thumb/v7e-m/nofp\libg.a(libc_a-closer.o)
                0x0800997c                _close_r
 .text._lseek_r
                0x080099a0       0x2c C:/PROGRA~2/ARMGNU~1/13C7F1~1.2RE/bin/../lib/gcc/arm-none-eabi/13.2.1/thumb/v7e-m/nofp\libg.a(libc_a-lseekr.o)
                0x080099a0                _lseek_r
 .text._read_r  0x080099cc       0x2c C:/PROGRA~2/ARMGNU~1/13C7F1~1.2RE/bin/../lib/gcc/arm-none-eabi/13.2.1/thumb/v7e-m/nofp\libg.a(libc_a-readr.o)
                0x080099cc                _read_r
 .text._kill_r  0x080099f8       0x2c C:/PROGRA~2/ARMGNU~1/13C7F1~1.2RE/bin/../lib/gcc/arm-none-eabi/13.2.1/thumb/v7e-m/nofp\libg.a(libc_a-signalr.o)
                0x080099f8                _kill_r
 .text._getpid_r
                0x08009a24        0x4 C:/PROGRA~2/ARMGNU~1/13C7F1~1.2RE/bin/../lib/gcc/arm-none-eabi/13.2.1/thumb/v7e-m/nofp\libg.a(libc_a-signalr.o)
                0x08009a24                _getpid_r
 .text._sbrk_r  0x08009a28       0x24 C:/PROGRA~2/ARMGNU~1/13C7F1~1.2RE/bin/../lib/gcc/arm-none-eabi/13.2.1/thumb/v7e-m/nofp\libg.a(libc_a-sbrkr.o)
                0x08009a28                _sbrk_r
 .text._write_r
                0x08009a4c       0x2c C:/PROGRA~2/ARMGNU~1/13C7F1~1.2RE/bin/../lib/gcc/arm-none-eabi/13.2.1/thumb/v7e-m/nofp\libg.a(libc_a-writer.o)
                0x08009a4c                _write_r
 .text.__errno  0x08009a78        0xc C:/PROGRA~2/ARMGNU~1/13C7F1~1.2RE/bin/../lib/gcc/arm-none-eabi/13.2.1/thumb/v7e-m/nofp\libg.a(libc_a-errno.o)
                0x08009a78                __errno
 .text.__libc_init_array
                0x08009a84       0x50 C:/PROGRA~2/ARMGNU~1/13C7F1~1.2RE/bin/../lib/gcc/arm-none-eabi/13.2.1/thumb/v7e-m/nofp\libg.a(libc_a-init.o)
                0x08009a84                __libc_init_array
 .text.__retarget_lock_init_recursive
                0x08009ad4        0x4 C:/PROGRA~2/ARMGNU~1/13C7F1~1.2RE/bin/../lib/gcc/arm-none-eabi/13.2.1/thumb/v7e-m/nofp\libg.a(libc_a-lock.o)
                0x08009ad4                __retarget_lock_init_recursive
 .text.__retarget_lock_close_recursive
                0x08009ad8        0x4 C:/PROGRA~2/ARMGNU~1/13C7F1~1.2RE/bin/../lib/gcc/arm-none-eabi/13.2.1/thumb/v7e-m/nofp\libg.a(libc_a-lock.o)
                0x08009ad8                __retarget_lock_close_recursive
 .text.__retarget_lock_acquire_recursive
                0x08009adc        0x4 C:/PROGRA~2/ARMGNU~1/13C7F1~1.2RE/bin/../lib/gcc/arm-none-eabi/13.2.1/thumb/v7e-m/nofp\libg.a(libc_a-lock.o)
                0x08009adc                __retarget_lock_acquire_recursive
 .text.__retarget_lock_release_recursive
                0x08009ae0        0x4 C:/PROGRA~2/ARMGNU~1/13C7F1~1.2RE/bin/../lib/gcc/arm-none-eabi/13.2.1/thumb/v7e-m/nofp\libg.a(libc_a-lock.o)
                0x08009ae0                __retarget_lock_release_recursive
 .text.sysconf  0x08009ae4       0x1c C:/PROGRA~2/ARMGNU~1/13C7F1~1.2RE/bin/../lib/gcc/arm-none-eabi/13.2.1/thumb/v7e-m/nofp\libg.a(libc_a-sysconf.o)
                0x08009ae4                sysconf
 .text.startup.register_fini
                0x08009b00       0x14 C:/PROGRA~2/ARMGNU~1/13C7F1~1.2RE/bin/../lib/gcc/arm-none-eabi/13.2.1/thumb/v7e-m/nofp\libg.a(libc_a-__call_atexit.o)
 .text.atexit   0x08009b14        0xc C:/PROGRA~2/ARMGNU~1/13C7F1~1.2RE/bin/../lib/gcc/arm-none-eabi/13.2.1/thumb/v7e-m/nofp\libg.a(libc_a-atexit.o)
                0x08009b14                atexit
 .text._malloc_trim_r
                0x08009b20       0xb8 C:/PROGRA~2/ARMGNU~1/13C7F1~1.2RE/bin/../lib/gcc/arm-none-eabi/13.2.1/thumb/v7e-m/nofp\libg.a(libc_a-freer.o)
                0x08009b20                _malloc_trim_r
 .text._free_r  0x08009bd8      0x1f8 C:/PROGRA~2/ARMGNU~1/13C7F1~1.2RE/bin/../lib/gcc/arm-none-eabi/13.2.1/thumb/v7e-m/nofp\libg.a(libc_a-freer.o)
                0x08009bd8                _free_r
 .text._svfprintf_r
                0x08009dd0     0x1b6c C:/PROGRA~2/ARMGNU~1/13C7F1~1.2RE/bin/../lib/gcc/arm-none-eabi/13.2.1/thumb/v7e-m/nofp\libg.a(libc_a-svfprintf.o)
                0x08009dd0                _svfprintf_r
 .text._fclose_r
                0x0800b93c       0xc0 C:/PROGRA~2/ARMGNU~1/13C7F1~1.2RE/bin/../lib/gcc/arm-none-eabi/13.2.1/thumb/v7e-m/nofp\libg.a(libc_a-fclose.o)
                0x0800b93c                _fclose_r
 .text.__sflush_r
                0x0800b9fc      0x128 C:/PROGRA~2/ARMGNU~1/13C7F1~1.2RE/bin/../lib/gcc/arm-none-eabi/13.2.1/thumb/v7e-m/nofp\libg.a(libc_a-fflush.o)
                0x0800b9fc                __sflush_r
 .text._fflush_r
                0x0800bb24       0x54 C:/PROGRA~2/ARMGNU~1/13C7F1~1.2RE/bin/../lib/gcc/arm-none-eabi/13.2.1/thumb/v7e-m/nofp\libg.a(libc_a-fflush.o)
                0x0800bb24                _fflush_r
 .text.strncpy  0x0800bb78       0x68 C:/PROGRA~2/ARMGNU~1/13C7F1~1.2RE/bin/../lib/gcc/arm-none-eabi/13.2.1/thumb/v7e-m/nofp\libg.a(libc_a-strncpy.o)
                0x0800bb78                strncpy
 .text.__locale_mb_cur_max
                0x0800bbe0        0xc C:/PROGRA~2/ARMGNU~1/13C7F1~1.2RE/bin/../lib/gcc/arm-none-eabi/13.2.1/thumb/v7e-m/nofp\libg.a(libc_a-locale.o)
                0x0800bbe0                __locale_mb_cur_max
 .text._localeconv_r
                0x0800bbec        0x8 C:/PROGRA~2/ARMGNU~1/13C7F1~1.2RE/bin/../lib/gcc/arm-none-eabi/13.2.1/thumb/v7e-m/nofp\libg.a(libc_a-localeconv.o)
                0x0800bbec                _localeconv_r
 .text.__libc_fini_array
                0x0800bbf4       0x28 C:/PROGRA~2/ARMGNU~1/13C7F1~1.2RE/bin/../lib/gcc/arm-none-eabi/13.2.1/thumb/v7e-m/nofp\libg.a(libc_a-fini.o)
                0x0800bbf4                __libc_fini_array
 .text.frexp    0x0800bc1c       0x6c C:/PROGRA~2/ARMGNU~1/13C7F1~1.2RE/bin/../lib/gcc/arm-none-eabi/13.2.1/thumb/v7e-m/nofp\libg.a(libm_a-s_frexp.o)
                0x0800bc1c                frexp
 .text.__register_exitproc
                0x0800bc88       0x80 C:/PROGRA~2/ARMGNU~1/13C7F1~1.2RE/bin/../lib/gcc/arm-none-eabi/13.2.1/thumb/v7e-m/nofp\libg.a(libc_a-__atexit.o)
                0x0800bc88                __register_exitproc
 .text.quorem   0x0800bd08      0x12c C:/PROGRA~2/ARMGNU~1/13C7F1~1.2RE/bin/../lib/gcc/arm-none-eabi/13.2.1/thumb/v7e-m/nofp\libg.a(libc_a-dtoa.o)
 *fill*         0x0800be34        0x4 
 .text._dtoa_r  0x0800be38      0xe80 C:/PROGRA~2/ARMGNU~1/13C7F1~1.2RE/bin/../lib/gcc/arm-none-eabi/13.2.1/thumb/v7e-m/nofp\libg.a(libc_a-dtoa.o)
                0x0800be38                _dtoa_r
 .text.__ascii_mbtowc
                0x0800ccb8       0x2c C:/PROGRA~2/ARMGNU~1/13C7F1~1.2RE/bin/../lib/gcc/arm-none-eabi/13.2.1/thumb/v7e-m/nofp\libg.a(libc_a-mbtowc_r.o)
                0x0800ccb8                __ascii_mbtowc
 .text._Balloc  0x0800cce4       0x4c C:/PROGRA~2/ARMGNU~1/13C7F1~1.2RE/bin/../lib/gcc/arm-none-eabi/13.2.1/thumb/v7e-m/nofp\libg.a(libc_a-mprec.o)
                0x0800cce4                _Balloc
 .text._Bfree   0x0800cd30       0x14 C:/PROGRA~2/ARMGNU~1/13C7F1~1.2RE/bin/../lib/gcc/arm-none-eabi/13.2.1/thumb/v7e-m/nofp\libg.a(libc_a-mprec.o)
                0x0800cd30                _Bfree
 .text.__multadd
                0x0800cd44       0xa0 C:/PROGRA~2/ARMGNU~1/13C7F1~1.2RE/bin/../lib/gcc/arm-none-eabi/13.2.1/thumb/v7e-m/nofp\libg.a(libc_a-mprec.o)
                0x0800cd44                __multadd
 .text.__hi0bits
                0x0800cde4       0x44 C:/PROGRA~2/ARMGNU~1/13C7F1~1.2RE/bin/../lib/gcc/arm-none-eabi/13.2.1/thumb/v7e-m/nofp\libg.a(libc_a-mprec.o)
                0x0800cde4                __hi0bits
 .text.__lo0bits
                0x0800ce28       0x60 C:/PROGRA~2/ARMGNU~1/13C7F1~1.2RE/bin/../lib/gcc/arm-none-eabi/13.2.1/thumb/v7e-m/nofp\libg.a(libc_a-mprec.o)
                0x0800ce28                __lo0bits
 .text.__i2b    0x0800ce88       0x5c C:/PROGRA~2/ARMGNU~1/13C7F1~1.2RE/bin/../lib/gcc/arm-none-eabi/13.2.1/thumb/v7e-m/nofp\libg.a(libc_a-mprec.o)
                0x0800ce88                __i2b
 .text.__multiply
                0x0800cee4      0x16c C:/PROGRA~2/ARMGNU~1/13C7F1~1.2RE/bin/../lib/gcc/arm-none-eabi/13.2.1/thumb/v7e-m/nofp\libg.a(libc_a-mprec.o)
                0x0800cee4                __multiply
 .text.__pow5mult
                0x0800d050       0xb4 C:/PROGRA~2/ARMGNU~1/13C7F1~1.2RE/bin/../lib/gcc/arm-none-eabi/13.2.1/thumb/v7e-m/nofp\libg.a(libc_a-mprec.o)
                0x0800d050                __pow5mult
 .text.__lshift
                0x0800d104       0xf0 C:/PROGRA~2/ARMGNU~1/13C7F1~1.2RE/bin/../lib/gcc/arm-none-eabi/13.2.1/thumb/v7e-m/nofp\libg.a(libc_a-mprec.o)
                0x0800d104                __lshift
 .text.__mcmp   0x0800d1f4       0x40 C:/PROGRA~2/ARMGNU~1/13C7F1~1.2RE/bin/../lib/gcc/arm-none-eabi/13.2.1/thumb/v7e-m/nofp\libg.a(libc_a-mprec.o)
                0x0800d1f4                __mcmp
 .text.__mdiff  0x0800d234      0x178 C:/PROGRA~2/ARMGNU~1/13C7F1~1.2RE/bin/../lib/gcc/arm-none-eabi/13.2.1/thumb/v7e-m/nofp\libg.a(libc_a-mprec.o)
                0x0800d234                __mdiff
 .text.__d2b    0x0800d3ac       0xbc C:/PROGRA~2/ARMGNU~1/13C7F1~1.2RE/bin/../lib/gcc/arm-none-eabi/13.2.1/thumb/v7e-m/nofp\libg.a(libc_a-mprec.o)
                0x0800d3ac                __d2b
 .text.__ascii_wctomb
                0x0800d468       0x1c C:/PROGRA~2/ARMGNU~1/13C7F1~1.2RE/bin/../lib/gcc/arm-none-eabi/13.2.1/thumb/v7e-m/nofp\libg.a(libc_a-wctomb_r.o)
                0x0800d468                __ascii_wctomb
 .text._wcrtomb_r
                0x0800d484       0x4c C:/PROGRA~2/ARMGNU~1/13C7F1~1.2RE/bin/../lib/gcc/arm-none-eabi/13.2.1/thumb/v7e-m/nofp\libg.a(libc_a-wcrtomb.o)
                0x0800d484                _wcrtomb_r
 .text._wcsrtombs_r
                0x0800d4d0       0x1c C:/PROGRA~2/ARMGNU~1/13C7F1~1.2RE/bin/../lib/gcc/arm-none-eabi/13.2.1/thumb/v7e-m/nofp\libg.a(libc_a-wcsrtombs.o)
                0x0800d4d0                _wcsrtombs_r
 .text.__ssprint_r
                0x0800d4ec      0x108 C:/PROGRA~2/ARMGNU~1/13C7F1~1.2RE/bin/../lib/gcc/arm-none-eabi/13.2.1/thumb/v7e-m/nofp\libg.a(libc_a-svfiprintf.o)
                0x0800d4ec                __ssprint_r
 .text.memmove  0x0800d5f4      0x100 C:/PROGRA~2/ARMGNU~1/13C7F1~1.2RE/bin/../lib/gcc/arm-none-eabi/13.2.1/thumb/v7e-m/nofp\libg.a(libc_a-memmove.o)
                0x0800d5f4                memmove
 .text.__assert_func
                0x0800d6f4       0x40 C:/PROGRA~2/ARMGNU~1/13C7F1~1.2RE/bin/../lib/gcc/arm-none-eabi/13.2.1/thumb/v7e-m/nofp\libg.a(libc_a-assert.o)
                0x0800d6f4                __assert_func
 .text._calloc_r
                0x0800d734       0x6c C:/PROGRA~2/ARMGNU~1/13C7F1~1.2RE/bin/../lib/gcc/arm-none-eabi/13.2.1/thumb/v7e-m/nofp\libg.a(libc_a-callocr.o)
                0x0800d734                _calloc_r
 .text._realloc_r
                0x0800d7a0      0x344 C:/PROGRA~2/ARMGNU~1/13C7F1~1.2RE/bin/../lib/gcc/arm-none-eabi/13.2.1/thumb/v7e-m/nofp\libg.a(libc_a-reallocr.o)
                0x0800d7a0                _realloc_r
 .text._wcsnrtombs_l
                0x0800dae4       0xec C:/PROGRA~2/ARMGNU~1/13C7F1~1.2RE/bin/../lib/gcc/arm-none-eabi/13.2.1/thumb/v7e-m/nofp\libg.a(libc_a-wcsnrtombs.o)
                0x0800dae4                _wcsnrtombs_l
 .text._wcsnrtombs_r
                0x0800dbd0       0x24 C:/PROGRA~2/ARMGNU~1/13C7F1~1.2RE/bin/../lib/gcc/arm-none-eabi/13.2.1/thumb/v7e-m/nofp\libg.a(libc_a-wcsnrtombs.o)