Archive member included to satisfy reference by file (symbol)

c:/progra~1/stmicr~1/stm32c~1/gnu-to~1/bin/../lib/gcc/arm-none-eabi/10.3.1/../../../../arm-none-eabi/lib/thumb/v7e-m/nofp\libstdc++.a(class_type_info.o)
                              CMakeFiles/MCS-Unit.elf.dir/Core/Src/PCAP04IIC.cpp.obj (vtable for __cxxabiv1::__class_type_info)
c:/progra~1/stmicr~1/stm32c~1/gnu-to~1/bin/../lib/gcc/arm-none-eabi/10.3.1/../../../../arm-none-eabi/lib/thumb/v7e-m/nofp\libstdc++.a(del_ops.o)
                              c:/progra~1/stmicr~1/stm32c~1/gnu-to~1/bin/../lib/gcc/arm-none-eabi/10.3.1/../../../../arm-none-eabi/lib/thumb/v7e-m/nofp\libstdc++.a(class_type_info.o) (operator delete(void*, unsigned int))
c:/progra~1/stmicr~1/stm32c~1/gnu-to~1/bin/../lib/gcc/arm-none-eabi/10.3.1/../../../../arm-none-eabi/lib/thumb/v7e-m/nofp\libstdc++.a(si_class_type_info.o)
                              c:/progra~1/stmicr~1/stm32c~1/gnu-to~1/bin/../lib/gcc/arm-none-eabi/10.3.1/../../../../arm-none-eabi/lib/thumb/v7e-m/nofp\libstdc++.a(class_type_info.o) (vtable for __cxxabiv1::__si_class_type_info)
c:/progra~1/stmicr~1/stm32c~1/gnu-to~1/bin/../lib/gcc/arm-none-eabi/10.3.1/../../../../arm-none-eabi/lib/thumb/v7e-m/nofp\libstdc++.a(tinfo.o)
                              c:/progra~1/stmicr~1/stm32c~1/gnu-to~1/bin/../lib/gcc/arm-none-eabi/10.3.1/../../../../arm-none-eabi/lib/thumb/v7e-m/nofp\libstdc++.a(class_type_info.o) (std::type_info::~type_info())
c:/progra~1/stmicr~1/stm32c~1/gnu-to~1/bin/../lib/gcc/arm-none-eabi/10.3.1/../../../../arm-none-eabi/lib/thumb/v7e-m/nofp\libstdc++.a(del_op.o)
                              c:/progra~1/stmicr~1/stm32c~1/gnu-to~1/bin/../lib/gcc/arm-none-eabi/10.3.1/../../../../arm-none-eabi/lib/thumb/v7e-m/nofp\libstdc++.a(del_ops.o) (operator delete(void*))
c:/progra~1/stmicr~1/stm32c~1/gnu-to~1/bin/../lib/gcc/arm-none-eabi/10.3.1/thumb/v7e-m/nofp\libgcc.a(_arm_mulsf3.o)
                              CMakeFiles/MCS-Unit.elf.dir/Core/Src/PCAP04IIC.cpp.obj (__aeabi_fmul)
c:/progra~1/stmicr~1/stm32c~1/gnu-to~1/bin/../lib/gcc/arm-none-eabi/10.3.1/thumb/v7e-m/nofp\libgcc.a(_arm_addsubdf3.o)
                              CMakeFiles/MCS-Unit.elf.dir/Core/Src/main.cpp.obj (__aeabi_f2d)
c:/progra~1/stmicr~1/stm32c~1/gnu-to~1/bin/../lib/gcc/arm-none-eabi/10.3.1/thumb/v7e-m/nofp\libgcc.a(_arm_addsubsf3.o)
                              CMakeFiles/MCS-Unit.elf.dir/Core/Src/PCAP04IIC.cpp.obj (__aeabi_fadd)
c:/progra~1/stmicr~1/stm32c~1/gnu-to~1/bin/../lib/gcc/arm-none-eabi/10.3.1/thumb/v7e-m/nofp\libgcc.a(_aeabi_uldivmod.o)
                              CMakeFiles/MCS-Unit.elf.dir/Drivers/STM32F4xx_HAL_Driver/Src/stm32f4xx_hal_rcc.c.obj (__aeabi_uldivmod)
c:/progra~1/stmicr~1/stm32c~1/gnu-to~1/bin/../lib/gcc/arm-none-eabi/10.3.1/thumb/v7e-m/nofp\libgcc.a(_udivmoddi4.o)
                              c:/progra~1/stmicr~1/stm32c~1/gnu-to~1/bin/../lib/gcc/arm-none-eabi/10.3.1/thumb/v7e-m/nofp\libgcc.a(_aeabi_uldivmod.o) (__udivmoddi4)
c:/progra~1/stmicr~1/stm32c~1/gnu-to~1/bin/../lib/gcc/arm-none-eabi/10.3.1/thumb/v7e-m/nofp\libgcc.a(unwind-arm.o)
                              CMakeFiles/MCS-Unit.elf.dir/Core/Src/PCAP04IIC.cpp.obj (__aeabi_unwind_cpp_pr0)
c:/progra~1/stmicr~1/stm32c~1/gnu-to~1/bin/../lib/gcc/arm-none-eabi/10.3.1/thumb/v7e-m/nofp\libgcc.a(libunwind.o)
                              c:/progra~1/stmicr~1/stm32c~1/gnu-to~1/bin/../lib/gcc/arm-none-eabi/10.3.1/thumb/v7e-m/nofp\libgcc.a(unwind-arm.o) (restore_core_regs)
c:/progra~1/stmicr~1/stm32c~1/gnu-to~1/bin/../lib/gcc/arm-none-eabi/10.3.1/thumb/v7e-m/nofp\libgcc.a(pr-support.o)
                              c:/progra~1/stmicr~1/stm32c~1/gnu-to~1/bin/../lib/gcc/arm-none-eabi/10.3.1/thumb/v7e-m/nofp\libgcc.a(unwind-arm.o) (__gnu_unwind_execute)
c:/progra~1/stmicr~1/stm32c~1/gnu-to~1/bin/../lib/gcc/arm-none-eabi/10.3.1/thumb/v7e-m/nofp\libgcc.a(_dvmd_tls.o)
                              c:/progra~1/stmicr~1/stm32c~1/gnu-to~1/bin/../lib/gcc/arm-none-eabi/10.3.1/thumb/v7e-m/nofp\libgcc.a(_aeabi_uldivmod.o) (__aeabi_ldiv0)
c:/progra~1/stmicr~1/stm32c~1/gnu-to~1/bin/../lib/gcc/arm-none-eabi/10.3.1/../../../../arm-none-eabi/lib/thumb/v7e-m/nofp\libg.a(lib_a-abort.o)
                              c:/progra~1/stmicr~1/stm32c~1/gnu-to~1/bin/../lib/gcc/arm-none-eabi/10.3.1/thumb/v7e-m/nofp\libgcc.a(unwind-arm.o) (abort)
c:/progra~1/stmicr~1/stm32c~1/gnu-to~1/bin/../lib/gcc/arm-none-eabi/10.3.1/../../../../arm-none-eabi/lib/thumb/v7e-m/nofp\libg.a(lib_a-errno.o)
                              CMakeFiles/MCS-Unit.elf.dir/Core/Src/syscalls.c.obj (__errno)
c:/progra~1/stmicr~1/stm32c~1/gnu-to~1/bin/../lib/gcc/arm-none-eabi/10.3.1/../../../../arm-none-eabi/lib/thumb/v7e-m/nofp\libg.a(lib_a-exit.o)
                              c:/progra~1/stmicr~1/stm32c~1/gnu-to~1/bin/../lib/gcc/arm-none-eabi/10.3.1/../../../../arm-none-eabi/lib/thumb/v7e-m/nofp/crt0.o (exit)
[...]
Memory Configuration

Name             Origin             Length             Attributes
RAM              0x20000000         0x00020000         xrw
FLASH            0x08000000         0x00080000         xr
*default*        0x00000000         0xffffffff

Linker script and memory map

LOAD c:/progra~1/stmicr~1/stm32c~1/gnu-to~1/bin/../lib/gcc/arm-none-eabi/10.3.1/thumb/v7e-m/nofp/crti.o
LOAD c:/progra~1/stmicr~1/stm32c~1/gnu-to~1/bin/../lib/gcc/arm-none-eabi/10.3.1/thumb/v7e-m/nofp/crtbegin.o
LOAD c:/progra~1/stmicr~1/stm32c~1/gnu-to~1/bin/../lib/gcc/arm-none-eabi/10.3.1/../../../../arm-none-eabi/lib/thumb/v7e-m/nofp/crt0.o
LOAD CMakeFiles/MCS-Unit.elf.dir/Core/Src/PCAP04IIC.cpp.obj
LOAD CMakeFiles/MCS-Unit.elf.dir/Core/Src/main.cpp.obj
LOAD CMakeFiles/MCS-Unit.elf.dir/Core/Src/pcap04.cpp.obj
LOAD CMakeFiles/MCS-Unit.elf.dir/Core/Src/stm32f4xx_hal_msp.c.obj
LOAD CMakeFiles/MCS-Unit.elf.dir/Core/Src/stm32f4xx_it.c.obj
LOAD CMakeFiles/MCS-Unit.elf.dir/Core/Src/syscalls.c.obj
LOAD CMakeFiles/MCS-Unit.elf.dir/Core/Src/sysmem.c.obj
LOAD CMakeFiles/MCS-Unit.elf.dir/Core/Src/system_stm32f4xx.c.obj
LOAD CMakeFiles/MCS-Unit.elf.dir/Core/Startup/startup_stm32f411ceux.s.obj
LOAD CMakeFiles/MCS-Unit.elf.dir/Drivers/STM32F4xx_HAL_Driver/Src/stm32f4xx_hal.c.obj
LOAD CMakeFiles/MCS-Unit.elf.dir/Drivers/STM32F4xx_HAL_Driver/Src/stm32f4xx_hal_cortex.c.obj
LOAD CMakeFiles/MCS-Unit.elf.dir/Drivers/STM32F4xx_HAL_Driver/Src/stm32f4xx_hal_dma.c.obj
LOAD CMakeFiles/MCS-Unit.elf.dir/Drivers/STM32F4xx_HAL_Driver/Src/stm32f4xx_hal_dma_ex.c.obj
LOAD CMakeFiles/MCS-Unit.elf.dir/Drivers/STM32F4xx_HAL_Driver/Src/stm32f4xx_hal_exti.c.obj
LOAD CMakeFiles/MCS-Unit.elf.dir/Drivers/STM32F4xx_HAL_Driver/Src/stm32f4xx_hal_flash.c.obj
LOAD CMakeFiles/MCS-Unit.elf.dir/Drivers/STM32F4xx_HAL_Driver/Src/stm32f4xx_hal_flash_ex.c.obj
LOAD CMakeFiles/MCS-Unit.elf.dir/Drivers/STM32F4xx_HAL_Driver/Src/stm32f4xx_hal_flash_ramfunc.c.obj
LOAD CMakeFiles/MCS-Unit.elf.dir/Drivers/STM32F4xx_HAL_Driver/Src/stm32f4xx_hal_gpio.c.obj
LOAD CMakeFiles/MCS-Unit.elf.dir/Drivers/STM32F4xx_HAL_Driver/Src/stm32f4xx_hal_i2c.c.obj
LOAD CMakeFiles/MCS-Unit.elf.dir/Drivers/STM32F4xx_HAL_Driver/Src/stm32f4xx_hal_i2c_ex.c.obj
LOAD CMakeFiles/MCS-Unit.elf.dir/Drivers/STM32F4xx_HAL_Driver/Src/stm32f4xx_hal_pcd.c.obj
LOAD CMakeFiles/MCS-Unit.elf.dir/Drivers/STM32F4xx_HAL_Driver/Src/stm32f4xx_hal_pcd_ex.c.obj
LOAD CMakeFiles/MCS-Unit.elf.dir/Drivers/STM32F4xx_HAL_Driver/Src/stm32f4xx_hal_pwr.c.obj
LOAD CMakeFiles/MCS-Unit.elf.dir/Drivers/STM32F4xx_HAL_Driver/Src/stm32f4xx_hal_pwr_ex.c.obj
LOAD CMakeFiles/MCS-Unit.elf.dir/Drivers/STM32F4xx_HAL_Driver/Src/stm32f4xx_hal_rcc.c.obj
LOAD CMakeFiles/MCS-Unit.elf.dir/Drivers/STM32F4xx_HAL_Driver/Src/stm32f4xx_hal_rcc_ex.c.obj
LOAD CMakeFiles/MCS-Unit.elf.dir/Drivers/STM32F4xx_HAL_Driver/Src/stm32f4xx_hal_tim.c.obj
LOAD CMakeFiles/MCS-Unit.elf.dir/Drivers/STM32F4xx_HAL_Driver/Src/stm32f4xx_hal_tim_ex.c.obj
LOAD CMakeFiles/MCS-Unit.elf.dir/Drivers/STM32F4xx_HAL_Driver/Src/stm32f4xx_hal_uart.c.obj
LOAD CMakeFiles/MCS-Unit.elf.dir/Drivers/STM32F4xx_HAL_Driver/Src/stm32f4xx_ll_usb.c.obj
LOAD CMakeFiles/MCS-Unit.elf.dir/Middlewares/ST/STM32_USB_Device_Library/Class/CDC/Src/usbd_cdc.c.obj
LOAD CMakeFiles/MCS-Unit.elf.dir/Middlewares/ST/STM32_USB_Device_Library/Core/Src/usbd_core.c.obj
LOAD CMakeFiles/MCS-Unit.elf.dir/Middlewares/ST/STM32_USB_Device_Library/Core/Src/usbd_ctlreq.c.obj
LOAD CMakeFiles/MCS-Unit.elf.dir/Middlewares/ST/STM32_USB_Device_Library/Core/Src/usbd_ioreq.c.obj
LOAD CMakeFiles/MCS-Unit.elf.dir/USB_DEVICE/App/usb_device.c.obj
LOAD CMakeFiles/MCS-Unit.elf.dir/USB_DEVICE/App/usbd_cdc_if.c.obj
LOAD CMakeFiles/MCS-Unit.elf.dir/USB_DEVICE/App/usbd_desc.c.obj
LOAD CMakeFiles/MCS-Unit.elf.dir/USB_DEVICE/Target/usbd_conf.c.obj
LOAD c:/progra~1/stmicr~1/stm32c~1/gnu-to~1/bin/../lib/gcc/arm-none-eabi/10.3.1/../../../../arm-none-eabi/lib/thumb/v7e-m/nofp\libstdc++.a
LOAD c:/progra~1/stmicr~1/stm32c~1/gnu-to~1/bin/../lib/gcc/arm-none-eabi/10.3.1/../../../../arm-none-eabi/lib/thumb/v7e-m/nofp\libm.a
START GROUP
LOAD c:/progra~1/stmicr~1/stm32c~1/gnu-to~1/bin/../lib/gcc/arm-none-eabi/10.3.1/thumb/v7e-m/nofp\libgcc.a
LOAD c:/progra~1/stmicr~1/stm32c~1/gnu-to~1/bin/../lib/gcc/arm-none-eabi/10.3.1/../../../../arm-none-eabi/lib/thumb/v7e-m/nofp\libg.a
LOAD c:/progra~1/stmicr~1/stm32c~1/gnu-to~1/bin/../lib/gcc/arm-none-eabi/10.3.1/../../../../arm-none-eabi/lib/thumb/v7e-m/nofp\libc.a
END GROUP
LOAD c:/progra~1/stmicr~1/stm32c~1/gnu-to~1/bin/../lib/gcc/arm-none-eabi/10.3.1/thumb/v7e-m/nofp/crtend.o
LOAD c:/progra~1/stmicr~1/stm32c~1/gnu-to~1/bin/../lib/gcc/arm-none-eabi/10.3.1/thumb/v7e-m/nofp/crtn.o
                0x20020000                _estack = (ORIGIN (RAM) + LENGTH (RAM))
                0x00000200                _Min_Heap_Size = 0x200
                0x00000400                _Min_Stack_Size = 0x400

.isr_vector     0x08000000      0x198
                0x08000000                . = ALIGN (0x4)
 *(.isr_vector)
 .isr_vector    0x08000000      0x198 CMakeFiles/MCS-Unit.elf.dir/Core/Startup/startup_stm32f411ceux.s.obj
                0x08000000                g_pfnVectors
                0x08000198                . = ALIGN (0x4)

.text           0x080001c0     0xf1a8
                0x080001c0                . = ALIGN (0x4)
 *(.text)
 .text          0x080001c0       0x40 c:/progra~1/stmicr~1/stm32c~1/gnu-to~1/bin/../lib/gcc/arm-none-eabi/10.3.1/thumb/v7e-m/nofp/crtbegin.o
 .text          0x08000200      0x168 c:/progra~1/stmicr~1/stm32c~1/gnu-to~1/bin/../lib/gcc/arm-none-eabi/10.3.1/thumb/v7e-m/nofp\libgcc.a(_arm_mulsf3.o)
                0x08000200                __aeabi_fmul
                0x08000200                __mulsf3
 .text          0x08000368      0x378 c:/progra~1/stmicr~1/stm32c~1/gnu-to~1/bin/../lib/gcc/arm-none-eabi/10.3.1/thumb/v7e-m/nofp\libgcc.a(_arm_addsubdf3.o)
                0x08000368                __aeabi_drsub
                0x08000370                __aeabi_dsub
                0x08000370                __subdf3
                0x08000374                __aeabi_dadd
                0x08000374                __adddf3
                0x080005ec                __floatunsidf
                0x080005ec                __aeabi_ui2d
                0x0800060c                __floatsidf
                0x0800060c                __aeabi_i2d
                0x08000630                __aeabi_f2d
                0x08000630                __extendsfdf2
                0x08000674                __floatundidf
                0x08000674                __aeabi_ul2d
                0x08000684                __floatdidf
                0x08000684                __aeabi_l2d
 .text          0x080006e0      0x21c c:/progra~1/stmicr~1/stm32c~1/gnu-to~1/bin/../lib/gcc/arm-none-eabi/10.3.1/thumb/v7e-m/nofp\libgcc.a(_arm_addsubsf3.o)
                0x080006e0                __aeabi_frsub
                0x080006e8                __subsf3
                0x080006e8                __aeabi_fsub
                0x080006ec                __aeabi_fadd
                0x080006ec                __addsf3
                0x0800084c                __aeabi_ui2f
                0x0800084c                __floatunsisf
                0x08000854                __aeabi_i2f
                0x08000854                __floatsisf
                0x08000870                __aeabi_ul2f
                0x08000870                __floatundisf
                0x08000880                __aeabi_l2f
                0x08000880                __floatdisf
 .text          0x080008fc       0x30 c:/progra~1/stmicr~1/stm32c~1/gnu-to~1/bin/../lib/gcc/arm-none-eabi/10.3.1/thumb/v7e-m/nofp\libgcc.a(_aeabi_uldivmod.o)
                0x080008fc                __aeabi_uldivmod
 .text          0x0800092c      0x2d0 c:/progra~1/stmicr~1/stm32c~1/gnu-to~1/bin/../lib/gcc/arm-none-eabi/10.3.1/thumb/v7e-m/nofp\libgcc.a(_udivmoddi4.o)
                0x0800092c                __udivmoddi4
 .text          0x08000bfc      0x9d8 c:/progra~1/stmicr~1/stm32c~1/gnu-to~1/bin/../lib/gcc/arm-none-eabi/10.3.1/thumb/v7e-m/nofp\libgcc.a(unwind-arm.o)
                0x08000ea4                _Unwind_GetCFA
                0x08000ea8                __gnu_Unwind_RaiseException
                0x08000f10                __gnu_Unwind_ForcedUnwind
                0x08000f20                __gnu_Unwind_Resume
                0x08000f64                __gnu_Unwind_Resume_or_Rethrow
                0x08000f74                _Unwind_Complete
                0x08000f78                _Unwind_DeleteException
                0x08000f84                _Unwind_VRS_Get
                0x08000fd0                _Unwind_VRS_Set
                0x08001018                __gnu_Unwind_Backtrace
                0x08001344                __aeabi_unwind_cpp_pr0
                0x08001348                __aeabi_unwind_cpp_pr1
                0x0800134c                __aeabi_unwind_cpp_pr2
                0x08001350                _Unwind_VRS_Pop
 .text          0x080015d4      0x1ac c:/progra~1/stmicr~1/stm32c~1/gnu-to~1/bin/../lib/gcc/arm-none-eabi/10.3.1/thumb/v7e-m/nofp\libgcc.a(libunwind.o)
                0x080015d4                __restore_core_regs
                0x080015d4                restore_core_regs
                0x080015ec                __gnu_Unwind_Restore_VFP
                0x080015f4                __gnu_Unwind_Save_VFP
                0x080015fc                __gnu_Unwind_Restore_VFP_D
                0x08001604                __gnu_Unwind_Save_VFP_D
                0x0800160c                __gnu_Unwind_Restore_VFP_D_16_to_31
                0x08001614                __gnu_Unwind_Save_VFP_D_16_to_31
                0x0800161c                __gnu_Unwind_Restore_WMMXD
                0x08001660                __gnu_Unwind_Save_WMMXD
                0x080016a4                __gnu_Unwind_Restore_WMMXC
                0x080016b8                __gnu_Unwind_Save_WMMXC
                0x080016cc                ___Unwind_RaiseException
                0x080016cc                _Unwind_RaiseException
                0x080016f0                _Unwind_Resume
                0x080016f0                ___Unwind_Resume
                0x08001714                _Unwind_Resume_or_Rethrow
                0x08001714                ___Unwind_Resume_or_Rethrow
                0x08001738                _Unwind_ForcedUnwind
                0x08001738                ___Unwind_ForcedUnwind
                0x0800175c                ___Unwind_Backtrace
                0x0800175c                _Unwind_Backtrace
 .text          0x08001780      0x350 c:/progra~1/stmicr~1/stm32c~1/gnu-to~1/bin/../lib/gcc/arm-none-eabi/10.3.1/thumb/v7e-m/nofp\libgcc.a(pr-support.o)
                0x080017d8                __gnu_unwind_execute
                0x08001a84                __gnu_unwind_frame
                0x08001ab0                _Unwind_GetRegionStart
                0x08001abc                _Unwind_GetLanguageSpecificData
 .text          0x08001ad0        0x4 c:/progra~1/stmicr~1/stm32c~1/gnu-to~1/bin/../lib/gcc/arm-none-eabi/10.3.1/thumb/v7e-m/nofp\libgcc.a(_dvmd_tls.o)
                0x08001ad0                __aeabi_idiv0
                0x08001ad0                __aeabi_ldiv0
 .text          0x08001ad4      0x134 c:/progra~1/stmicr~1/stm32c~1/gnu-to~1/bin/../lib/gcc/arm-none-eabi/10.3.1/../../../../arm-none-eabi/lib/thumb/v7e-m/nofp\libg.a(lib_a-memcpy.o)
                0x08001ad4                memcpy
 *fill*         0x08001c08       0x18 
 .text          0x08001c20      0x2dc c:/progra~1/stmicr~1/stm32c~1/gnu-to~1/bin/../lib/gcc/arm-none-eabi/10.3.1/../../../../arm-none-eabi/lib/thumb/v7e-m/nofp\libg.a(lib_a-strcmp.o)
                0x08001c28                strcmp
 *fill*         0x08001efc        0x4 
 .text          0x08001f00       0xa0 c:/progra~1/stmicr~1/stm32c~1/gnu-to~1/bin/../lib/gcc/arm-none-eabi/10.3.1/../../../../arm-none-eabi/lib/thumb/v7e-m/nofp\libg.a(lib_a-memchr.o)
                0x08001f00                memchr
 *fill*         0x08001fa0       0x20 
 .text          0x08001fc0       0xdc c:/progra~1/stmicr~1/stm32c~1/gnu-to~1/bin/../lib/gcc/arm-none-eabi/10.3.1/../../../../arm-none-eabi/lib/thumb/v7e-m/nofp\libg.a(lib_a-strlen.o)
                0x08001fc0                strlen
 .text          0x0800209c      0x424 c:/progra~1/stmicr~1/stm32c~1/gnu-to~1/bin/../lib/gcc/arm-none-eabi/10.3.1/thumb/v7e-m/nofp\libgcc.a(_arm_muldivdf3.o)
                0x0800209c                __aeabi_dmul
                0x0800209c                __muldf3
                0x080022f0                __divdf3
                0x080022f0                __aeabi_ddiv
 .text          0x080024c0      0x110 c:/progra~1/stmicr~1/stm32c~1/gnu-to~1/bin/../lib/gcc/arm-none-eabi/10.3.1/thumb/v7e-m/nofp\libgcc.a(_arm_cmpdf2.o)
                0x080024c0                __gtdf2
                0x080024c0                __gedf2
                0x080024c8                __ltdf2
                0x080024c8                __ledf2
                0x080024d0                __nedf2
                0x080024d0                __eqdf2
                0x080024d0                __cmpdf2
                0x0800254c                __aeabi_cdrcmple
                0x0800255c                __aeabi_cdcmpeq
                0x0800255c                __aeabi_cdcmple
                0x0800256c                __aeabi_dcmpeq
                0x08002580                __aeabi_dcmplt
                0x08002594                __aeabi_dcmple
                0x080025a8                __aeabi_dcmpge
                0x080025bc                __aeabi_dcmpgt
 .text          0x080025d0       0x2c c:/progra~1/stmicr~1/stm32c~1/gnu-to~1/bin/../lib/gcc/arm-none-eabi/10.3.1/thumb/v7e-m/nofp\libgcc.a(_arm_unorddf2.o)
                0x080025d0                __unorddf2
                0x080025d0                __aeabi_dcmpun
 .text          0x080025fc       0x50 c:/progra~1/stmicr~1/stm32c~1/gnu-to~1/bin/../lib/gcc/arm-none-eabi/10.3.1/thumb/v7e-m/nofp\libgcc.a(_arm_fixdfsi.o)
                0x080025fc                __aeabi_d2iz
                0x080025fc                __fixdfsi
 *(.text*)
 .text._ZN9PCAP04IIC15writeall_configEv
                0x0800264c       0x3c CMakeFiles/MCS-Unit.elf.dir/Core/Src/PCAP04IIC.cpp.obj
                0x0800264c                PCAP04IIC::writeall_config()
 .text._ZN9PCAP04IIC13readall_nvramEv
                0x08002688       0x1c CMakeFiles/MCS-Unit.elf.dir/Core/Src/PCAP04IIC.cpp.obj
                0x08002688                PCAP04IIC::readall_nvram()
 .text._ZN9PCAP04IIC14readall_configEv
                0x080026a4       0x1a CMakeFiles/MCS-Unit.elf.dir/Core/Src/PCAP04IIC.cpp.obj
                0x080026a4                PCAP04IIC::readall_config()
 .text._ZN9PCAP04IIC14readall_resultEv
                0x080026be       0x1a CMakeFiles/MCS-Unit.elf.dir/Core/Src/PCAP04IIC.cpp.obj
                0x080026be                PCAP04IIC::readall_result()
 .text._ZN9PCAP04IIC14readall_statusEv
                0x080026d8       0x1a CMakeFiles/MCS-Unit.elf.dir/Core/Src/PCAP04IIC.cpp.obj
                0x080026d8                PCAP04IIC::readall_status()
 .text._ZN9PCAP04IIC28convert_status_regs_to_flagsEv
                0x080026f2       0x94 CMakeFiles/MCS-Unit.elf.dir/Core/Src/PCAP04IIC.cpp.obj
                0x080026f2                PCAP04IIC::convert_status_regs_to_flags()
 *fill*         0x08002786        0x2 
 .text._ZN9PCAP04IIC29convert_results_regs_to_floatEv
                0x08002788       0x90 CMakeFiles/MCS-Unit.elf.dir/Core/Src/PCAP04IIC.cpp.obj
                0x08002788                PCAP04IIC::convert_results_regs_to_float()
 .text._ZN9PCAP04IIC14writeall_nvramEv
                0x08002818       0x32 CMakeFiles/MCS-Unit.elf.dir/Core/Src/PCAP04IIC.cpp.obj
                0x08002818                PCAP04IIC::writeall_nvram()
 *fill*         0x0800284a        0x2 
 .text._ZN9PCAP04IIC12write_configEhh
                0x0800284c       0x44 CMakeFiles/MCS-Unit.elf.dir/Core/Src/PCAP04IIC.cpp.obj
                0x0800284c                PCAP04IIC::write_config(unsigned char, unsigned char)
 .text._ZN9PCAP04IIC10read_nvramEt
                0x08002890       0xc8 CMakeFiles/MCS-Unit.elf.dir/Core/Src/PCAP04IIC.cpp.obj
                0x08002890                PCAP04IIC::read_nvram(unsigned short)
 .text._ZN9PCAP04IIC11read_configEh
                0x08002958       0x68 CMakeFiles/MCS-Unit.elf.dir/Core/Src/PCAP04IIC.cpp.obj
                0x08002958                PCAP04IIC::read_config(unsigned char)
 .text._ZN9PCAP04IIC11read_resultEh
                0x080029c0       0xb0 CMakeFiles/MCS-Unit.elf.dir/Core/Src/PCAP04IIC.cpp.obj
                0x080029c0                PCAP04IIC::read_result(unsigned char)
 .text._ZN9PCAP04IIC11write_nvramEt
                0x08002a70       0xbc CMakeFiles/MCS-Unit.elf.dir/Core/Src/PCAP04IIC.cpp.obj
                0x08002a70                PCAP04IIC::write_nvram(unsigned short)
 .text._ZN9PCAP04IIC12i2c_transmitEj
                0x08002b2c       0x78 CMakeFiles/MCS-Unit.elf.dir/Core/Src/PCAP04IIC.cpp.obj
                0x08002b2c                PCAP04IIC::i2c_transmit(unsigned int)
 .text._ZN9PCAP04IIC12i2c_transmitEm
                0x08002ba4       0x3c CMakeFiles/MCS-Unit.elf.dir/Core/Src/PCAP04IIC.cpp.obj
                0x08002ba4                PCAP04IIC::i2c_transmit(unsigned long)
 .text._ZN9PCAP04IIC12i2c_transmitEt
                0x08002be0       0x64 CMakeFiles/MCS-Unit.elf.dir/Core/Src/PCAP04IIC.cpp.obj
                0x08002be0                PCAP04IIC::i2c_transmit(unsigned short)
 .text._ZN9PCAP04IIC12i2c_transmitEh
                0x08002c44       0x54 CMakeFiles/MCS-Unit.elf.dir/Core/Src/PCAP04IIC.cpp.obj
                0x08002c44                PCAP04IIC::i2c_transmit(unsigned char)
 .text._ZN9PCAP04IIC14validate_nvramEv
                0x08002c98       0x74 CMakeFiles/MCS-Unit.elf.dir/Core/Src/PCAP04IIC.cpp.obj
                0x08002c98                PCAP04IIC::validate_nvram()
 .text._ZN9PCAP04IICC2E16pcap04_version_t24pcap_measurement_modes_tc13pcap_config_t
                0x08002d0c      0x338 CMakeFiles/MCS-Unit.elf.dir/Core/Src/PCAP04IIC.cpp.obj
                0x08002d0c                PCAP04IIC::PCAP04IIC(pcap04_version_t, pcap_measurement_modes_t, char, pcap_config_t)
                0x08002d0c                PCAP04IIC::PCAP04IIC(pcap04_version_t, pcap_measurement_modes_t, char, pcap_config_t)
 .text._ZN9PCAP04IIC15test_connectionEv
                0x08003044       0xac CMakeFiles/MCS-Unit.elf.dir/Core/Src/PCAP04IIC.cpp.obj
                0x08003044                PCAP04IIC::test_connection()
 .text._ZN9PCAP04IIC12send_commandEh
                0x080030f0       0x96 CMakeFiles/MCS-Unit.elf.dir/Core/Src/PCAP04IIC.cpp.obj
                0x080030f0                PCAP04IIC::send_command(unsigned char)
 *fill*         0x08003186        0x2 
 .text._ZN9PCAP04IIC13initializeIICEv
                0x08003188       0x30 CMakeFiles/MCS-Unit.elf.dir/Core/Src/PCAP04IIC.cpp.obj
                0x08003188                PCAP04IIC::initializeIIC()
 .text._ZN9PCAP04IIC10init_nvramEv
                0x080031b8      0x240 CMakeFiles/MCS-Unit.elf.dir/Core/Src/PCAP04IIC.cpp.obj
                0x080031b8                PCAP04IIC::init_nvram()
 .text._ZN9PCAP04IIC13update_configEP13pcap_config_t
                0x080033f8      0x596 CMakeFiles/MCS-Unit.elf.dir/Core/Src/PCAP04IIC.cpp.obj
                0x080033f8                PCAP04IIC::update_config(pcap_config_t*)
 .text._ZN9PCAP04IIC10get_configEv
                0x0800398e      0x456 CMakeFiles/MCS-Unit.elf.dir/Core/Src/PCAP04IIC.cpp.obj
                0x0800398e                PCAP04IIC::get_config()
 .text._ZL12MX_GPIO_Initv
                0x08003de4       0xa4 CMakeFiles/MCS-Unit.elf.dir/Core/Src/main.cpp.obj
 .text._Z41__static_initialization_and_destruction_0ii
                0x08003e88       0x38 CMakeFiles/MCS-Unit.elf.dir/Core/Src/main.cpp.obj
 .text.HAL_GPIO_EXTI_Callback
                0x08003ec0       0x20 CMakeFiles/MCS-Unit.elf.dir/Core/Src/main.cpp.obj
                0x08003ec0                HAL_GPIO_EXTI_Callback
 .text.HAL_UART_RxCpltCallback
                0x08003ee0        0x2 CMakeFiles/MCS-Unit.elf.dir/Core/Src/main.cpp.obj
                0x08003ee0                HAL_UART_RxCpltCallback
 .text.Error_Handler
                0x08003ee2        0x4 CMakeFiles/MCS-Unit.elf.dir/Core/Src/main.cpp.obj
                0x08003ee2                Error_Handler
 *fill*         0x08003ee6        0x2 
 .text._ZL12MX_I2C1_Initv
                0x08003ee8       0x38 CMakeFiles/MCS-Unit.elf.dir/Core/Src/main.cpp.obj
 .text._ZL19MX_USART1_UART_Initv
                0x08003f20       0x34 CMakeFiles/MCS-Unit.elf.dir/Core/Src/main.cpp.obj
 .text._Z18SystemClock_Configv
                0x08003f54       0xa4 CMakeFiles/MCS-Unit.elf.dir/Core/Src/main.cpp.obj
                0x08003f54                SystemClock_Config()
 .text.main     0x08003ff8       0xc0 CMakeFiles/MCS-Unit.elf.dir/Core/Src/main.cpp.obj
                0x08003ff8                main
 .text._GLOBAL__sub_I_hi2c1
                0x080040b8        0xe CMakeFiles/MCS-Unit.elf.dir/Core/Src/main.cpp.obj
 .text._Z26pcap04_configure_registersR9PCAP04IICP13pcap_config_th
                0x080040c6       0x6c CMakeFiles/MCS-Unit.elf.dir/Core/Src/pcap04.cpp.obj
                0x080040c6                pcap04_configure_registers(PCAP04IIC&, pcap_config_t*, unsigned char)
 .text._Z11pcap04_initP9PCAP04IICP13pcap_config_th
                0x08004132       0x3a CMakeFiles/MCS-Unit.elf.dir/Core/Src/pcap04.cpp.obj
                0x08004132                pcap04_init(PCAP04IIC*, pcap_config_t*, unsigned char)
 .text.HAL_MspInit
                0x0800416c       0x38 CMakeFiles/MCS-Unit.elf.dir/Core/Src/stm32f4xx_hal_msp.c.obj
                0x0800416c                HAL_MspInit
 .text.HAL_I2C_MspInit
                0x080041a4       0x70 CMakeFiles/MCS-Unit.elf.dir/Core/Src/stm32f4xx_hal_msp.c.obj
                0x080041a4                HAL_I2C_MspInit
 .text.HAL_UART_MspInit
                0x08004214       0x80 CMakeFiles/MCS-Unit.elf.dir/Core/Src/stm32f4xx_hal_msp.c.obj
                0x08004214                HAL_UART_MspInit
 .text.NMI_Handler
                0x08004294        0x2 CMakeFiles/MCS-Unit.elf.dir/Core/Src/stm32f4xx_it.c.obj
                0x08004294                NMI_Handler
 .text.HardFault_Handler
                0x08004296        0x2 CMakeFiles/MCS-Unit.elf.dir/Core/Src/stm32f4xx_it.c.obj
                0x08004296                HardFault_Handler
 .text.MemManage_Handler
                0x08004298        0x2 CMakeFiles/MCS-Unit.elf.dir/Core/Src/stm32f4xx_it.c.obj
                0x08004298                MemManage_Handler
 .text.BusFault_Handler
                0x0800429a        0x2 CMakeFiles/MCS-Unit.elf.dir/Core/Src/stm32f4xx_it.c.obj
                0x0800429a                BusFault_Handler
 .text.UsageFault_Handler
                0x0800429c        0x2 CMakeFiles/MCS-Unit.elf.dir/Core/Src/stm32f4xx_it.c.obj
                0x0800429c                UsageFault_Handler
 .text.SVC_Handler
                0x0800429e        0x2 CMakeFiles/MCS-Unit.elf.dir/Core/Src/stm32f4xx_it.c.obj
                0x0800429e                SVC_Handler
 .text.DebugMon_Handler
                0x080042a0        0x2 CMakeFiles/MCS-Unit.elf.dir/Core/Src/stm32f4xx_it.c.obj
                0x080042a0                DebugMon_Handler
 .text.PendSV_Handler
                0x080042a2        0x2 CMakeFiles/MCS-Unit.elf.dir/Core/Src/stm32f4xx_it.c.obj
                0x080042a2                PendSV_Handler
 .text.SysTick_Handler
                0x080042a4        0x8 CMakeFiles/MCS-Unit.elf.dir/Core/Src/stm32f4xx_it.c.obj
                0x080042a4                SysTick_Handler
 .text.EXTI4_IRQHandler
                0x080042ac        0xa CMakeFiles/MCS-Unit.elf.dir/Core/Src/stm32f4xx_it.c.obj
                0x080042ac                EXTI4_IRQHandler
 *fill*         0x080042b6        0x2 
 .text.USART1_IRQHandler
                0x080042b8       0x10 CMakeFiles/MCS-Unit.elf.dir/Core/Src/stm32f4xx_it.c.obj
                0x080042b8                USART1_IRQHandler
 .text.OTG_FS_IRQHandler
                0x080042c8       0x10 CMakeFiles/MCS-Unit.elf.dir/Core/Src/stm32f4xx_it.c.obj
                0x080042c8                OTG_FS_IRQHandler
 .text._getpid  0x080042d8        0x4 CMakeFiles/MCS-Unit.elf.dir/Core/Src/syscalls.c.obj
                0x080042d8                _getpid
 .text._kill    0x080042dc       0x10 CMakeFiles/MCS-Unit.elf.dir/Core/Src/syscalls.c.obj
                0x080042dc                _kill
 .text._exit    0x080042ec        0xc CMakeFiles/MCS-Unit.elf.dir/Core/Src/syscalls.c.obj
                0x080042ec                _exit
 .text._read    0x080042f8       0x20 CMakeFiles/MCS-Unit.elf.dir/Core/Src/syscalls.c.obj
                0x080042f8                _read
 .text._write   0x08004318       0x1c CMakeFiles/MCS-Unit.elf.dir/Core/Src/syscalls.c.obj
                0x08004318                _write
 .text._close   0x08004334        0x6 CMakeFiles/MCS-Unit.elf.dir/Core/Src/syscalls.c.obj
                0x08004334                _close
 .text._fstat   0x0800433a        0xa CMakeFiles/MCS-Unit.elf.dir/Core/Src/syscalls.c.obj
                0x0800433a                _fstat
 .text._isatty  0x08004344        0x4 CMakeFiles/MCS-Unit.elf.dir/Core/Src/syscalls.c.obj
                0x08004344                _isatty
 .text._lseek   0x08004348        0x4 CMakeFiles/MCS-Unit.elf.dir/Core/Src/syscalls.c.obj
                0x08004348                _lseek
 .text._sbrk    0x0800434c       0x48 CMakeFiles/MCS-Unit.elf.dir/Core/Src/sysmem.c.obj
                0x0800434c                _sbrk
 .text.SystemInit
                0x08004394        0x2 CMakeFiles/MCS-Unit.elf.dir/Core/Src/system_stm32f4xx.c.obj
                0x08004394                SystemInit
 *fill*         0x08004396        0x2 
 .text.Reset_Handler
                0x08004398       0x50 CMakeFiles/MCS-Unit.elf.dir/Core/Startup/startup_stm32f411ceux.s.obj
                0x08004398                Reset_Handler
 .text.Default_Handler
                0x080043e8        0x2 CMakeFiles/MCS-Unit.elf.dir/Core/Startup/startup_stm32f411ceux.s.obj
                0x080043e8                RTC_Alarm_IRQHandler
                0x080043e8                EXTI2_IRQHandler
                0x080043e8                SPI4_IRQHandler
                0x080043e8                TIM1_CC_IRQHandler
                0x080043e8                DMA2_Stream5_IRQHandler
                0x080043e8                DMA1_Stream5_IRQHandler
                0x080043e8                PVD_IRQHandler
                0x080043e8                SDIO_IRQHandler
                0x080043e8                TAMP_STAMP_IRQHandler
                0x080043e8                EXTI3_IRQHandler
                0x080043e8                TIM1_UP_TIM10_IRQHandler
                0x080043e8                I2C3_ER_IRQHandler
                0x080043e8                EXTI0_IRQHandler
                0x080043e8                I2C2_EV_IRQHandler
                0x080043e8                DMA1_Stream2_IRQHandler
                0x080043e8                FPU_IRQHandler
                0x080043e8                DMA2_Stream2_IRQHandler
                0x080043e8                SPI1_IRQHandler
                0x080043e8                TIM1_BRK_TIM9_IRQHandler
                0x080043e8                DMA2_Stream3_IRQHandler
                0x080043e8                USART6_IRQHandler
                0x080043e8                DMA2_Stream0_IRQHandler
                0x080043e8                TIM4_IRQHandler
                0x080043e8                I2C1_EV_IRQHandler
                0x080043e8                DMA1_Stream6_IRQHandler
                0x080043e8                DMA1_Stream1_IRQHandler
                0x080043e8                TIM3_IRQHandler
                0x080043e8                RCC_IRQHandler
                0x080043e8                Default_Handler
                0x080043e8                EXTI15_10_IRQHandler
                0x080043e8                ADC_IRQHandler
                0x080043e8                DMA1_Stream7_IRQHandler
                0x080043e8                SPI5_IRQHandler
                0x080043e8                TIM5_IRQHandler
                0x080043e8                DMA2_Stream7_IRQHandler
                0x080043e8                I2C3_EV_IRQHandler
                0x080043e8                EXTI9_5_IRQHandler
                0x080043e8                RTC_WKUP_IRQHandler
                0x080043e8                SPI2_IRQHandler
                0x080043e8                DMA1_Stream0_IRQHandler
                0x080043e8                WWDG_IRQHandler
                0x080043e8                TIM2_IRQHandler
                0x080043e8                OTG_FS_WKUP_IRQHandler
                0x080043e8                TIM1_TRG_COM_TIM11_IRQHandler
                0x080043e8                EXTI1_IRQHandler
                0x080043e8                USART2_IRQHandler
                0x080043e8                I2C2_ER_IRQHandler
                0x080043e8                DMA2_Stream1_IRQHandler
                0x080043e8                FLASH_IRQHandler
                0x080043e8                DMA2_Stream4_IRQHandler
                0x080043e8                SPI3_IRQHandler
                0x080043e8                DMA1_Stream4_IRQHandler
                0x080043e8                I2C1_ER_IRQHandler
                0x080043e8                DMA2_Stream6_IRQHandler
                0x080043e8                DMA1_Stream3_IRQHandler
 *fill*         0x080043ea        0x2 
 .text.HAL_InitTick
                0x080043ec       0x4c CMakeFiles/MCS-Unit.elf.dir/Drivers/STM32F4xx_HAL_Driver/Src/stm32f4xx_hal.c.obj
                0x080043ec                HAL_InitTick
 .text.HAL_Init
                0x08004438       0x34 CMakeFiles/MCS-Unit.elf.dir/Drivers/STM32F4xx_HAL_Driver/Src/stm32f4xx_hal.c.obj
                0x08004438                HAL_Init
 .text.HAL_IncTick
                0x0800446c       0x18 CMakeFiles/MCS-Unit.elf.dir/Drivers/STM32F4xx_HAL_Driver/Src/stm32f4xx_hal.c.obj
                0x0800446c                HAL_IncTick
 .text.HAL_GetTick
                0x08004484        0xc CMakeFiles/MCS-Unit.elf.dir/Drivers/STM32F4xx_HAL_Driver/Src/stm32f4xx_hal.c.obj
                0x08004484                HAL_GetTick
 .text.HAL_Delay
                0x08004490       0x28 CMakeFiles/MCS-Unit.elf.dir/Drivers/STM32F4xx_HAL_Driver/Src/stm32f4xx_hal.c.obj
                0x08004490                HAL_Delay
 .text.HAL_NVIC_SetPriorityGrouping
                0x080044b8       0x24 CMakeFiles/MCS-Unit.elf.dir/Drivers/STM32F4xx_HAL_Driver/Src/stm32f4xx_hal_cortex.c.obj
                0x080044b8                HAL_NVIC_SetPriorityGrouping
 .text.HAL_NVIC_SetPriority
                0x080044dc       0x70 CMakeFiles/MCS-Unit.elf.dir/Drivers/STM32F4xx_HAL_Driver/Src/stm32f4xx_hal_cortex.c.obj
                0x080044dc                HAL_NVIC_SetPriority
 .text.HAL_NVIC_EnableIRQ
                0x0800454c       0x1c CMakeFiles/MCS-Unit.elf.dir/Drivers/STM32F4xx_HAL_Driver/Src/stm32f4xx_hal_cortex.c.obj
                0x0800454c                HAL_NVIC_EnableIRQ
 .text.HAL_SYSTICK_Config
                0x08004568       0x28 CMakeFiles/MCS-Unit.elf.dir/Drivers/STM32F4xx_HAL_Driver/Src/stm32f4xx_hal_cortex.c.obj
                0x08004568                HAL_SYSTICK_Config
 .text.HAL_DMA_Abort
                0x08004590       0x94 CMakeFiles/MCS-Unit.elf.dir/Drivers/STM32F4xx_HAL_Driver/Src/stm32f4xx_hal_dma.c.obj
                0x08004590                HAL_DMA_Abort
 .text.HAL_DMA_Abort_IT
                0x08004624       0x26 CMakeFiles/MCS-Unit.elf.dir/Drivers/STM32F4xx_HAL_Driver/Src/stm32f4xx_hal_dma.c.obj
                0x08004624                HAL_DMA_Abort_IT
 *fill*         0x0800464a        0x2 
 .text.HAL_GPIO_Init
                0x0800464c      0x1c0 CMakeFiles/MCS-Unit.elf.dir/Drivers/STM32F4xx_HAL_Driver/Src/stm32f4xx_hal_gpio.c.obj
                0x0800464c                HAL_GPIO_Init
 .text.HAL_GPIO_WritePin
                0x0800480c        0xc CMakeFiles/MCS-Unit.elf.dir/Drivers/STM32F4xx_HAL_Driver/Src/stm32f4xx_hal_gpio.c.obj
                0x0800480c                HAL_GPIO_WritePin
 .text.HAL_GPIO_TogglePin
                0x08004818       0x12 CMakeFiles/MCS-Unit.elf.dir/Drivers/STM32F4xx_HAL_Driver/Src/stm32f4xx_hal_gpio.c.obj
                0x08004818                HAL_GPIO_TogglePin
 *fill*         0x0800482a        0x2 
 .text.HAL_GPIO_EXTI_IRQHandler
                0x0800482c       0x1c CMakeFiles/MCS-Unit.elf.dir/Drivers/STM32F4xx_HAL_Driver/Src/stm32f4xx_hal_gpio.c.obj
                0x0800482c                HAL_GPIO_EXTI_IRQHandler
 .text.I2C_IsAcknowledgeFailed
                0x08004848       0x32 CMakeFiles/MCS-Unit.elf.dir/Drivers/STM32F4xx_HAL_Driver/Src/stm32f4xx_hal_i2c.c.obj
 .text.I2C_WaitOnFlagUntilTimeout
                0x0800487a       0x7c CMakeFiles/MCS-Unit.elf.dir/Drivers/STM32F4xx_HAL_Driver/Src/stm32f4xx_hal_i2c.c.obj
 .text.I2C_WaitOnMasterAddressFlagUntilTimeout
                0x080048f6       0xaa CMakeFiles/MCS-Unit.elf.dir/Drivers/STM32F4xx_HAL_Driver/Src/stm32f4xx_hal_i2c.c.obj
 .text.I2C_MasterRequestWrite
                0x080049a0       0xb4 CMakeFiles/MCS-Unit.elf.dir/Drivers/STM32F4xx_HAL_Driver/Src/stm32f4xx_hal_i2c.c.obj
 .text.I2C_MasterRequestRead
                0x08004a54      0x120 CMakeFiles/MCS-Unit.elf.dir/Drivers/STM32F4xx_HAL_Driver/Src/stm32f4xx_hal_i2c.c.obj
 .text.I2C_WaitOnTXEFlagUntilTimeout
                0x08004b74       0x54 CMakeFiles/MCS-Unit.elf.dir/Drivers/STM32F4xx_HAL_Driver/Src/stm32f4xx_hal_i2c.c.obj
 .text.I2C_RequestMemoryRead
                0x08004bc8      0x154 CMakeFiles/MCS-Unit.elf.dir/Drivers/STM32F4xx_HAL_Driver/Src/stm32f4xx_hal_i2c.c.obj
 .text.I2C_WaitOnBTFFlagUntilTimeout
                0x08004d1c       0x54 CMakeFiles/MCS-Unit.elf.dir/Drivers/STM32F4xx_HAL_Driver/Src/stm32f4xx_hal_i2c.c.obj
 .text.I2C_WaitOnRXNEFlagUntilTimeout
                0x08004d70       0x6a CMakeFiles/MCS-Unit.elf.dir/Drivers/STM32F4xx_HAL_Driver/Src/stm32f4xx_hal_i2c.c.obj
 *fill*         0x08004dda        0x2 
 .text.HAL_I2C_Init
                0x08004ddc      0x1bc CMakeFiles/MCS-Unit.elf.dir/Drivers/STM32F4xx_HAL_Driver/Src/stm32f4xx_hal_i2c.c.obj
                0x08004ddc                HAL_I2C_Init
 .text.HAL_I2C_Master_Transmit
                0x08004f98      0x178 CMakeFiles/MCS-Unit.elf.dir/Drivers/STM32F4xx_HAL_Driver/Src/stm32f4xx_hal_i2c.c.obj
                0x08004f98                HAL_I2C_Master_Transmit
 .text.HAL_I2C_Master_Receive
                0x08005110      0x2e8 CMakeFiles/MCS-Unit.elf.dir/Drivers/STM32F4xx_HAL_Driver/Src/stm32f4xx_hal_i2c.c.obj
                0x08005110                HAL_I2C_Master_Receive
 .text.HAL_I2C_Mem_Read
                0x080053f8      0x2e4 CMakeFiles/MCS-Unit.elf.dir/Drivers/STM32F4xx_HAL_Driver/Src/stm32f4xx_hal_i2c.c.obj
                0x080053f8                HAL_I2C_Mem_Read
 .text.PCD_WriteEmptyTxFifo
                0x080056dc       0xd0 CMakeFiles/MCS-Unit.elf.dir/Drivers/STM32F4xx_HAL_Driver/Src/stm32f4xx_hal_pcd.c.obj
 .text.HAL_PCD_Init
                0x080057ac      0x12e CMakeFiles/MCS-Unit.elf.dir/Drivers/STM32F4xx_HAL_Driver/Src/stm32f4xx_hal_pcd.c.obj
                0x080057ac                HAL_PCD_Init
 .text.HAL_PCD_Start
                0x080058da       0x42 CMakeFiles/MCS-Unit.elf.dir/Drivers/STM32F4xx_HAL_Driver/Src/stm32f4xx_hal_pcd.c.obj
                0x080058da                HAL_PCD_Start
 .text.PCD_EP_OutXfrComplete_int
                0x0800591c      0x104 CMakeFiles/MCS-Unit.elf.dir/Drivers/STM32F4xx_HAL_Driver/Src/stm32f4xx_hal_pcd.c.obj
 .text.PCD_EP_OutSetupPacket_int
                0x08005a20       0x50 CMakeFiles/MCS-Unit.elf.dir/Drivers/STM32F4xx_HAL_Driver/Src/stm32f4xx_hal_pcd.c.obj
 .text.HAL_PCD_SetAddress
                0x08005a70       0x28 CMakeFiles/MCS-Unit.elf.dir/Drivers/STM32F4xx_HAL_Driver/Src/stm32f4xx_hal_pcd.c.obj
                0x08005a70                HAL_PCD_SetAddress
 .text.HAL_PCD_EP_Open
                0x08005a98       0x8a CMakeFiles/MCS-Unit.elf.dir/Drivers/STM32F4xx_HAL_Driver/Src/stm32f4xx_hal_pcd.c.obj
                0x08005a98                HAL_PCD_EP_Open
 .text.HAL_PCD_EP_Close
                0x08005b22       0x72 CMakeFiles/MCS-Unit.elf.dir/Drivers/STM32F4xx_HAL_Driver/Src/stm32f4xx_hal_pcd.c.obj
                0x08005b22                HAL_PCD_EP_Close
 .text.HAL_PCD_EP_Receive
                0x08005b94       0x5e CMakeFiles/MCS-Unit.elf.dir/Drivers/STM32F4xx_HAL_Driver/Src/stm32f4xx_hal_pcd.c.obj
                0x08005b94                HAL_PCD_EP_Receive
 .text.HAL_PCD_EP_GetRxCount
                0x08005bf2       0x12 CMakeFiles/MCS-Unit.elf.dir/Drivers/STM32F4xx_HAL_Driver/Src/stm32f4xx_hal_pcd.c.obj
                0x08005bf2                HAL_PCD_EP_GetRxCount
 .text.HAL_PCD_EP_Transmit
                0x08005c04       0x5e CMakeFiles/MCS-Unit.elf.dir/Drivers/STM32F4xx_HAL_Driver/Src/stm32f4xx_hal_pcd.c.obj
                0x08005c04                HAL_PCD_EP_Transmit
 .text.HAL_PCD_EP_SetStall
                0x08005c62       0x88 CMakeFiles/MCS-Unit.elf.dir/Drivers/STM32F4xx_HAL_Driver/Src/stm32f4xx_hal_pcd.c.obj
                0x08005c62                HAL_PCD_EP_SetStall
 .text.HAL_PCD_EP_ClrStall
                0x08005cea       0x76 CMakeFiles/MCS-Unit.elf.dir/Drivers/STM32F4xx_HAL_Driver/Src/stm32f4xx_hal_pcd.c.obj
                0x08005cea                HAL_PCD_EP_ClrStall
 .text.HAL_PCD_EP_Abort
                0x08005d60       0x34 CMakeFiles/MCS-Unit.elf.dir/Drivers/STM32F4xx_HAL_Driver/Src/stm32f4xx_hal_pcd.c.obj
                0x08005d60                HAL_PCD_EP_Abort
 .text.HAL_PCD_IRQHandler
                0x08005d94      0x5c4 CMakeFiles/MCS-Unit.elf.dir/Drivers/STM32F4xx_HAL_Driver/Src/stm32f4xx_hal_pcd.c.obj
                0x08005d94                HAL_PCD_IRQHandler
 .text.HAL_PCDEx_SetTxFiFo
                0x08006358       0x4a CMakeFiles/MCS-Unit.elf.dir/Drivers/STM32F4xx_HAL_Driver/Src/stm32f4xx_hal_pcd_ex.c.obj
                0x08006358                HAL_PCDEx_SetTxFiFo
 .text.HAL_PCDEx_SetRxFiFo
                0x080063a2        0x8 CMakeFiles/MCS-Unit.elf.dir/Drivers/STM32F4xx_HAL_Driver/Src/stm32f4xx_hal_pcd_ex.c.obj
                0x080063a2                HAL_PCDEx_SetRxFiFo
 .text.HAL_PCDEx_LPM_Callback
                0x080063aa        0x2 CMakeFiles/MCS-Unit.elf.dir/Drivers/STM32F4xx_HAL_Driver/Src/stm32f4xx_hal_pcd_ex.c.obj
                0x080063aa                HAL_PCDEx_LPM_Callback
 .text.HAL_RCC_OscConfig
                0x080063ac      0x3f8 CMakeFiles/MCS-Unit.elf.dir/Drivers/STM32F4xx_HAL_Driver/Src/stm32f4xx_hal_rcc.c.obj
                0x080063ac                HAL_RCC_OscConfig
 .text.HAL_RCC_GetSysClockFreq
                0x080067a4       0xa4 CMakeFiles/MCS-Unit.elf.dir/Drivers/STM32F4xx_HAL_Driver/Src/stm32f4xx_hal_rcc.c.obj
                0x080067a4                HAL_RCC_GetSysClockFreq
 .text.HAL_RCC_ClockConfig
                0x08006848      0x160 CMakeFiles/MCS-Unit.elf.dir/Drivers/STM32F4xx_HAL_Driver/Src/stm32f4xx_hal_rcc.c.obj
                0x08006848                HAL_RCC_ClockConfig
 .text.HAL_RCC_GetHCLKFreq
                0x080069a8        0xc CMakeFiles/MCS-Unit.elf.dir/Drivers/STM32F4xx_HAL_Driver/Src/stm32f4xx_hal_rcc.c.obj
                0x080069a8                HAL_RCC_GetHCLKFreq
 .text.HAL_RCC_GetPCLK1Freq
                0x080069b4       0x20 CMakeFiles/MCS-Unit.elf.dir/Drivers/STM32F4xx_HAL_Driver/Src/stm32f4xx_hal_rcc.c.obj
                0x080069b4                HAL_RCC_GetPCLK1Freq
 .text.HAL_RCC_GetPCLK2Freq
                0x080069d4       0x20 CMakeFiles/MCS-Unit.elf.dir/Drivers/STM32F4xx_HAL_Driver/Src/stm32f4xx_hal_rcc.c.obj
                0x080069d4                HAL_RCC_GetPCLK2Freq
 .text.UART_EndRxTransfer
                0x080069f4       0x5c CMakeFiles/MCS-Unit.elf.dir/Drivers/STM32F4xx_HAL_Driver/Src/stm32f4xx_hal_uart.c.obj
 .text.UART_Transmit_IT
                0x08006a50       0x60 CMakeFiles/MCS-Unit.elf.dir/Drivers/STM32F4xx_HAL_Driver/Src/stm32f4xx_hal_uart.c.obj
 .text.UART_SetConfig
                0x08006ab0      0x110 CMakeFiles/MCS-Unit.elf.dir/Drivers/STM32F4xx_HAL_Driver/Src/stm32f4xx_hal_uart.c.obj
 .text.HAL_UART_Init
                0x08006bc0       0x5e CMakeFiles/MCS-Unit.elf.dir/Drivers/STM32F4xx_HAL_Driver/Src/stm32f4xx_hal_uart.c.obj
                0x08006bc0                HAL_UART_Init
 .text.HAL_UART_TxCpltCallback
                0x08006c1e        0x2 CMakeFiles/MCS-Unit.elf.dir/Drivers/STM32F4xx_HAL_Driver/Src/stm32f4xx_hal_uart.c.obj
                0x08006c1e                HAL_UART_TxCpltCallback
 .text.UART_EndTransmit_IT
                0x08006c20       0x1a CMakeFiles/MCS-Unit.elf.dir/Drivers/STM32F4xx_HAL_Driver/Src/stm32f4xx_hal_uart.c.obj
 .text.HAL_UART_ErrorCallback
                0x08006c3a        0x2 CMakeFiles/MCS-Unit.elf.dir/Drivers/STM32F4xx_HAL_Driver/Src/stm32f4xx_hal_uart.c.obj
                0x08006c3a                HAL_UART_ErrorCallback
 .text.UART_DMAAbortOnError
                0x08006c3c       0x10 CMakeFiles/MCS-Unit.elf.dir/Drivers/STM32F4xx_HAL_Driver/Src/stm32f4xx_hal_uart.c.obj
 .text.HAL_UARTEx_RxEventCallback
                0x08006c4c        0x2 CMakeFiles/MCS-Unit.elf.dir/Drivers/STM32F4xx_HAL_Driver/Src/stm32f4xx_hal_uart.c.obj
                0x08006c4c                HAL_UARTEx_RxEventCallback
 .text.UART_Receive_IT
                0x08006c4e       0xe2 CMakeFiles/MCS-Unit.elf.dir/Drivers/STM32F4xx_HAL_Driver/Src/stm32f4xx_hal_uart.c.obj
 .text.HAL_UART_IRQHandler
                0x08006d30      0x280 CMakeFiles/MCS-Unit.elf.dir/Drivers/STM32F4xx_HAL_Driver/Src/stm32f4xx_hal_uart.c.obj
                0x08006d30                HAL_UART_IRQHandler
 .text.USB_CoreReset
                0x08006fb0       0x50 CMakeFiles/MCS-Unit.elf.dir/Drivers/STM32F4xx_HAL_Driver/Src/stm32f4xx_ll_usb.c.obj
 .text.USB_CoreInit
                0x08007000       0x8a CMakeFiles/MCS-Unit.elf.dir/Drivers/STM32F4xx_HAL_Driver/Src/stm32f4xx_ll_usb.c.obj
                0x08007000                USB_CoreInit
 *fill*         0x0800708a        0x2 
 .text.USB_SetTurnaroundTime
                0x0800708c       0xe4 CMakeFiles/MCS-Unit.elf.dir/Drivers/STM32F4xx_HAL_Driver/Src/stm32f4xx_ll_usb.c.obj
                0x0800708c                USB_SetTurnaroundTime
 .text.USB_EnableGlobalInt
                0x08007170        0xc CMakeFiles/MCS-Unit.elf.dir/Drivers/STM32F4xx_HAL_Driver/Src/stm32f4xx_ll_usb.c.obj
                0x08007170                USB_EnableGlobalInt
 .text.USB_DisableGlobalInt
                0x0800717c        0xc CMakeFiles/MCS-Unit.elf.dir/Drivers/STM32F4xx_HAL_Driver/Src/stm32f4xx_ll_usb.c.obj
                0x0800717c                USB_DisableGlobalInt
 .text.USB_FlushTxFifo
                0x08007188       0x50 CMakeFiles/MCS-Unit.elf.dir/Drivers/STM32F4xx_HAL_Driver/Src/stm32f4xx_ll_usb.c.obj
                0x08007188                USB_FlushTxFifo
 .text.USB_FlushRxFifo
                0x080071d8       0x4c CMakeFiles/MCS-Unit.elf.dir/Drivers/STM32F4xx_HAL_Driver/Src/stm32f4xx_ll_usb.c.obj
                0x080071d8                USB_FlushRxFifo
 .text.USB_SetDevSpeed
                0x08007224        0xe CMakeFiles/MCS-Unit.elf.dir/Drivers/STM32F4xx_HAL_Driver/Src/stm32f4xx_ll_usb.c.obj
                0x08007224                USB_SetDevSpeed
 *fill*         0x08007232        0x2 
 .text.USB_DevInit
                0x08007234      0x190 CMakeFiles/MCS-Unit.elf.dir/Drivers/STM32F4xx_HAL_Driver/Src/stm32f4xx_ll_usb.c.obj
                0x08007234                USB_DevInit
 .text.USB_GetDevSpeed
                0x080073c4       0x22 CMakeFiles/MCS-Unit.elf.dir/Drivers/STM32F4xx_HAL_Driver/Src/stm32f4xx_ll_usb.c.obj
                0x080073c4                USB_GetDevSpeed
 .text.USB_ActivateEndpoint
                0x080073e6       0x9c CMakeFiles/MCS-Unit.elf.dir/Drivers/STM32F4xx_HAL_Driver/Src/stm32f4xx_ll_usb.c.obj
                0x080073e6                USB_ActivateEndpoint
 *fill*         0x08007482        0x2 
 .text.USB_DeactivateEndpoint
                0x08007484       0xe0 CMakeFiles/MCS-Unit.elf.dir/Drivers/STM32F4xx_HAL_Driver/Src/stm32f4xx_ll_usb.c.obj
                0x08007484                USB_DeactivateEndpoint
 .text.USB_EP0StartXfer
                0x08007564      0x128 CMakeFiles/MCS-Unit.elf.dir/Drivers/STM32F4xx_HAL_Driver/Src/stm32f4xx_ll_usb.c.obj
                0x08007564                USB_EP0StartXfer
 .text.USB_EPStopXfer
                0x0800768c       0xbc CMakeFiles/MCS-Unit.elf.dir/Drivers/STM32F4xx_HAL_Driver/Src/stm32f4xx_ll_usb.c.obj
                0x0800768c                USB_EPStopXfer
 .text.USB_WritePacket
                0x08007748       0x2e CMakeFiles/MCS-Unit.elf.dir/Drivers/STM32F4xx_HAL_Driver/Src/stm32f4xx_ll_usb.c.obj
                0x08007748                USB_WritePacket
 *fill*         0x08007776        0x2 
 .text.USB_EPStartXfer
                0x08007778      0x234 CMakeFiles/MCS-Unit.elf.dir/Drivers/STM32F4xx_HAL_Driver/Src/stm32f4xx_ll_usb.c.obj
                0x08007778                USB_EPStartXfer
 .text.USB_ReadPacket
                0x080079ac       0x54 CMakeFiles/MCS-Unit.elf.dir/Drivers/STM32F4xx_HAL_Driver/Src/stm32f4xx_ll_usb.c.obj
                0x080079ac                USB_ReadPacket
 .text.USB_EPSetStall
                0x08007a00       0x5a CMakeFiles/MCS-Unit.elf.dir/Drivers/STM32F4xx_HAL_Driver/Src/stm32f4xx_ll_usb.c.obj
                0x08007a00                USB_EPSetStall
 .text.USB_EPClearStall
                0x08007a5a       0x5c CMakeFiles/MCS-Unit.elf.dir/Drivers/STM32F4xx_HAL_Driver/Src/stm32f4xx_ll_usb.c.obj
                0x08007a5a                USB_EPClearStall
 .text.USB_SetDevAddress
                0x08007ab6       0x20 CMakeFiles/MCS-Unit.elf.dir/Drivers/STM32F4xx_HAL_Driver/Src/stm32f4xx_ll_usb.c.obj
                0x08007ab6                USB_SetDevAddress
 .text.USB_DevConnect
                0x08007ad6       0x1c CMakeFiles/MCS-Unit.elf.dir/Drivers/STM32F4xx_HAL_Driver/Src/stm32f4xx_ll_usb.c.obj
                0x08007ad6                USB_DevConnect
 .text.USB_DevDisconnect
                0x08007af2       0x1c CMakeFiles/MCS-Unit.elf.dir/Drivers/STM32F4xx_HAL_Driver/Src/stm32f4xx_ll_usb.c.obj
                0x08007af2                USB_DevDisconnect
 .text.USB_ReadInterrupts
                0x08007b0e        0x8 CMakeFiles/MCS-Unit.elf.dir/Drivers/STM32F4xx_HAL_Driver/Src/stm32f4xx_ll_usb.c.obj
                0x08007b0e                USB_ReadInterrupts
 .text.USB_ReadDevAllOutEpInterrupt
                0x08007b16       0x10 CMakeFiles/MCS-Unit.elf.dir/Drivers/STM32F4xx_HAL_Driver/Src/stm32f4xx_ll_usb.c.obj
                0x08007b16                USB_ReadDevAllOutEpInterrupt
 .text.USB_ReadDevAllInEpInterrupt
                0x08007b26       0x10 CMakeFiles/MCS-Unit.elf.dir/Drivers/STM32F4xx_HAL_Driver/Src/stm32f4xx_ll_usb.c.obj
                0x08007b26                USB_ReadDevAllInEpInterrupt
 .text.USB_ReadDevOutEPInterrupt
                0x08007b36       0x12 CMakeFiles/MCS-Unit.elf.dir/Drivers/STM32F4xx_HAL_Driver/Src/stm32f4xx_ll_usb.c.obj
                0x08007b36                USB_ReadDevOutEPInterrupt
 .text.USB_ReadDevInEPInterrupt
                0x08007b48       0x26 CMakeFiles/MCS-Unit.elf.dir/Drivers/STM32F4xx_HAL_Driver/Src/stm32f4xx_ll_usb.c.obj
                0x08007b48                USB_ReadDevInEPInterrupt
 .text.USB_GetMode
                0x08007b6e        0x8 CMakeFiles/MCS-Unit.elf.dir/Drivers/STM32F4xx_HAL_Driver/Src/stm32f4xx_ll_usb.c.obj
                0x08007b6e                USB_GetMode
 .text.USB_SetCurrentMode
                0x08007b76       0x62 CMakeFiles/MCS-Unit.elf.dir/Drivers/STM32F4xx_HAL_Driver/Src/stm32f4xx_ll_usb.c.obj
                0x08007b76                USB_SetCurrentMode
 .text.USB_ActivateSetup
                0x08007bd8       0x20 CMakeFiles/MCS-Unit.elf.dir/Drivers/STM32F4xx_HAL_Driver/Src/stm32f4xx_ll_usb.c.obj
                0x08007bd8                USB_ActivateSetup
 .text.USB_EP0_OutStart
                0x08007bf8       0x5c CMakeFiles/MCS-Unit.elf.dir/Drivers/STM32F4xx_HAL_Driver/Src/stm32f4xx_ll_usb.c.obj
                0x08007bf8                USB_EP0_OutStart
 .text.USBD_CDC_EP0_RxReady
                0x08007c54       0x40 CMakeFiles/MCS-Unit.elf.dir/Middlewares/ST/STM32_USB_Device_Library/Class/CDC/Src/usbd_cdc.c.obj
 .text.USBD_CDC_GetDeviceQualifierDescriptor
                0x08007c94        0xc CMakeFiles/MCS-Unit.elf.dir/Middlewares/ST/STM32_USB_Device_Library/Class/CDC/Src/usbd_cdc.c.obj
                0x08007c94                USBD_CDC_GetDeviceQualifierDescriptor
 .text.USBD_CDC_GetOtherSpeedCfgDesc
                0x08007ca0       0x48 CMakeFiles/MCS-Unit.elf.dir/Middlewares/ST/STM32_USB_Device_Library/Class/CDC/Src/usbd_cdc.c.obj
 .text.USBD_CDC_GetFSCfgDesc
                0x08007ce8       0x48 CMakeFiles/MCS-Unit.elf.dir/Middlewares/ST/STM32_USB_Device_Library/Class/CDC/Src/usbd_cdc.c.obj
 .text.USBD_CDC_GetHSCfgDesc
                0x08007d30       0x48 CMakeFiles/MCS-Unit.elf.dir/Middlewares/ST/STM32_USB_Device_Library/Class/CDC/Src/usbd_cdc.c.obj
 .text.USBD_CDC_DataOut
                0x08007d78       0x38 CMakeFiles/MCS-Unit.elf.dir/Middlewares/ST/STM32_USB_Device_Library/Class/CDC/Src/usbd_cdc.c.obj
 .text.USBD_CDC_DataIn
                0x08007db0       0x7c CMakeFiles/MCS-Unit.elf.dir/Middlewares/ST/STM32_USB_Device_Library/Class/CDC/Src/usbd_cdc.c.obj
 .text.USBD_CDC_Setup
                0x08007e2c      0x11a CMakeFiles/MCS-Unit.elf.dir/Middlewares/ST/STM32_USB_Device_Library/Class/CDC/Src/usbd_cdc.c.obj
 .text.USBD_CDC_DeInit
                0x08007f46       0x64 CMakeFiles/MCS-Unit.elf.dir/Middlewares/ST/STM32_USB_Device_Library/Class/CDC/Src/usbd_cdc.c.obj
 .text.USBD_CDC_Init
                0x08007faa       0xee CMakeFiles/MCS-Unit.elf.dir/Middlewares/ST/STM32_USB_Device_Library/Class/CDC/Src/usbd_cdc.c.obj
 .text.USBD_CDC_RegisterInterface
                0x08008098       0x16 CMakeFiles/MCS-Unit.elf.dir/Middlewares/ST/STM32_USB_Device_Library/Class/CDC/Src/usbd_cdc.c.obj
                0x08008098                USBD_CDC_RegisterInterface
 .text.USBD_CDC_SetTxBuffer
                0x080080ae       0x1c CMakeFiles/MCS-Unit.elf.dir/Middlewares/ST/STM32_USB_Device_Library/Class/CDC/Src/usbd_cdc.c.obj
                0x080080ae                USBD_CDC_SetTxBuffer
 .text.USBD_CDC_SetRxBuffer
                0x080080ca       0x18 CMakeFiles/MCS-Unit.elf.dir/Middlewares/ST/STM32_USB_Device_Library/Class/CDC/Src/usbd_cdc.c.obj
                0x080080ca                USBD_CDC_SetRxBuffer
 .text.USBD_CDC_TransmitPacket
                0x080080e2       0x3a CMakeFiles/MCS-Unit.elf.dir/Middlewares/ST/STM32_USB_Device_Library/Class/CDC/Src/usbd_cdc.c.obj
                0x080080e2                USBD_CDC_TransmitPacket
 .text.USBD_CDC_ReceivePacket
                0x0800811c       0x38 CMakeFiles/MCS-Unit.elf.dir/Middlewares/ST/STM32_USB_Device_Library/Class/CDC/Src/usbd_cdc.c.obj
                0x0800811c                USBD_CDC_ReceivePacket
 .text.USBD_Init
                0x08008154       0x2e CMakeFiles/MCS-Unit.elf.dir/Middlewares/ST/STM32_USB_Device_Library/Core/Src/usbd_core.c.obj
                0x08008154                USBD_Init
 .text.USBD_RegisterClass
                0x08008182       0x34 CMakeFiles/MCS-Unit.elf.dir/Middlewares/ST/STM32_USB_Device_Library/Core/Src/usbd_core.c.obj
                0x08008182                USBD_RegisterClass
 .text.USBD_Start
                0x080081b6        0x8 CMakeFiles/MCS-Unit.elf.dir/Middlewares/ST/STM32_USB_Device_Library/Core/Src/usbd_core.c.obj
                0x080081b6                USBD_Start
 .text.USBD_SetClassConfig
                0x080081be       0x12 CMakeFiles/MCS-Unit.elf.dir/Middlewares/ST/STM32_USB_Device_Library/Core/Src/usbd_core.c.obj
                0x080081be                USBD_SetClassConfig
 .text.USBD_ClrClassConfig
                0x080081d0       0x12 CMakeFiles/MCS-Unit.elf.dir/Middlewares/ST/STM32_USB_Device_Library/Core/Src/usbd_core.c.obj
                0x080081d0                USBD_ClrClassConfig
 .text.USBD_LL_SetupStage
                0x080081e2       0x58 CMakeFiles/MCS-Unit.elf.dir/Middlewares/ST/STM32_USB_Device_Library/Core/Src/usbd_core.c.obj
                0x080081e2                USBD_LL_SetupStage
 .text.USBD_LL_Reset
                0x0800823a       0x64 CMakeFiles/MCS-Unit.elf.dir/Middlewares/ST/STM32_USB_Device_Library/Core/Src/usbd_core.c.obj
                0x0800823a                USBD_LL_Reset
 .text.USBD_LL_SetSpeed
                0x0800829e        0x6 CMakeFiles/MCS-Unit.elf.dir/Middlewares/ST/STM32_USB_Device_Library/Core/Src/usbd_core.c.obj
                0x0800829e                USBD_LL_SetSpeed
 .text.USBD_LL_Suspend
                0x080082a4       0x14 CMakeFiles/MCS-Unit.elf.dir/Middlewares/ST/STM32_USB_Device_Library/Core/Src/usbd_core.c.obj
                0x080082a4                USBD_LL_Suspend
 .text.USBD_LL_Resume
                0x080082b8       0x1a CMakeFiles/MCS-Unit.elf.dir/Middlewares/ST/STM32_USB_Device_Library/Core/Src/usbd_core.c.obj
                0x080082b8                USBD_LL_Resume
 .text.USBD_LL_SOF
                0x080082d2       0x22 CMakeFiles/MCS-Unit.elf.dir/Middlewares/ST/STM32_USB_Device_Library/Core/Src/usbd_core.c.obj
                0x080082d2                USBD_LL_SOF
 .text.USBD_LL_IsoINIncomplete
                0x080082f4       0x2e CMakeFiles/MCS-Unit.elf.dir/Middlewares/ST/STM32_USB_Device_Library/Core/Src/usbd_core.c.obj
                0x080082f4                USBD_LL_IsoINIncomplete
 .text.USBD_LL_IsoOUTIncomplete
                0x08008322       0x2e CMakeFiles/MCS-Unit.elf.dir/Middlewares/ST/STM32_USB_Device_Library/Core/Src/usbd_core.c.obj
                0x08008322                USBD_LL_IsoOUTIncomplete
 .text.USBD_LL_DevConnected
                0x08008350        0x4 CMakeFiles/MCS-Unit.elf.dir/Middlewares/ST/STM32_USB_Device_Library/Core/Src/usbd_core.c.obj
                0x08008350                USBD_LL_DevConnected
 .text.USBD_LL_DevDisconnected
                0x08008354       0x20 CMakeFiles/MCS-Unit.elf.dir/Middlewares/ST/STM32_USB_Device_Library/Core/Src/usbd_core.c.obj
                0x08008354                USBD_LL_DevDisconnected
 .text.USBD_CoreFindIF
                0x08008374        0x4 CMakeFiles/MCS-Unit.elf.dir/Middlewares/ST/STM32_USB_Device_Library/Core/Src/usbd_core.c.obj
                0x08008374                USBD_CoreFindIF
 .text.USBD_CoreFindEP
                0x08008378        0x4 CMakeFiles/MCS-Unit.elf.dir/Middlewares/ST/STM32_USB_Device_Library/Core/Src/usbd_core.c.obj
                0x08008378                USBD_CoreFindEP
 .text.USBD_LL_DataOutStage
                0x0800837c       0xc6 CMakeFiles/MCS-Unit.elf.dir/Middlewares/ST/STM32_USB_Device_Library/Core/Src/usbd_core.c.obj
                0x0800837c                USBD_LL_DataOutStage
 .text.USBD_LL_DataInStage
                0x08008442       0xd6 CMakeFiles/MCS-Unit.elf.dir/Middlewares/ST/STM32_USB_Device_Library/Core/Src/usbd_core.c.obj
                0x08008442                USBD_LL_DataInStage
 .text.USBD_GetNextDesc
                0x08008518        0xe CMakeFiles/MCS-Unit.elf.dir/Middlewares/ST/STM32_USB_Device_Library/Core/Src/usbd_core.c.obj
                0x08008518                USBD_GetNextDesc
 .text.USBD_GetEpDesc
                0x08008526       0x3e CMakeFiles/MCS-Unit.elf.dir/Middlewares/ST/STM32_USB_Device_Library/Core/Src/usbd_core.c.obj
                0x08008526                USBD_GetEpDesc
 .text.USBD_GetLen
                0x08008564       0x14 CMakeFiles/MCS-Unit.elf.dir/Middlewares/ST/STM32_USB_Device_Library/Core/Src/usbd_ctlreq.c.obj
 .text.USBD_ParseSetupRequest
                0x08008578       0x28 CMakeFiles/MCS-Unit.elf.dir/Middlewares/ST/STM32_USB_Device_Library/Core/Src/usbd_ctlreq.c.obj
                0x08008578                USBD_ParseSetupRequest
 .text.USBD_CtlError
                0x080085a0       0x14 CMakeFiles/MCS-Unit.elf.dir/Middlewares/ST/STM32_USB_Device_Library/Core/Src/usbd_ctlreq.c.obj
                0x080085a0                USBD_CtlError
 .text.USBD_GetDescriptor
                0x080085b4      0x18a CMakeFiles/MCS-Unit.elf.dir/Middlewares/ST/STM32_USB_Device_Library/Core/Src/usbd_ctlreq.c.obj
 .text.USBD_SetAddress
                0x0800873e       0x50 CMakeFiles/MCS-Unit.elf.dir/Middlewares/ST/STM32_USB_Device_Library/Core/Src/usbd_ctlreq.c.obj
 *fill*         0x0800878e        0x2 
 .text.USBD_SetConfig
                0x08008790       0xcc CMakeFiles/MCS-Unit.elf.dir/Middlewares/ST/STM32_USB_Device_Library/Core/Src/usbd_ctlreq.c.obj
 .text.USBD_GetConfig
                0x0800885c       0x40 CMakeFiles/MCS-Unit.elf.dir/Middlewares/ST/STM32_USB_Device_Library/Core/Src/usbd_ctlreq.c.obj
 .text.USBD_GetStatus
                0x0800889c       0x38 CMakeFiles/MCS-Unit.elf.dir/Middlewares/ST/STM32_USB_Device_Library/Core/Src/usbd_ctlreq.c.obj
 .text.USBD_SetFeature
                0x080088d4       0x2a CMakeFiles/MCS-Unit.elf.dir/Middlewares/ST/STM32_USB_Device_Library/Core/Src/usbd_ctlreq.c.obj
 .text.USBD_ClrFeature
                0x080088fe       0x26 CMakeFiles/MCS-Unit.elf.dir/Middlewares/ST/STM32_USB_Device_Library/Core/Src/usbd_ctlreq.c.obj
 .text.USBD_StdDevReq
                0x08008924       0x76 CMakeFiles/MCS-Unit.elf.dir/Middlewares/ST/STM32_USB_Device_Library/Core/Src/usbd_ctlreq.c.obj
                0x08008924                USBD_StdDevReq
 .text.USBD_StdItfReq
                0x0800899a       0x84 CMakeFiles/MCS-Unit.elf.dir/Middlewares/ST/STM32_USB_Device_Library/Core/Src/usbd_ctlreq.c.obj
                0x0800899a                USBD_StdItfReq
 .text.USBD_StdEPReq
                0x08008a1e      0x230 CMakeFiles/MCS-Unit.elf.dir/Middlewares/ST/STM32_USB_Device_Library/Core/Src/usbd_ctlreq.c.obj
                0x08008a1e                USBD_StdEPReq
 .text.USBD_GetString
                0x08008c4e       0x3a CMakeFiles/MCS-Unit.elf.dir/Middlewares/ST/STM32_USB_Device_Library/Core/Src/usbd_ctlreq.c.obj
                0x08008c4e                USBD_GetString
 .text.USBD_CtlSendData
                0x08008c88       0x1a CMakeFiles/MCS-Unit.elf.dir/Middlewares/ST/STM32_USB_Device_Library/Core/Src/usbd_ioreq.c.obj
                0x08008c88                USBD_CtlSendData
 .text.USBD_CtlContinueSendData
                0x08008ca2       0x10 CMakeFiles/MCS-Unit.elf.dir/Middlewares/ST/STM32_USB_Device_Library/Core/Src/usbd_ioreq.c.obj
                0x08008ca2                USBD_CtlContinueSendData
 .text.USBD_CtlPrepareRx
                0x08008cb2       0x1e CMakeFiles/MCS-Unit.elf.dir/Middlewares/ST/STM32_USB_Device_Library/Core/Src/usbd_ioreq.c.obj
                0x08008cb2                USBD_CtlPrepareRx
 .text.USBD_CtlContinueRx
                0x08008cd0       0x10 CMakeFiles/MCS-Unit.elf.dir/Middlewares/ST/STM32_USB_Device_Library/Core/Src/usbd_ioreq.c.obj
                0x08008cd0                USBD_CtlContinueRx
 .text.USBD_CtlSendStatus
                0x08008ce0       0x16 CMakeFiles/MCS-Unit.elf.dir/Middlewares/ST/STM32_USB_Device_Library/Core/Src/usbd_ioreq.c.obj
                0x08008ce0                USBD_CtlSendStatus
 .text.USBD_CtlReceiveStatus
                0x08008cf6       0x16 CMakeFiles/MCS-Unit.elf.dir/Middlewares/ST/STM32_USB_Device_Library/Core/Src/usbd_ioreq.c.obj
                0x08008cf6                USBD_CtlReceiveStatus
 .text.MX_USB_DEVICE_Init
                0x08008d0c       0x54 CMakeFiles/MCS-Unit.elf.dir/USB_DEVICE/App/usb_device.c.obj
                0x08008d0c                MX_USB_DEVICE_Init
 .text.CDC_DeInit_FS
                0x08008d60        0x4 CMakeFiles/MCS-Unit.elf.dir/USB_DEVICE/App/usbd_cdc_if.c.obj
 .text.CDC_Control_FS
                0x08008d64        0x4 CMakeFiles/MCS-Unit.elf.dir/USB_DEVICE/App/usbd_cdc_if.c.obj
 .text.CDC_TransmitCplt_FS
                0x08008d68        0x4 CMakeFiles/MCS-Unit.elf.dir/USB_DEVICE/App/usbd_cdc_if.c.obj
 .text.CDC_Init_FS
                0x08008d6c       0x28 CMakeFiles/MCS-Unit.elf.dir/USB_DEVICE/App/usbd_cdc_if.c.obj
 .text.CDC_Transmit_FS
                0x08008d94       0x2c CMakeFiles/MCS-Unit.elf.dir/USB_DEVICE/App/usbd_cdc_if.c.obj
                0x08008d94                CDC_Transmit_FS
 .text.CDC_Receive_FS
                0x08008dc0       0x28 CMakeFiles/MCS-Unit.elf.dir/USB_DEVICE/App/usbd_cdc_if.c.obj
 .text.usb_printf
                0x08008de8       0x30 CMakeFiles/MCS-Unit.elf.dir/USB_DEVICE/App/usbd_cdc_if.c.obj
                0x08008de8                usb_printf
 .text.USBD_FS_DeviceDescriptor
                0x08008e18        0xc CMakeFiles/MCS-Unit.elf.dir/USB_DEVICE/App/usbd_desc.c.obj
                0x08008e18                USBD_FS_DeviceDescriptor
 .text.USBD_FS_LangIDStrDescriptor
                0x08008e24        0xc CMakeFiles/MCS-Unit.elf.dir/USB_DEVICE/App/usbd_desc.c.obj
                0x08008e24                USBD_FS_LangIDStrDescriptor
 .text.IntToUnicode
                0x08008e30       0x46 CMakeFiles/MCS-Unit.elf.dir/USB_DEVICE/App/usbd_desc.c.obj
 *fill*         0x08008e76        0x2 
 .text.Get_SerialNum
                0x08008e78       0x38 CMakeFiles/MCS-Unit.elf.dir/USB_DEVICE/App/usbd_desc.c.obj
 .text.USBD_FS_SerialStrDescriptor
                0x08008eb0       0x14 CMakeFiles/MCS-Unit.elf.dir/USB_DEVICE/App/usbd_desc.c.obj
                0x08008eb0                USBD_FS_SerialStrDescriptor
 .text.USBD_FS_ProductStrDescriptor
                0x08008ec4       0x24 CMakeFiles/MCS-Unit.elf.dir/USB_DEVICE/App/usbd_desc.c.obj
                0x08008ec4                USBD_FS_ProductStrDescriptor
 .text.USBD_FS_ManufacturerStrDescriptor
                0x08008ee8       0x1c CMakeFiles/MCS-Unit.elf.dir/USB_DEVICE/App/usbd_desc.c.obj
                0x08008ee8                USBD_FS_ManufacturerStrDescriptor
 .text.USBD_FS_ConfigStrDescriptor
                0x08008f04       0x24 CMakeFiles/MCS-Unit.elf.dir/USB_DEVICE/App/usbd_desc.c.obj
                0x08008f04                USBD_FS_ConfigStrDescriptor
 .text.USBD_FS_InterfaceStrDescriptor
                0x08008f28       0x24 CMakeFiles/MCS-Unit.elf.dir/USB_DEVICE/App/usbd_desc.c.obj
                0x08008f28                USBD_FS_InterfaceStrDescriptor
 .text.HAL_PCD_MspInit
                0x08008f4c       0x84 CMakeFiles/MCS-Unit.elf.dir/USB_DEVICE/Target/usbd_conf.c.obj
                0x08008f4c                HAL_PCD_MspInit
 .text.HAL_PCD_SetupStageCallback
                0x08008fd0       0x10 CMakeFiles/MCS-Unit.elf.dir/USB_DEVICE/Target/usbd_conf.c.obj
                0x08008fd0                HAL_PCD_SetupStageCallback
 .text.HAL_PCD_DataOutStageCallback
                0x08008fe0       0x18 CMakeFiles/MCS-Unit.elf.dir/USB_DEVICE/Target/usbd_conf.c.obj
                0x08008fe0                HAL_PCD_DataOutStageCallback
 .text.HAL_PCD_DataInStageCallback
                0x08008ff8       0x16 CMakeFiles/MCS-Unit.elf.dir/USB_DEVICE/Target/usbd_conf.c.obj
                0x08008ff8                HAL_PCD_DataInStageCallback
 .text.HAL_PCD_SOFCallback
                0x0800900e        0xc CMakeFiles/MCS-Unit.elf.dir/USB_DEVICE/Target/usbd_conf.c.obj
                0x0800900e                HAL_PCD_SOFCallback
 .text.HAL_PCD_ResetCallback
                0x0800901a       0x24 CMakeFiles/MCS-Unit.elf.dir/USB_DEVICE/Target/usbd_conf.c.obj
                0x0800901a                HAL_PCD_ResetCallback
 *fill*         0x0800903e        0x2 
 .text.HAL_PCD_SuspendCallback
                0x08009040       0x30 CMakeFiles/MCS-Unit.elf.dir/USB_DEVICE/Target/usbd_conf.c.obj
                0x08009040                HAL_PCD_SuspendCallback
 .text.HAL_PCD_ResumeCallback
                0x08009070        0xc CMakeFiles/MCS-Unit.elf.dir/USB_DEVICE/Target/usbd_conf.c.obj
                0x08009070                HAL_PCD_ResumeCallback
 .text.HAL_PCD_ISOOUTIncompleteCallback
                0x0800907c        0xc CMakeFiles/MCS-Unit.elf.dir/USB_DEVICE/Target/usbd_conf.c.obj
                0x0800907c                HAL_PCD_ISOOUTIncompleteCallback
 .text.HAL_PCD_ISOINIncompleteCallback
                0x08009088        0xc CMakeFiles/MCS-Unit.elf.dir/USB_DEVICE/Target/usbd_conf.c.obj
                0x08009088                HAL_PCD_ISOINIncompleteCallback
 .text.HAL_PCD_ConnectCallback
                0x08009094        0xc CMakeFiles/MCS-Unit.elf.dir/USB_DEVICE/Target/usbd_conf.c.obj
                0x08009094                HAL_PCD_ConnectCallback
 .text.HAL_PCD_DisconnectCallback
                0x080090a0        0xc CMakeFiles/MCS-Unit.elf.dir/USB_DEVICE/Target/usbd_conf.c.obj
                0x080090a0                HAL_PCD_DisconnectCallback
 .text.USBD_LL_Init
                0x080090ac       0x68 CMakeFiles/MCS-Unit.elf.dir/USB_DEVICE/Target/usbd_conf.c.obj
                0x080090ac                USBD_LL_Init
 .text.USBD_LL_IsStallEP
                0x08009114       0x2e CMakeFiles/MCS-Unit.elf.dir/USB_DEVICE/Target/usbd_conf.c.obj
                0x08009114                USBD_LL_IsStallEP
 .text.USBD_LL_GetRxDataSize
                0x08009142        0xc CMakeFiles/MCS-Unit.elf.dir/USB_DEVICE/Target/usbd_conf.c.obj
                0x08009142                USBD_LL_GetRxDataSize
 *fill*         0x0800914e        0x2 
 .text.USBD_static_malloc
                0x08009150        0x8 CMakeFiles/MCS-Unit.elf.dir/USB_DEVICE/Target/usbd_conf.c.obj
                0x08009150                USBD_static_malloc
 .text.USBD_static_free
                0x08009158        0x2 CMakeFiles/MCS-Unit.elf.dir/USB_DEVICE/Target/usbd_conf.c.obj
                0x08009158                USBD_static_free
 .text.USBD_Get_USB_Status
                0x0800915a       0x14 CMakeFiles/MCS-Unit.elf.dir/USB_DEVICE/Target/usbd_conf.c.obj
                0x0800915a                USBD_Get_USB_Status
 .text.USBD_LL_Start
                0x0800916e       0x10 CMakeFiles/MCS-Unit.elf.dir/USB_DEVICE/Target/usbd_conf.c.obj
                0x0800916e                USBD_LL_Start
 .text.USBD_LL_OpenEP
                0x0800917e       0x16 CMakeFiles/MCS-Unit.elf.dir/USB_DEVICE/Target/usbd_conf.c.obj
                0x0800917e                USBD_LL_OpenEP
 .text.USBD_LL_CloseEP
                0x08009194       0x10 CMakeFiles/MCS-Unit.elf.dir/USB_DEVICE/Target/usbd_conf.c.obj
                0x08009194                USBD_LL_CloseEP
 .text.USBD_LL_StallEP
                0x080091a4       0x10 CMakeFiles/MCS-Unit.elf.dir/USB_DEVICE/Target/usbd_conf.c.obj
                0x080091a4                USBD_LL_StallEP
 .text.USBD_LL_ClearStallEP
                0x080091b4       0x10 CMakeFiles/MCS-Unit.elf.dir/USB_DEVICE/Target/usbd_conf.c.obj
                0x080091b4                USBD_LL_ClearStallEP
 .text.USBD_LL_SetUSBAddress
                0x080091c4       0x10 CMakeFiles/MCS-Unit.elf.dir/USB_DEVICE/Target/usbd_conf.c.obj
                0x080091c4                USBD_LL_SetUSBAddress
 .text.USBD_LL_Transmit
                0x080091d4       0x10 CMakeFiles/MCS-Unit.elf.dir/USB_DEVICE/Target/usbd_conf.c.obj
                0x080091d4                USBD_LL_Transmit
 .text.USBD_LL_PrepareReceive
                0x080091e4       0x10 CMakeFiles/MCS-Unit.elf.dir/USB_DEVICE/Target/usbd_conf.c.obj
                0x080091e4                USBD_LL_PrepareReceive
 .text._ZNK10__cxxabiv117__class_type_info11__do_upcastEPKS0_PPv
                0x080091f4       0x34 c:/progra~1/stmicr~1/stm32c~1/gnu-to~1/bin/../lib/gcc/arm-none-eabi/10.3.1/../../../../arm-none-eabi/lib/thumb/v7e-m/nofp\libstdc++.a(class_type_info.o)
                0x080091f4                __cxxabiv1::__class_type_info::__do_upcast(__cxxabiv1::__class_type_info const*, void**) const
 .text._ZNK10__cxxabiv117__class_type_info20__do_find_public_srcEiPKvPKS0_S2_
                0x08009228        0xc c:/progra~1/stmicr~1/stm32c~1/gnu-to~1/bin/../lib/gcc/arm-none-eabi/10.3.1/../../../../arm-none-eabi/lib/thumb/v7e-m/nofp\libstdc++.a(class_type_info.o)
                0x08009228                __cxxabiv1::__class_type_info::__do_find_public_src(int, void const*, __cxxabiv1::__class_type_info const*, void const*) const
 .text._ZN10__cxxabiv117__class_type_infoD2Ev
                0x08009234       0x14 c:/progra~1/stmicr~1/stm32c~1/gnu-to~1/bin/../lib/gcc/arm-none-eabi/10.3.1/../../../../arm-none-eabi/lib/thumb/v7e-m/nofp\libstdc++.a(class_type_info.o)
                0x08009234                __cxxabiv1::__class_type_info::~__class_type_info()
                0x08009234                __cxxabiv1::__class_type_info::~__class_type_info()
 .text._ZN10__cxxabiv117__class_type_infoD0Ev
                0x08009248       0x1c c:/progra~1/stmicr~1/stm32c~1/gnu-to~1/bin/../lib/gcc/arm-none-eabi/10.3.1/../../../../arm-none-eabi/lib/thumb/v7e-m/nofp\libstdc++.a(class_type_info.o)
                0x08009248                __cxxabiv1::__class_type_info::~__class_type_info()
 .text._ZNK10__cxxabiv117__class_type_info12__do_dyncastEiNS0_10__sub_kindEPKS0_PKvS3_S5_RNS0_16__dyncast_resultE
                0x08009264       0x44 c:/progra~1/stmicr~1/stm32c~1/gnu-to~1/bin/../lib/gcc/arm-none-eabi/10.3.1/../../../../arm-none-eabi/lib/thumb/v7e-m/nofp\libstdc++.a(class_type_info.o)
                0x08009264                __cxxabiv1::__class_type_info::__do_dyncast(int, __cxxabiv1::__class_type_info::__sub_kind, __cxxabiv1::__class_type_info const*, void const*, __cxxabiv1::__class_type_info const*, void const*, __cxxabiv1::__class_type_info::__dyncast_result&) const
 .text._ZNK10__cxxabiv117__class_type_info11__do_upcastEPKS0_PKvRNS0_15__upcast_resultE
                0x080092a8       0x1c c:/progra~1/stmicr~1/stm32c~1/gnu-to~1/bin/../lib/gcc/arm-none-eabi/10.3.1/../../../../arm-none-eabi/lib/thumb/v7e-m/nofp\libstdc++.a(class_type_info.o)
                0x080092a8                __cxxabiv1::__class_type_info::__do_upcast(__cxxabiv1::__class_type_info const*, void const*, __cxxabiv1::__class_type_info::__upcast_result&) const
 .text._ZNK10__cxxabiv117__class_type_info10__do_catchEPKSt9type_infoPPvj
                0x080092c4       0x2c c:/progra~1/stmicr~1/stm32c~1/gnu-to~1/bin/../lib/gcc/arm-none-eabi/10.3.1/../../../../arm-none-eabi/lib/thumb/v7e-m/nofp\libstdc++.a(class_type_info.o)
                0x080092c4                __cxxabiv1::__class_type_info::__do_catch(std::type_info const*, void**, unsigned int) const
 .text._ZdlPvj  0x080092f0        0x4 c:/progra~1/stmicr~1/stm32c~1/gnu-to~1/bin/../lib/gcc/arm-none-eabi/10.3.1/../../../../arm-none-eabi/lib/thumb/v7e-m/nofp\libstdc++.a(del_ops.o)
                0x080092f0                operator delete(void*, unsigned int)
 .text._ZN10__cxxabiv120__si_class_type_infoD2Ev
                0x080092f4       0x14 c:/progra~1/stmicr~1/stm32c~1/gnu-to~1/bin/../lib/gcc/arm-none-eabi/10.3.1/../../../../arm-none-eabi/lib/thumb/v7e-m/nofp\libstdc++.a(si_class_type_info.o)
                0x080092f4                __cxxabiv1::__si_class_type_info::~__si_class_type_info()
                0x080092f4                __cxxabiv1::__si_class_type_info::~__si_class_type_info()
 .text._ZN10__cxxabiv120__si_class_type_infoD0Ev
                0x08009308       0x1c c:/progra~1/stmicr~1/stm32c~1/gnu-to~1/bin/../lib/gcc/arm-none-eabi/10.3.1/../../../../arm-none-eabi/lib/thumb/v7e-m/nofp\libstdc++.a(si_class_type_info.o)
                0x08009308                __cxxabiv1::__si_class_type_info::~__si_class_type_info()
 .text._ZNK10__cxxabiv120__si_class_type_info20__do_find_public_srcEiPKvPKNS_17__class_type_infoES2_
                0x08009324       0x3c c:/progra~1/stmicr~1/stm32c~1/gnu-to~1/bin/../lib/gcc/arm-none-eabi/10.3.1/../../../../arm-none-eabi/lib/thumb/v7e-m/nofp\libstdc++.a(si_class_type_info.o)
                0x08009324                __cxxabiv1::__si_class_type_info::__do_find_public_src(int, void const*, __cxxabiv1::__class_type_info const*, void const*) const
 .text._ZNK10__cxxabiv120__si_class_type_info12__do_dyncastEiNS_17__class_type_info10__sub_kindEPKS1_PKvS4_S6_RNS1_16__dyncast_resultE
                0x08009360       0x84 c:/progra~1/stmicr~1/stm32c~1/gnu-to~1/bin/../lib/gcc/arm-none-eabi/10.3.1/../../../../arm-none-eabi/lib/thumb/v7e-m/nofp\libstdc++.a(si_class_type_info.o)
                0x08009360                __cxxabiv1::__si_class_type_info::__do_dyncast(int, __cxxabiv1::__class_type_info::__sub_kind, __cxxabiv1::__class_type_info const*, void const*, __cxxabiv1::__class_type_info const*, void const*, __cxxabiv1::__class_type_info::__dyncast_result&) const
 .text._ZNK10__cxxabiv120__si_class_type_info11__do_upcastEPKNS_17__class_type_infoEPKvRNS1_15__upcast_resultE
                0x080093e4       0x2c c:/progra~1/stmicr~1/stm32c~1/gnu-to~1/bin/../lib/gcc/arm-none-eabi/10.3.1/../../../../arm-none-eabi/lib/thumb/v7e-m/nofp\libstdc++.a(si_class_type_info.o)
                0x080093e4                __cxxabiv1::__si_class_type_info::__do_upcast(__cxxabiv1::__class_type_info const*, void const*, __cxxabiv1::__class_type_info::__upcast_result&) const
 .text._ZNSt9type_infoD2Ev
                0x08009410        0x4 c:/progra~1/stmicr~1/stm32c~1/gnu-to~1/bin/../lib/gcc/arm-none-eabi/10.3.1/../../../../arm-none-eabi/lib/thumb/v7e-m/nofp\libstdc++.a(tinfo.o)
                0x08009410                std::type_info::~type_info()
                0x08009410                std::type_info::~type_info()
 .text._ZNKSt9type_info14__is_pointer_pEv
                0x08009414        0x4 c:/progra~1/stmicr~1/stm32c~1/gnu-to~1/bin/../lib/gcc/arm-none-eabi/10.3.1/../../../../arm-none-eabi/lib/thumb/v7e-m/nofp\libstdc++.a(tinfo.o)
                0x08009414                std::type_info::__is_pointer_p() const
                0x08009414                std::type_info::__is_function_p() const
 .text._ZNKSt9type_infoeqERKS_
                0x08009418       0x2c c:/progra~1/stmicr~1/stm32c~1/gnu-to~1/bin/../lib/gcc/arm-none-eabi/10.3.1/../../../../arm-none-eabi/lib/thumb/v7e-m/nofp\libstdc++.a(tinfo.o)
                0x08009418                std::type_info::operator==(std::type_info const&) const
 .text._ZdlPv   0x08009444        0x4 c:/progra~1/stmicr~1/stm32c~1/gnu-to~1/bin/../lib/gcc/arm-none-eabi/10.3.1/../../../../arm-none-eabi/lib/thumb/v7e-m/nofp\libstdc++.a(del_op.o)
                0x08009444                operator delete(void*)
 .text.abort    0x08009448       0x10 c:/progra~1/stmicr~1/stm32c~1/gnu-to~1/bin/../lib/gcc/arm-none-eabi/10.3.1/../../../../arm-none-eabi/lib/thumb/v7e-m/nofp\libg.a(lib_a-abort.o)
                0x08009448                abort
 .text.__errno  0x08009458        0xc c:/progra~1/stmicr~1/stm32c~1/gnu-to~1/bin/../lib/gcc/arm-none-eabi/10.3.1/../../../../arm-none-eabi/lib/thumb/v7e-m/nofp\libg.a(lib_a-errno.o)
                0x08009458                __errno
 .text.__libc_init_array
                0x08009464       0x48 c:/progra~1/stmicr~1/stm32c~1/gnu-to~1/bin/../lib/gcc/arm-none-eabi/10.3.1/../../../../arm-none-eabi/lib/thumb/v7e-m/nofp\libg.a(lib_a-init.o)
                0x08009464                __libc_init_array
 .text.free     0x080094ac       0x10 c:/progra~1/stmicr~1/stm32c~1/gnu-to~1/bin/../lib/gcc/arm-none-eabi/10.3.1/../../../../arm-none-eabi/lib/thumb/v7e-m/nofp\libg.a(lib_a-malloc.o)
                0x080094ac                free
 .text._malloc_r
                0x080094bc      0x560 c:/progra~1/stmicr~1/stm32c~1/gnu-to~1/bin/../lib/gcc/arm-none-eabi/10.3.1/../../../../arm-none-eabi/lib/thumb/v7e-m/nofp\libg.a(lib_a-mallocr.o)
                0x080094bc                _malloc_r
 .text.memset   0x08009a1c       0xa4 c:/progra~1/stmicr~1/stm32c~1/gnu-to~1/bin/../lib/gcc/arm-none-eabi/10.3.1/../../../../arm-none-eabi/lib/thumb/v7e-m/nofp\libg.a(lib_a-memset.o)
                0x08009a1c                memset
 .text.__malloc_lock
                0x08009ac0        0xc c:/progra~1/stmicr~1/stm32c~1/gnu-to~1/bin/../lib/gcc/arm-none-eabi/10.3.1/../../../../arm-none-eabi/lib/thumb/v7e-m/nofp\libg.a(lib_a-mlock.o)
                0x08009ac0                __malloc_lock
 .text.__malloc_unlock
                0x08009acc        0xc c:/progra~1/stmicr~1/stm32c~1/gnu-to~1/bin/../lib/gcc/arm-none-eabi/10.3.1/../../../../arm-none-eabi/lib/thumb/v7e-m/nofp\libg.a(lib_a-mlock.o)
                0x08009acc                __malloc_unlock
 .text._sbrk_r  0x08009ad8       0x24 c:/progra~1/stmicr~1/stm32c~1/gnu-to~1/bin/../lib/gcc/arm-none-eabi/10.3.1/../../../../arm-none-eabi/lib/thumb/v7e-m/nofp\libg.a(lib_a-sbrkr.o)
                0x08009ad8                _sbrk_r
 .text.raise    0x08009afc       0x5c c:/progra~1/stmicr~1/stm32c~1/gnu-to~1/bin/../lib/gcc/arm-none-eabi/10.3.1/../../../../arm-none-eabi/lib/thumb/v7e-m/nofp\libg.a(lib_a-signal.o)
                0x08009afc                raise
 .text._kill_r  0x08009b58       0x2c c:/progra~1/stmicr~1/stm32c~1/gnu-to~1/bin/../lib/gcc/arm-none-eabi/10.3.1/../../../../arm-none-eabi/lib/thumb/v7e-m/nofp\libg.a(lib_a-signalr.o)
                0x08009b58                _kill_r
 .text._getpid_r
                0x08009b84        0x4 c:/progra~1/stmicr~1/stm32c~1/gnu-to~1/bin/../lib/gcc/arm-none-eabi/10.3.1/../../../../arm-none-eabi/lib/thumb/v7e-m/nofp\libg.a(lib_a-signalr.o)
                0x08009b84                _getpid_r
 .text._svfprintf_r
                0x08009b88     0x1a3c c:/progra~1/stmicr~1/stm32c~1/gnu-to~1/bin/../lib/gcc/arm-none-eabi/10.3.1/../../../../arm-none-eabi/lib/thumb/v7e-m/nofp\libg.a(lib_a-svfprintf.o)
                0x08009b88                _svfprintf_r
 .text.vsnprintf
                0x0800b5c4       0x70 c:/progra~1/stmicr~1/stm32c~1/gnu-to~1/bin/../lib/gcc/arm-none-eabi/10.3.1/../../../../arm-none-eabi/lib/thumb/v7e-m/nofp\libg.a(lib_a-vsnprintf.o)
                0x0800b5c4                vsnprintf
 .text.startup.register_fini
                0x0800b634       0x14 c:/progra~1/stmicr~1/stm32c~1/gnu-to~1/bin/../lib/gcc/arm-none-eabi/10.3.1/../../../../arm-none-eabi/lib/thumb/v7e-m/nofp\libg.a(lib_a-__call_atexit.o)
 .text.atexit   0x0800b648        0xc c:/progra~1/stmicr~1/stm32c~1/gnu-to~1/bin/../lib/gcc/arm-none-eabi/10.3.1/../../../../arm-none-eabi/lib/thumb/v7e-m/nofp\libg.a(lib_a-atexit.o)
                0x0800b648                atexit
 .text.quorem   0x0800b654      0x124 c:/progra~1/stmicr~1/stm32c~1/gnu-to~1/bin/../lib/gcc/arm-none-eabi/10.3.1/../../../../arm-none-eabi/lib/thumb/v7e-m/nofp\libg.a(lib_a-dtoa.o)
 .text._dtoa_r  0x0800b778      0xec4 c:/progra~1/stmicr~1/stm32c~1/gnu-to~1/bin/../lib/gcc/arm-none-eabi/10.3.1/../../../../arm-none-eabi/lib/thumb/v7e-m/nofp\libg.a(lib_a-dtoa.o)
                0x0800b778                _dtoa_r
 .text.__libc_fini_array
                0x0800c63c       0x2c c:/progra~1/stmicr~1/stm32c~1/gnu-to~1/bin/../lib/gcc/arm-none-eabi/10.3.1/../../../../arm-none-eabi/lib/thumb/v7e-m/nofp\libg.a(lib_a-fini.o)
                0x0800c63c                __libc_fini_array
 .text._malloc_trim_r
                0x0800c668       0xa0 c:/progra~1/stmicr~1/stm32c~1/gnu-to~1/bin/../lib/gcc/arm-none-eabi/10.3.1/../../../../arm-none-eabi/lib/thumb/v7e-m/nofp\libg.a(lib_a-freer.o)
                0x0800c668                _malloc_trim_r
 .text._free_r  0x0800c708      0x20c c:/progra~1/stmicr~1/stm32c~1/gnu-to~1/bin/../lib/gcc/arm-none-eabi/10.3.1/../../../../arm-none-eabi/lib/thumb/v7e-m/nofp\libg.a(lib_a-freer.o)
                0x0800c708                _free_r
 .text._localeconv_r
                0x0800c914        0x8 c:/progra~1/stmicr~1/stm32c~1/gnu-to~1/bin/../lib/gcc/arm-none-eabi/10.3.1/../../../../arm-none-eabi/lib/thumb/v7e-m/nofp\libg.a(lib_a-localeconv.o)
                0x0800c914                _localeconv_r
 .text.__retarget_lock_init_recursive
                0x0800c91c        0x4 c:/progra~1/stmicr~1/stm32c~1/gnu-to~1/bin/../lib/gcc/arm-none-eabi/10.3.1/../../../../arm-none-eabi/lib/thumb/v7e-m/nofp\libg.a(lib_a-lock.o)
                0x0800c91c                __retarget_lock_init_recursive
 .text.__retarget_lock_close_recursive
                0x0800c920        0x4 c:/progra~1/stmicr~1/stm32c~1/gnu-to~1/bin/../lib/gcc/arm-none-eabi/10.3.1/../../../../arm-none-eabi/lib/thumb/v7e-m/nofp\libg.a(lib_a-lock.o)
                0x0800c920                __retarget_lock_close_recursive
 .text.__retarget_lock_acquire_recursive
                0x0800c924        0x4 c:/progra~1/stmicr~1/stm32c~1/gnu-to~1/bin/../lib/gcc/arm-none-eabi/10.3.1/../../../../arm-none-eabi/lib/thumb/v7e-m/nofp\libg.a(lib_a-lock.o)
                0x0800c924                __retarget_lock_acquire_recursive
 .text.__retarget_lock_release_recursive
                0x0800c928        0x4 c:/progra~1/stmicr~1/stm32c~1/gnu-to~1/bin/../lib/gcc/arm-none-eabi/10.3.1/../../../../arm-none-eabi/lib/thumb/v7e-m/nofp\libg.a(lib_a-lock.o)
                0x0800c928                __retarget_lock_release_recursive
 .text._Balloc  0x0800c92c       0x4c c:/progra~1/stmicr~1/stm32c~1/gnu-to~1/bin/../lib/gcc/arm-none-eabi/10.3.1/../../../../arm-none-eabi/lib/thumb/v7e-m/nofp\libg.a(lib_a-mprec.o)
                0x0800c92c                _Balloc
 .text._Bfree   0x0800c978       0x14 c:/progra~1/stmicr~1/stm32c~1/gnu-to~1/bin/../lib/gcc/arm-none-eabi/10.3.1/../../../../arm-none-eabi/lib/thumb/v7e-m/nofp\libg.a(lib_a-mprec.o)
                0x0800c978                _Bfree
 .text.__multadd
                0x0800c98c       0xa0 c:/progra~1/stmicr~1/stm32c~1/gnu-to~1/bin/../lib/gcc/arm-none-eabi/10.3.1/../../../../arm-none-eabi/lib/thumb/v7e-m/nofp\libg.a(lib_a-mprec.o)
                0x0800c98c                __multadd
 .text.__hi0bits
                0x0800ca2c       0x40 c:/progra~1/stmicr~1/stm32c~1/gnu-to~1/bin/../lib/gcc/arm-none-eabi/10.3.1/../../../../arm-none-eabi/lib/thumb/v7e-m/nofp\libg.a(lib_a-mprec.o)
                0x0800ca2c                __hi0bits
 .text.__lo0bits
                0x0800ca6c       0x5c c:/progra~1/stmicr~1/stm32c~1/gnu-to~1/bin/../lib/gcc/arm-none-eabi/10.3.1/../../../../arm-none-eabi/lib/thumb/v7e-m/nofp\libg.a(lib_a-mprec.o)
                0x0800ca6c                __lo0bits
 .text.__i2b    0x0800cac8       0x5c c:/progra~1/stmicr~1/stm32c~1/gnu-to~1/bin/../lib/gcc/arm-none-eabi/10.3.1/../../../../arm-none-eabi/lib/thumb/v7e-m/nofp\libg.a(lib_a-mprec.o)
                0x0800cac8                __i2b
 .text.__multiply
                0x0800cb24      0x15c c:/progra~1/stmicr~1/stm32c~1/gnu-to~1/bin/../lib/gcc/arm-none-eabi/10.3.1/../../../../arm-none-eabi/lib/thumb/v7e-m/nofp\libg.a(lib_a-mprec.o)
                0x0800cb24                __multiply
 .text.__pow5mult
                0x0800cc80       0xc0 c:/progra~1/stmicr~1/stm32c~1/gnu-to~1/bin/../lib/gcc/arm-none-eabi/10.3.1/../../../../arm-none-eabi/lib/thumb/v7e-m/nofp\libg.a(lib_a-mprec.o)
                0x0800cc80                __pow5mult
 .text.__lshift
                0x0800cd40       0xf0 c:/progra~1/stmicr~1/stm32c~1/gnu-to~1/bin/../lib/gcc/arm-none-eabi/10.3.1/../../../../arm-none-eabi/lib/thumb/v7e-m/nofp\libg.a(lib_a-mprec.o)
                0x0800cd40                __lshift
 .text.__mcmp   0x0800ce30       0x40 c:/progra~1/stmicr~1/stm32c~1/gnu-to~1/bin/../lib/gcc/arm-none-eabi/10.3.1/../../../../arm-none-eabi/lib/thumb/v7e-m/nofp\libg.a(lib_a-mprec.o)
                0x0800ce30                __mcmp
 .text.__mdiff  0x0800ce70      0x14c c:/progra~1/stmicr~1/stm32c~1/gnu-to~1/bin/../lib/gcc/arm-none-eabi/10.3.1/../../../../arm-none-eabi/lib/thumb/v7e-m/nofp\libg.a(lib_a-mprec.o)
                0x0800ce70                __mdiff
 .text.__d2b    0x0800cfbc       0xc4 c:/progra~1/stmicr~1/stm32c~1/gnu-to~1/bin/../lib/gcc/arm-none-eabi/10.3.1/../../../../arm-none-eabi/lib/thumb/v7e-m/nofp\libg.a(lib_a-mprec.o)
                0x0800cfbc                __d2b
 .text.frexp    0x0800d080       0x70 c:/progra~1/stmicr~1/stm32c~1/gnu-to~1/bin/../lib/gcc/arm-none-eabi/10.3.1/../../../../arm-none-eabi/lib/thumb/v7e-m/nofp\libg.a(lib_a-s_frexp.o)
                0x0800d080                frexp
 .text.strncpy  0x0800d0f0       0x64 c:/progra~1/stmicr~1/stm32c~1/gnu-to~1/bin/../lib/gcc/arm-none-eabi/10.3.1/../../../../arm-none-eabi/lib/thumb/v7e-m/nofp\libg.a(lib_a-strncpy.o)
                0x0800d0f0                strncpy
 .text.__ssprint_r
                0x0800d154       0xf8 c:/progra~1/stmicr~1/stm32c~1/gnu-to~1/bin/../lib/gcc/arm-none-eabi/10.3.1/../../../../arm-none-eabi/lib/thumb/v7e-m/nofp\libg.a(lib_a-svfiprintf.o)
                0x0800d154                __ssprint_r
 .text.__register_exitproc
                0x0800d24c       0x8c c:/progra~1/stmicr~1/stm32c~1/gnu-to~1/bin/../lib/gcc/arm-none-eabi/10.3.1/../../../../arm-none-eabi/lib/thumb/v7e-m/nofp\libg.a(lib_a-__atexit.o)
                0x0800d24c                __register_exitproc
 .text.__assert_func
                0x0800d2d8       0x40 c:/progra~1/stmicr~1/stm32c~1/gnu-to~1/bin/../lib/gcc/arm-none-eabi/10.3.1/../../../../arm-none-eabi/lib/thumb/v7e-m/nofp\libg.a(lib_a-assert.o)
                0x0800d2d8                __assert_func
 .text._calloc_r
                0x0800d318       0x78 c:/progra~1/stmicr~1/stm32c~1/gnu-to~1/bin/../lib/gcc/arm-none-eabi/10.3.1/../../../../arm-none-eabi/lib/thumb/v7e-m/nofp\libg.a(lib_a-callocr.o)
                0x0800d318                _calloc_r
 .text.fiprintf
                0x0800d390       0x28 c:/progra~1/stmicr~1/stm32c~1/gnu-to~1/bin/../lib/gcc/arm-none-eabi/10.3.1/../../../../arm-none-eabi/lib/thumb/v7e-m/nofp\libg.a(lib_a-fiprintf.o)
                0x0800d390                fiprintf
 .text.__locale_mb_cur_max
                0x0800d3b8        0xc c:/progra~1/stmicr~1/stm32c~1/gnu-to~1/bin/../lib/gcc/arm-none-eabi/10.3.1/../../../../arm-none-eabi/lib/thumb/v7e-m/nofp\libg.a(lib_a-locale.o)
                0x0800d3b8                __locale_mb_cur_max
 .text.__ascii_mbtowc
                0x0800d3c4       0x2c c:/progra~1/stmicr~1/stm32c~1/gnu-to~1/bin/../lib/gcc/arm-none-eabi/10.3.1/../../../../arm-none-eabi/lib/thumb/v7e-m/nofp\libg.a(lib_a-mbtowc_r.o)
                0x0800d3c4                __ascii_mbtowc
 .text.memmove  0x0800d3f0       0xf8 c:/progra~1/stmicr~1/stm32c~1/gnu-to~1/bin/../lib/gcc/arm-none-eabi/10.3.1/../../../../arm-none-eabi/lib/thumb/v7e-m/nofp\libg.a(lib_a-memmove.o)
                0x0800d3f0                memmove
 .text._realloc_r
                0x0800d4e8      0x3d8 c:/progra~1/stmicr~1/stm32c~1/gnu-to~1/bin/../lib/gcc/arm-none-eabi/10.3.1/../../../../arm-none-eabi/lib/thumb/v7e-m/nofp\libg.a(lib_a-reallocr.o)
                0x0800d4e8                _realloc_r
 .text.__sprint_r.part.0
                0x0800d8c0       0x78 c:/progra~1/stmicr~1/stm32c~1/gnu-to~1/bin/../lib/gcc/arm-none-eabi/10.3.1/../../../../arm-none-eabi/lib/thumb/v7e-m/nofp\libg.a(lib_a-vfiprintf.o)
 .text._vfiprintf_r
                0x0800d938      0xda0 c:/progra~1/stmicr~1/stm32c~1/gnu-to~1/bin/../lib/gcc/arm-none-eabi/10.3.1/../../../../arm-none-eabi/lib/thumb/v7e-m/nofp\libg.a(lib_a-vfiprintf.o)
                0x0800d938                _vfiprintf_r
 .text.__sbprintf
                0x0800e6d8       0x80 c:/progra~1/stmicr~1/stm32c~1/gnu-to~1/bin/../lib/gcc/arm-none-eabi/10.3.1/../../../../arm-none-eabi/lib/thumb/v7e-m/nofp\libg.a(lib_a-vfiprintf.o)
 .text.__ascii_wctomb
                0x0800e758       0x1c c:/progra~1/stmicr~1/stm32c~1/gnu-to~1/bin/../lib/gcc/arm-none-eabi/10.3.1/../../../../arm-none-eabi/lib/thumb/v7e-m/nofp\libg.a(lib_a-wctomb_r.o)
                0x0800e758                __ascii_wctomb
 .text.__swsetup_r
                0x0800e774       0xd4 c:/progra~1/stmicr~1/stm32c~1/gnu-to~1/bin/../lib/gcc/arm-none-eabi/10.3.1/../../../../arm-none-eabi/lib/thumb/v7e-m/nofp\libg.a(lib_a-wsetup.o)
                0x0800e774                __swsetup_r
 .text.__sflush_r
                0x0800e848      0x120 c:/progra~1/stmicr~1/stm32c~1/gnu-to~1/bin/../lib/gcc/arm-none-eabi/10.3.1/../../../../arm-none-eabi/lib/thumb/v7e-m/nofp\libg.a(lib_a-fflush.o)
                0x0800e848                __sflush_r
 .text._fflush_r
                0x0800e968       0x5c c:/progra~1/stmicr~1/stm32c~1/gnu-to~1/bin/../lib/gcc/arm-none-eabi/10.3.1/../../../../arm-none-eabi/lib/thumb/v7e-m/nofp\libg.a(lib_a-fflush.o)
                0x0800e968                _fflush_r
 .text._cleanup_r
                0x0800e9c4        0xc c:/progra~1/stmicr~1/stm32c~1/gnu-to~1/bin/../lib/gcc/arm-none-eabi/10.3.1/../../../../arm-none-eabi/lib/thumb/v7e-m/nofp\libg.a(lib_a-findfp.o)
                0x0800e9c4                _cleanup_r
 .text.__sinit  0x0800e9d0      0x10c c:/progra~1/stmicr~1/stm32c~1/gnu-to~1/bin/../lib/gcc/arm-none-eabi/10.3.1/../../../../arm-none-eabi/lib/thumb/v7e-m/nofp\libg.a(lib_a-findfp.o)
                0x0800e9d0                __sinit
 .text.__sfp_lock_acquire
                0x0800eadc        0xc c:/progra~1/stmicr~1/stm32c~1/gnu-to~1/bin/../lib/gcc/arm-none-eabi/10.3.1/../../../../arm-none-eabi/lib/thumb/v7e-m/nofp\libg.a(lib_a-findfp.o)
                0x0800eadc                __sfp_lock_acquire
 .text.__sfp_lock_release
                0x0800eae8        0xc c:/progra~1/stmicr~1/stm32c~1/gnu-to~1/bin/../lib/gcc/arm-none-eabi/10.3.1/../../../../arm-none-eabi/lib/thumb/v7e-m/nofp\libg.a(lib_a-findfp.o)
                0x0800eae8                __sfp_lock_release
 .text.__fputwc
                0x0800eaf4       0xa8 c:/progra~1/stmicr~1/stm32c~1/gnu-to~1/bin/../lib/gcc/arm-none-eabi/10.3.1/../../../../arm-none-eabi/lib/thumb/v7e-m/nofp\libg.a(lib_a-fputwc.o)
                0x0800eaf4                __fputwc
 .text._fputwc_r
                0x0800eb9c       0x68 c:/progra~1/stmicr~1/stm32c~1/gnu-to~1/bin/../lib/gcc/arm-none-eabi/10.3.1/../../../../arm-none-eabi/lib/thumb/v7e-m/nofp\libg.a(lib_a-fputwc.o)
                0x0800eb9c                _fputwc_r
 .text.__sfvwrite_r
                0x0800ec04      0x2e8 c:/progra~1/stmicr~1/stm32c~1/gnu-to~1/bin/../lib/gcc/arm-none-eabi/10.3.1/../../../../arm-none-eabi/lib/thumb/v7e-m/nofp\libg.a(lib_a-fvwrite.o)
                0x0800ec04                __sfvwrite_r
 .text._fwalk_reent
                0x0800eeec       0x48 c:/progra~1/stmicr~1/stm32c~1/gnu-to~1/bin/../lib/gcc/arm-none-eabi/10.3.1/../../../../arm-none-eabi/lib/thumb/v7e-m/nofp\libg.a(lib_a-fwalk.o)
                0x0800eeec                _fwalk_reent
 .text.__smakebuf_r
                0x0800ef34       0xe0 c:/progra~1/stmicr~1/stm32c~1/gnu-to~1/bin/../lib/gcc/arm-none-eabi/10.3.1/../../../../arm-none-eabi/lib/thumb/v7e-m/nofp\libg.a(lib_a-makebuf.o)
                0x0800ef34                __smakebuf_r
 .text.__sread  0x0800f014       0x24 c:/progra~1/stmicr~1/stm32c~1/gnu-to~1/bin/../lib/gcc/arm-none-eabi/10.3.1/../../../../arm-none-eabi/lib/thumb/v7e-m/nofp\libg.a(lib_a-stdio.o)
                0x0800f014                __sread
 .text.__swrite
                0x0800f038       0x40 c:/progra~1/stmicr~1/stm32c~1/gnu-to~1/bin/../lib/gcc/arm-none-eabi/10.3.1/../../../../arm-none-eabi/lib/thumb/v7e-m/nofp\libg.a(lib_a-stdio.o)
                0x0800f038                __swrite
 .text.__sseek  0x0800f078       0x20 c:/progra~1/stmicr~1/stm32c~1/gnu-to~1/bin/../lib/gcc/arm-none-eabi/10.3.1/../../../../arm-none-eabi/lib/thumb/v7e-m/nofp\libg.a(lib_a-stdio.o)
                0x0800f078                __sseek
 .text.__sclose
                0x0800f098        0x8 c:/progra~1/stmicr~1/stm32c~1/gnu-to~1/bin/../lib/gcc/arm-none-eabi/10.3.1/../../../../arm-none-eabi/lib/thumb/v7e-m/nofp\libg.a(lib_a-stdio.o)
                0x0800f098                __sclose
 .text.__swbuf_r
                0x0800f0a0       0xb0 c:/progra~1/stmicr~1/stm32c~1/gnu-to~1/bin/../lib/gcc/arm-none-eabi/10.3.1/../../../../arm-none-eabi/lib/thumb/v7e-m/nofp\libg.a(lib_a-wbuf.o)
                0x0800f0a0                __swbuf_r
 .text._wcrtomb_r
                0x0800f150       0x3c c:/progra~1/stmicr~1/stm32c~1/gnu-to~1/bin/../lib/gcc/arm-none-eabi/10.3.1/../../../../arm-none-eabi/lib/thumb/v7e-m/nofp\libg.a(lib_a-wcrtomb.o)
                0x0800f150                _wcrtomb_r
 .text._write_r
                0x0800f18c       0x2c c:/progra~1/stmicr~1/stm32c~1/gnu-to~1/bin/../lib/gcc/arm-none-eabi/10.3.1/../../../../arm-none-eabi/lib/thumb/v7e-m/nofp\libg.a(lib_a-writer.o)
                0x0800f18c                _write_r
 .text._close_r
                0x0800f1b8       0x24 c:/progra~1/stmicr~1/stm32c~1/gnu-to~1/bin/../lib/gcc/arm-none-eabi/10.3.1/../../../../arm-none-eabi/lib/thumb/v7e-m/nofp\libg.a(lib_a-closer.o)
                0x0800f1b8                _close_r
 .text._fclose_r
                0x0800f1dc       0xcc c:/progra~1/stmicr~1/stm32c~1/gnu-to~1/bin/../lib/gcc/arm-none-eabi/10.3.1/../../../../arm-none-eabi/lib/thumb/v7e-m/nofp\libg.a(lib_a-fclose.o)
                0x0800f1dc                _fclose_r
 .text._fstat_r
                0x0800f2a8       0x2c c:/progra~1/stmicr~1/stm32c~1/gnu-to~1/bin/../lib/gcc/arm-none-eabi/10.3.1/../../../../arm-none-eabi/lib/thumb/v7e-m/nofp\libg.a(lib_a-fstatr.o)
                0x0800f2a8                _fstat_r
 .text._isatty_r
                0x0800f2d4       0x24 c:/progra~1/stmicr~1/stm32c~1/gnu-to~1/bin/../lib/gcc/arm-none-eabi/10.3.1/../../../../arm-none-eabi/lib/thumb/v7e-m/nofp\libg.a(lib_a-isattyr.o)
                0x0800f2d4                _isatty_r
 .text._lseek_r
                0x0800f2f8       0x2c c:/progra~1/stmicr~1/stm32c~1/gnu-to~1/bin/../lib/gcc/arm-none-eabi/10.3.1/../../../../arm-none-eabi/lib/thumb/v7e-m/nofp\libg.a(lib_a-lseekr.o)
                0x0800f2f8                _lseek_r
 .text._read_r  0x0800f324       0x2c c:/progra~1/stmicr~1/stm32c~1/gnu-to~1/bin/../lib/gcc/arm-none-eabi/10.3.1/../../../../arm-none-eabi/lib/thumb/v7e-m/nofp\libg.a(lib_a-readr.o)
                0x0800f324                _read_r
 *(.glue_7)
 .glue_7        0x0800f350        0x0 linker stubs
 *(.glue_7t)
 .glue_7t       0x0800f350        0x0 linker stubs
 *(.eh_frame)
 .eh_frame      0x0800f350        0x0 c:/progra~1/stmicr~1/stm32c~1/gnu-to~1/bin/../lib/gcc/arm-none-eabi/10.3.1/thumb/v7e-m/nofp/crtbegin.o
 *(.init)
 .init          0x0800f350        0x4 c:/progra~1/stmicr~1/stm32c~1/gnu-to~1/bin/../lib/gcc/arm-none-eabi/10.3.1/thumb/v7e-m/nofp/crti.o
                0x0800f350                _init
 .init          0x0800f354        0x8 c:/progra~1/stmicr~1/stm32c~1/gnu-to~1/bin/../lib/gcc/arm-none-eabi/10.3.1/thumb/v7e-m/nofp/crtn.o
 *(.fini)
 .fini          0x0800f35c        0x4 c:/progra~1/stmicr~1/stm32c~1/gnu-to~1/bin/../lib/gcc/arm-none-eabi/10.3.1/thumb/v7e-m/nofp/crti.o