Archive member included to satisfy reference by file (symbol)

C:/PROGRA~2/ARMGNU~1/13C7F1~1.2RE/bin/../lib/gcc/arm-none-eabi/13.2.1/thumb/v7e-m/nofp\libstdc++.a(class_type_info.o)
                              CMakeFiles/MAS-Unit.elf.dir/Core/Src/PCAP04IIC.cpp.obj (vtable for __cxxabiv1::__class_type_info)
C:/PROGRA~2/ARMGNU~1/13C7F1~1.2RE/bin/../lib/gcc/arm-none-eabi/13.2.1/thumb/v7e-m/nofp\libstdc++.a(del_ops.o)
                              C:/PROGRA~2/ARMGNU~1/13C7F1~1.2RE/bin/../lib/gcc/arm-none-eabi/13.2.1/thumb/v7e-m/nofp\libstdc++.a(class_type_info.o) (operator delete(void*, unsigned int))
C:/PROGRA~2/ARMGNU~1/13C7F1~1.2RE/bin/../lib/gcc/arm-none-eabi/13.2.1/thumb/v7e-m/nofp\libstdc++.a(si_class_type_info.o)
                              C:/PROGRA~2/ARMGNU~1/13C7F1~1.2RE/bin/../lib/gcc/arm-none-eabi/13.2.1/thumb/v7e-m/nofp\libstdc++.a(class_type_info.o) (vtable for __cxxabiv1::__si_class_type_info)
C:/PROGRA~2/ARMGNU~1/13C7F1~1.2RE/bin/../lib/gcc/arm-none-eabi/13.2.1/thumb/v7e-m/nofp\libstdc++.a(tinfo.o)
                              C:/PROGRA~2/ARMGNU~1/13C7F1~1.2RE/bin/../lib/gcc/arm-none-eabi/13.2.1/thumb/v7e-m/nofp\libstdc++.a(class_type_info.o) (std::type_info::~type_info())
C:/PROGRA~2/ARMGNU~1/13C7F1~1.2RE/bin/../lib/gcc/arm-none-eabi/13.2.1/thumb/v7e-m/nofp\libstdc++.a(del_op.o)
                              C:/PROGRA~2/ARMGNU~1/13C7F1~1.2RE/bin/../lib/gcc/arm-none-eabi/13.2.1/thumb/v7e-m/nofp\libstdc++.a(del_ops.o) (operator delete(void*))
C:/PROGRA~2/ARMGNU~1/13C7F1~1.2RE/bin/../lib/gcc/arm-none-eabi/13.2.1/thumb/v7e-m/nofp\libgcc.a(_arm_mulsf3.o)
                              CMakeFiles/MAS-Unit.elf.dir/Core/Src/PCAP04IIC.cpp.obj (__aeabi_fmul)
C:/PROGRA~2/ARMGNU~1/13C7F1~1.2RE/bin/../lib/gcc/arm-none-eabi/13.2.1/thumb/v7e-m/nofp\libgcc.a(_arm_addsubdf3.o)
                              CMakeFiles/MAS-Unit.elf.dir/Core/Src/main.cpp.obj (__aeabi_f2d)
C:/PROGRA~2/ARMGNU~1/13C7F1~1.2RE/bin/../lib/gcc/arm-none-eabi/13.2.1/thumb/v7e-m/nofp\libgcc.a(_arm_addsubsf3.o)
                              CMakeFiles/MAS-Unit.elf.dir/Core/Src/angle_calculation.cpp.obj (__aeabi_fsub)
C:/PROGRA~2/ARMGNU~1/13C7F1~1.2RE/bin/../lib/gcc/arm-none-eabi/13.2.1/thumb/v7e-m/nofp\libgcc.a(_arm_muldivsf3.o)
                              CMakeFiles/MAS-Unit.elf.dir/Core/Src/main.cpp.obj (__aeabi_fdiv)
C:/PROGRA~2/ARMGNU~1/13C7F1~1.2RE/bin/../lib/gcc/arm-none-eabi/13.2.1/thumb/v7e-m/nofp\libgcc.a(_arm_cmpsf2.o)
                              CMakeFiles/MAS-Unit.elf.dir/Core/Src/angle_calculation.cpp.obj (__aeabi_fcmplt)
C:/PROGRA~2/ARMGNU~1/13C7F1~1.2RE/bin/../lib/gcc/arm-none-eabi/13.2.1/thumb/v7e-m/nofp\libgcc.a(_aeabi_uldivmod.o)
                              CMakeFiles/MAS-Unit.elf.dir/Drivers/STM32F4xx_HAL_Driver/Src/stm32f4xx_hal_rcc.c.obj (__aeabi_uldivmod)
C:/PROGRA~2/ARMGNU~1/13C7F1~1.2RE/bin/../lib/gcc/arm-none-eabi/13.2.1/thumb/v7e-m/nofp\libgcc.a(_udivmoddi4.o)
                              C:/PROGRA~2/ARMGNU~1/13C7F1~1.2RE/bin/../lib/gcc/arm-none-eabi/13.2.1/thumb/v7e-m/nofp\libgcc.a(_aeabi_uldivmod.o) (__udivmoddi4)
C:/PROGRA~2/ARMGNU~1/13C7F1~1.2RE/bin/../lib/gcc/arm-none-eabi/13.2.1/thumb/v7e-m/nofp\libgcc.a(unwind-arm.o)
                              CMakeFiles/MAS-Unit.elf.dir/Core/Src/PCAP04IIC.cpp.obj (__aeabi_unwind_cpp_pr0)
C:/PROGRA~2/ARMGNU~1/13C7F1~1.2RE/bin/../lib/gcc/arm-none-eabi/13.2.1/thumb/v7e-m/nofp\libgcc.a(libunwind.o)
                              C:/PROGRA~2/ARMGNU~1/13C7F1~1.2RE/bin/../lib/gcc/arm-none-eabi/13.2.1/thumb/v7e-m/nofp\libgcc.a(unwind-arm.o) (restore_core_regs)
C:/PROGRA~2/ARMGNU~1/13C7F1~1.2RE/bin/../lib/gcc/arm-none-eabi/13.2.1/thumb/v7e-m/nofp\libgcc.a(pr-support.o)
                              C:/PROGRA~2/ARMGNU~1/13C7F1~1.2RE/bin/../lib/gcc/arm-none-eabi/13.2.1/thumb/v7e-m/nofp\libgcc.a(unwind-arm.o) (__gnu_unwind_execute)
C:/PROGRA~2/ARMGNU~1/13C7F1~1.2RE/bin/../lib/gcc/arm-none-eabi/13.2.1/thumb/v7e-m/nofp\libgcc.a(_dvmd_tls.o)
                              C:/PROGRA~2/ARMGNU~1/13C7F1~1.2RE/bin/../lib/gcc/arm-none-eabi/13.2.1/thumb/v7e-m/nofp\libgcc.a(_aeabi_uldivmod.o) (__aeabi_ldiv0)
C:/PROGRA~2/ARMGNU~1/13C7F1~1.2RE/bin/../lib/gcc/arm-none-eabi/13.2.1/thumb/v7e-m/nofp\libg.a(libc_a-abort.o)
                              C:/PROGRA~2/ARMGNU~1/13C7F1~1.2RE/bin/../lib/gcc/arm-none-eabi/13.2.1/thumb/v7e-m/nofp\libgcc.a(unwind-arm.o) (abort)
C:/PROGRA~2/ARMGNU~1/13C7F1~1.2RE/bin/../lib/gcc/arm-none-eabi/13.2.1/thumb/v7e-m/nofp\libg.a(libc_a-exit.o)
                              C:/PROGRA~2/ARMGNU~1/13C7F1~1.2RE/bin/../lib/gcc/arm-none-eabi/13.2.1/thumb/v7e-m/nofp/crt0.o (exit)
C:/PROGRA~2/ARMGNU~1/13C7F1~1.2RE/bin/../lib/gcc/arm-none-eabi/13.2.1/thumb/v7e-m/nofp\libg.a(libc_a-malloc.o)
                              C:/PROGRA~2/ARMGNU~1/13C7F1~1.2RE/bin/../lib/gcc/arm-none-eabi/13.2.1/thumb/v7e-m/nofp\libstdc++.a(del_op.o) (free)
C:/PROGRA~2/ARMGNU~1/13C7F1~1.2RE/bin/../lib/gcc/arm-none-eabi/13.2.1/thumb/v7e-m/nofp\libg.a(libc_a-mallocr.o)
[...]
Memory Configuration

Name             Origin             Length             Attributes
RAM              0x20000000         0x00020000         xrw
FLASH            0x08000000         0x00080000         xr
*default*        0x00000000         0xffffffff

Linker script and memory map

LOAD C:/PROGRA~2/ARMGNU~1/13C7F1~1.2RE/bin/../lib/gcc/arm-none-eabi/13.2.1/thumb/v7e-m/nofp/crti.o
LOAD C:/PROGRA~2/ARMGNU~1/13C7F1~1.2RE/bin/../lib/gcc/arm-none-eabi/13.2.1/thumb/v7e-m/nofp/crtbegin.o
LOAD C:/PROGRA~2/ARMGNU~1/13C7F1~1.2RE/bin/../lib/gcc/arm-none-eabi/13.2.1/thumb/v7e-m/nofp/crt0.o
LOAD CMakeFiles/MAS-Unit.elf.dir/Core/Src/PCAP04IIC.cpp.obj
LOAD CMakeFiles/MAS-Unit.elf.dir/Core/Src/angle_calculation.cpp.obj
LOAD CMakeFiles/MAS-Unit.elf.dir/Core/Src/main.cpp.obj
LOAD CMakeFiles/MAS-Unit.elf.dir/Core/Src/pcap04.cpp.obj
LOAD CMakeFiles/MAS-Unit.elf.dir/Core/Src/stm32f4xx_hal_msp.c.obj
LOAD CMakeFiles/MAS-Unit.elf.dir/Core/Src/stm32f4xx_it.c.obj
LOAD CMakeFiles/MAS-Unit.elf.dir/Core/Src/syscalls.c.obj
LOAD CMakeFiles/MAS-Unit.elf.dir/Core/Src/sysmem.c.obj
LOAD CMakeFiles/MAS-Unit.elf.dir/Core/Src/system_stm32f4xx.c.obj
LOAD CMakeFiles/MAS-Unit.elf.dir/Core/Startup/startup_stm32f411ceux.s.obj
LOAD CMakeFiles/MAS-Unit.elf.dir/Drivers/STM32F4xx_HAL_Driver/Src/stm32f4xx_hal.c.obj
LOAD CMakeFiles/MAS-Unit.elf.dir/Drivers/STM32F4xx_HAL_Driver/Src/stm32f4xx_hal_cortex.c.obj
LOAD CMakeFiles/MAS-Unit.elf.dir/Drivers/STM32F4xx_HAL_Driver/Src/stm32f4xx_hal_dma.c.obj
LOAD CMakeFiles/MAS-Unit.elf.dir/Drivers/STM32F4xx_HAL_Driver/Src/stm32f4xx_hal_dma_ex.c.obj
LOAD CMakeFiles/MAS-Unit.elf.dir/Drivers/STM32F4xx_HAL_Driver/Src/stm32f4xx_hal_exti.c.obj
LOAD CMakeFiles/MAS-Unit.elf.dir/Drivers/STM32F4xx_HAL_Driver/Src/stm32f4xx_hal_flash.c.obj
LOAD CMakeFiles/MAS-Unit.elf.dir/Drivers/STM32F4xx_HAL_Driver/Src/stm32f4xx_hal_flash_ex.c.obj
LOAD CMakeFiles/MAS-Unit.elf.dir/Drivers/STM32F4xx_HAL_Driver/Src/stm32f4xx_hal_flash_ramfunc.c.obj
LOAD CMakeFiles/MAS-Unit.elf.dir/Drivers/STM32F4xx_HAL_Driver/Src/stm32f4xx_hal_gpio.c.obj
LOAD CMakeFiles/MAS-Unit.elf.dir/Drivers/STM32F4xx_HAL_Driver/Src/stm32f4xx_hal_i2c.c.obj
LOAD CMakeFiles/MAS-Unit.elf.dir/Drivers/STM32F4xx_HAL_Driver/Src/stm32f4xx_hal_i2c_ex.c.obj
LOAD CMakeFiles/MAS-Unit.elf.dir/Drivers/STM32F4xx_HAL_Driver/Src/stm32f4xx_hal_pwr.c.obj
LOAD CMakeFiles/MAS-Unit.elf.dir/Drivers/STM32F4xx_HAL_Driver/Src/stm32f4xx_hal_pwr_ex.c.obj
LOAD CMakeFiles/MAS-Unit.elf.dir/Drivers/STM32F4xx_HAL_Driver/Src/stm32f4xx_hal_rcc.c.obj
LOAD CMakeFiles/MAS-Unit.elf.dir/Drivers/STM32F4xx_HAL_Driver/Src/stm32f4xx_hal_rcc_ex.c.obj
LOAD CMakeFiles/MAS-Unit.elf.dir/Drivers/STM32F4xx_HAL_Driver/Src/stm32f4xx_hal_tim.c.obj
LOAD CMakeFiles/MAS-Unit.elf.dir/Drivers/STM32F4xx_HAL_Driver/Src/stm32f4xx_hal_tim_ex.c.obj
LOAD CMakeFiles/MAS-Unit.elf.dir/Drivers/STM32F4xx_HAL_Driver/Src/stm32f4xx_hal_uart.c.obj
LOAD C:/PROGRA~2/ARMGNU~1/13C7F1~1.2RE/bin/../lib/gcc/arm-none-eabi/13.2.1/thumb/v7e-m/nofp\libstdc++.a
LOAD C:/PROGRA~2/ARMGNU~1/13C7F1~1.2RE/bin/../lib/gcc/arm-none-eabi/13.2.1/thumb/v7e-m/nofp\libm.a
START GROUP
LOAD C:/PROGRA~2/ARMGNU~1/13C7F1~1.2RE/bin/../lib/gcc/arm-none-eabi/13.2.1/thumb/v7e-m/nofp\libgcc.a
LOAD C:/PROGRA~2/ARMGNU~1/13C7F1~1.2RE/bin/../lib/gcc/arm-none-eabi/13.2.1/thumb/v7e-m/nofp\libg.a
LOAD C:/PROGRA~2/ARMGNU~1/13C7F1~1.2RE/bin/../lib/gcc/arm-none-eabi/13.2.1/thumb/v7e-m/nofp\libc.a
END GROUP
LOAD C:/PROGRA~2/ARMGNU~1/13C7F1~1.2RE/bin/../lib/gcc/arm-none-eabi/13.2.1/thumb/v7e-m/nofp/crtend.o
LOAD C:/PROGRA~2/ARMGNU~1/13C7F1~1.2RE/bin/../lib/gcc/arm-none-eabi/13.2.1/thumb/v7e-m/nofp/crtn.o
                0x20020000                        _estack = (ORIGIN (RAM) + LENGTH (RAM))
                0x00000200                        _Min_Heap_Size = 0x200
                0x00000400                        _Min_Stack_Size = 0x400

.isr_vector     0x08000000      0x198
                0x08000000                        . = ALIGN (0x4)
 *(.isr_vector)
 .isr_vector    0x08000000      0x198 CMakeFiles/MAS-Unit.elf.dir/Core/Startup/startup_stm32f411ceux.s.obj
                0x08000000                g_pfnVectors
                0x08000198                        . = ALIGN (0x4)

.text           0x080001c0     0xcee0
                0x080001c0                        . = ALIGN (0x4)
 *(.text)
 .text          0x080001c0      0x378 C:/PROGRA~2/ARMGNU~1/13C7F1~1.2RE/bin/../lib/gcc/arm-none-eabi/13.2.1/thumb/v7e-m/nofp\libgcc.a(_arm_addsubdf3.o)
                0x080001c0                __aeabi_drsub
                0x080001c8                __aeabi_dsub
                0x080001c8                __subdf3
                0x080001cc                __aeabi_dadd
                0x080001cc                __adddf3
                0x08000444                __floatunsidf
                0x08000444                __aeabi_ui2d
                0x08000464                __floatsidf
                0x08000464                __aeabi_i2d
                0x08000488                __aeabi_f2d
                0x08000488                __extendsfdf2
                0x080004cc                __floatundidf
                0x080004cc                __aeabi_ul2d
                0x080004dc                __floatdidf
                0x080004dc                __aeabi_l2d
 .text          0x08000538      0x21c C:/PROGRA~2/ARMGNU~1/13C7F1~1.2RE/bin/../lib/gcc/arm-none-eabi/13.2.1/thumb/v7e-m/nofp\libgcc.a(_arm_addsubsf3.o)
                0x08000538                __aeabi_frsub
                0x08000540                __subsf3
                0x08000540                __aeabi_fsub
                0x08000544                __aeabi_fadd
                0x08000544                __addsf3
                0x080006a4                __aeabi_ui2f
                0x080006a4                __floatunsisf
                0x080006ac                __aeabi_i2f
                0x080006ac                __floatsisf
                0x080006c8                __aeabi_ul2f
                0x080006c8                __floatundisf
                0x080006d8                __aeabi_l2f
                0x080006d8                __floatdisf
 .text          0x08000754      0x2a0 C:/PROGRA~2/ARMGNU~1/13C7F1~1.2RE/bin/../lib/gcc/arm-none-eabi/13.2.1/thumb/v7e-m/nofp\libgcc.a(_arm_muldivsf3.o)
                0x08000754                __mulsf3
                0x08000754                __aeabi_fmul
                0x080008bc                __aeabi_fdiv
                0x080008bc                __divsf3
 .text          0x080009f4       0xec C:/PROGRA~2/ARMGNU~1/13C7F1~1.2RE/bin/../lib/gcc/arm-none-eabi/13.2.1/thumb/v7e-m/nofp\libgcc.a(_arm_cmpsf2.o)
                0x080009f4                __gesf2
                0x080009f4                __gtsf2
                0x080009fc                __lesf2
                0x080009fc                __ltsf2
                0x08000a04                __nesf2
                0x08000a04                __eqsf2
                0x08000a04                __cmpsf2
                0x08000a64                __aeabi_cfrcmple
                0x08000a6c                __aeabi_cfcmpeq
                0x08000a6c                __aeabi_cfcmple
                0x08000a7c                __aeabi_fcmpeq
                0x08000a90                __aeabi_fcmplt
                0x08000aa4                __aeabi_fcmple
                0x08000ab8                __aeabi_fcmpge
                0x08000acc                __aeabi_fcmpgt
 .text          0x08000ae0       0x30 C:/PROGRA~2/ARMGNU~1/13C7F1~1.2RE/bin/../lib/gcc/arm-none-eabi/13.2.1/thumb/v7e-m/nofp\libgcc.a(_aeabi_uldivmod.o)
                0x08000ae0                __aeabi_uldivmod
 .text          0x08000b10      0x1ac C:/PROGRA~2/ARMGNU~1/13C7F1~1.2RE/bin/../lib/gcc/arm-none-eabi/13.2.1/thumb/v7e-m/nofp\libgcc.a(libunwind.o)
                0x08000b10                __restore_core_regs
                0x08000b10                restore_core_regs
                0x08000b28                __gnu_Unwind_Restore_VFP
                0x08000b30                __gnu_Unwind_Save_VFP
                0x08000b38                __gnu_Unwind_Restore_VFP_D
                0x08000b40                __gnu_Unwind_Save_VFP_D
                0x08000b48                __gnu_Unwind_Restore_VFP_D_16_to_31
                0x08000b50                __gnu_Unwind_Save_VFP_D_16_to_31
                0x08000b58                __gnu_Unwind_Restore_WMMXD
                0x08000b9c                __gnu_Unwind_Save_WMMXD
                0x08000be0                __gnu_Unwind_Restore_WMMXC
                0x08000bf4                __gnu_Unwind_Save_WMMXC
                0x08000c08                ___Unwind_RaiseException
                0x08000c08                _Unwind_RaiseException
                0x08000c2c                _Unwind_Resume
                0x08000c2c                ___Unwind_Resume
                0x08000c50                _Unwind_Resume_or_Rethrow
                0x08000c50                ___Unwind_Resume_or_Rethrow
                0x08000c74                _Unwind_ForcedUnwind
                0x08000c74                ___Unwind_ForcedUnwind
                0x08000c98                ___Unwind_Backtrace
                0x08000c98                _Unwind_Backtrace
 .text          0x08000cbc        0x4 C:/PROGRA~2/ARMGNU~1/13C7F1~1.2RE/bin/../lib/gcc/arm-none-eabi/13.2.1/thumb/v7e-m/nofp\libgcc.a(_dvmd_tls.o)
                0x08000cbc                __aeabi_idiv0
                0x08000cbc                __aeabi_ldiv0
 .text          0x08000cc0      0x2e0 C:/PROGRA~2/ARMGNU~1/13C7F1~1.2RE/bin/../lib/gcc/arm-none-eabi/13.2.1/thumb/v7e-m/nofp\libg.a(libc_a-strcmp.o)
                0x08000cc0                strcmp
 .text          0x08000fa0      0x134 C:/PROGRA~2/ARMGNU~1/13C7F1~1.2RE/bin/../lib/gcc/arm-none-eabi/13.2.1/thumb/v7e-m/nofp\libg.a(libc_a-memcpy.o)
                0x08000fa0                memcpy
 *fill*         0x080010d4        0xc 
 .text          0x080010e0       0xa0 C:/PROGRA~2/ARMGNU~1/13C7F1~1.2RE/bin/../lib/gcc/arm-none-eabi/13.2.1/thumb/v7e-m/nofp\libg.a(libc_a-memchr.o)
                0x080010e0                memchr
 .text          0x08001180       0xd8 C:/PROGRA~2/ARMGNU~1/13C7F1~1.2RE/bin/../lib/gcc/arm-none-eabi/13.2.1/thumb/v7e-m/nofp\libg.a(libc_a-strlen.o)
                0x08001180                strlen
 .text          0x08001258      0x424 C:/PROGRA~2/ARMGNU~1/13C7F1~1.2RE/bin/../lib/gcc/arm-none-eabi/13.2.1/thumb/v7e-m/nofp\libgcc.a(_arm_muldivdf3.o)
                0x08001258                __aeabi_dmul
                0x08001258                __muldf3
                0x080014ac                __divdf3
                0x080014ac                __aeabi_ddiv
 .text          0x0800167c      0x110 C:/PROGRA~2/ARMGNU~1/13C7F1~1.2RE/bin/../lib/gcc/arm-none-eabi/13.2.1/thumb/v7e-m/nofp\libgcc.a(_arm_cmpdf2.o)
                0x0800167c                __gtdf2
                0x0800167c                __gedf2
                0x08001684                __ltdf2
                0x08001684                __ledf2
                0x0800168c                __nedf2
                0x0800168c                __eqdf2
                0x0800168c                __cmpdf2
                0x08001708                __aeabi_cdrcmple
                0x08001718                __aeabi_cdcmpeq
                0x08001718                __aeabi_cdcmple
                0x08001728                __aeabi_dcmpeq
                0x0800173c                __aeabi_dcmplt
                0x08001750                __aeabi_dcmple
                0x08001764                __aeabi_dcmpge
                0x08001778                __aeabi_dcmpgt
 .text          0x0800178c       0x2c C:/PROGRA~2/ARMGNU~1/13C7F1~1.2RE/bin/../lib/gcc/arm-none-eabi/13.2.1/thumb/v7e-m/nofp\libgcc.a(_arm_unorddf2.o)
                0x0800178c                __unorddf2
                0x0800178c                __aeabi_dcmpun
 .text          0x080017b8       0x50 C:/PROGRA~2/ARMGNU~1/13C7F1~1.2RE/bin/../lib/gcc/arm-none-eabi/13.2.1/thumb/v7e-m/nofp\libgcc.a(_arm_fixdfsi.o)
                0x080017b8                __aeabi_d2iz
                0x080017b8                __fixdfsi
 *(.text*)
 .text.deregister_tm_clones
                0x08001808       0x1c C:/PROGRA~2/ARMGNU~1/13C7F1~1.2RE/bin/../lib/gcc/arm-none-eabi/13.2.1/thumb/v7e-m/nofp/crtbegin.o
 .text.register_tm_clones
                0x08001824       0x24 C:/PROGRA~2/ARMGNU~1/13C7F1~1.2RE/bin/../lib/gcc/arm-none-eabi/13.2.1/thumb/v7e-m/nofp/crtbegin.o
 .text.__do_global_dtors_aux
                0x08001848       0x28 C:/PROGRA~2/ARMGNU~1/13C7F1~1.2RE/bin/../lib/gcc/arm-none-eabi/13.2.1/thumb/v7e-m/nofp/crtbegin.o
 .text.frame_dummy
                0x08001870       0x24 C:/PROGRA~2/ARMGNU~1/13C7F1~1.2RE/bin/../lib/gcc/arm-none-eabi/13.2.1/thumb/v7e-m/nofp/crtbegin.o
 .text._ZN9PCAP04IIC15writeall_configEv
                0x08001894       0x3c CMakeFiles/MAS-Unit.elf.dir/Core/Src/PCAP04IIC.cpp.obj
                0x08001894                PCAP04IIC::writeall_config()
 .text._ZN9PCAP04IIC13readall_nvramEv
                0x080018d0       0x1c CMakeFiles/MAS-Unit.elf.dir/Core/Src/PCAP04IIC.cpp.obj
                0x080018d0                PCAP04IIC::readall_nvram()
 .text._ZN9PCAP04IIC14readall_configEv
                0x080018ec       0x1a CMakeFiles/MAS-Unit.elf.dir/Core/Src/PCAP04IIC.cpp.obj
                0x080018ec                PCAP04IIC::readall_config()
 .text._ZN9PCAP04IIC14readall_resultEv
                0x08001906       0x1a CMakeFiles/MAS-Unit.elf.dir/Core/Src/PCAP04IIC.cpp.obj
                0x08001906                PCAP04IIC::readall_result()
 .text._ZN9PCAP04IIC14readall_statusEv
                0x08001920       0x1a CMakeFiles/MAS-Unit.elf.dir/Core/Src/PCAP04IIC.cpp.obj
                0x08001920                PCAP04IIC::readall_status()
 .text._ZN9PCAP04IIC28convert_status_regs_to_flagsEv
                0x0800193a       0x94 CMakeFiles/MAS-Unit.elf.dir/Core/Src/PCAP04IIC.cpp.obj
                0x0800193a                PCAP04IIC::convert_status_regs_to_flags()
 *fill*         0x080019ce        0x2 
 .text._ZN9PCAP04IIC29convert_results_regs_to_floatEv
                0x080019d0       0x90 CMakeFiles/MAS-Unit.elf.dir/Core/Src/PCAP04IIC.cpp.obj
                0x080019d0                PCAP04IIC::convert_results_regs_to_float()
 .text._ZN9PCAP04IIC14writeall_nvramEv
                0x08001a60       0x32 CMakeFiles/MAS-Unit.elf.dir/Core/Src/PCAP04IIC.cpp.obj
                0x08001a60                PCAP04IIC::writeall_nvram()
 *fill*         0x08001a92        0x2 
 .text._ZN9PCAP04IIC12write_configEhh
                0x08001a94       0x44 CMakeFiles/MAS-Unit.elf.dir/Core/Src/PCAP04IIC.cpp.obj
                0x08001a94                PCAP04IIC::write_config(unsigned char, unsigned char)
 .text._ZN9PCAP04IIC10read_nvramEt
                0x08001ad8       0xc8 CMakeFiles/MAS-Unit.elf.dir/Core/Src/PCAP04IIC.cpp.obj
                0x08001ad8                PCAP04IIC::read_nvram(unsigned short)
 .text._ZN9PCAP04IIC11read_configEh
                0x08001ba0       0x68 CMakeFiles/MAS-Unit.elf.dir/Core/Src/PCAP04IIC.cpp.obj
                0x08001ba0                PCAP04IIC::read_config(unsigned char)
 .text._ZN9PCAP04IIC11read_resultEh
                0x08001c08       0xb4 CMakeFiles/MAS-Unit.elf.dir/Core/Src/PCAP04IIC.cpp.obj
                0x08001c08                PCAP04IIC::read_result(unsigned char)
 .text._ZN9PCAP04IIC11write_nvramEt
                0x08001cbc       0xbc CMakeFiles/MAS-Unit.elf.dir/Core/Src/PCAP04IIC.cpp.obj
                0x08001cbc                PCAP04IIC::write_nvram(unsigned short)
 .text._ZN9PCAP04IIC12i2c_transmitEj
                0x08001d78       0x78 CMakeFiles/MAS-Unit.elf.dir/Core/Src/PCAP04IIC.cpp.obj
                0x08001d78                PCAP04IIC::i2c_transmit(unsigned int)
 .text._ZN9PCAP04IIC12i2c_transmitEm
                0x08001df0       0x3c CMakeFiles/MAS-Unit.elf.dir/Core/Src/PCAP04IIC.cpp.obj
                0x08001df0                PCAP04IIC::i2c_transmit(unsigned long)
 .text._ZN9PCAP04IIC12i2c_transmitEt
                0x08001e2c       0x64 CMakeFiles/MAS-Unit.elf.dir/Core/Src/PCAP04IIC.cpp.obj
                0x08001e2c                PCAP04IIC::i2c_transmit(unsigned short)
 .text._ZN9PCAP04IIC12i2c_transmitEh
                0x08001e90       0x54 CMakeFiles/MAS-Unit.elf.dir/Core/Src/PCAP04IIC.cpp.obj
                0x08001e90                PCAP04IIC::i2c_transmit(unsigned char)
 .text._ZN9PCAP04IIC14validate_nvramEv
                0x08001ee4       0x74 CMakeFiles/MAS-Unit.elf.dir/Core/Src/PCAP04IIC.cpp.obj
                0x08001ee4                PCAP04IIC::validate_nvram()
 .text._ZN20__PCAP_CONFIG_REGS_TC2Ev
                0x08001f58       0xc4 CMakeFiles/MAS-Unit.elf.dir/Core/Src/PCAP04IIC.cpp.obj
                0x08001f58                __PCAP_CONFIG_REGS_T::__PCAP_CONFIG_REGS_T()
                0x08001f58                __PCAP_CONFIG_REGS_T::__PCAP_CONFIG_REGS_T()
 .text._ZN9PCAP04IICC2E16pcap04_version_t24pcap_measurement_modes_tc13pcap_config_t
                0x0800201c      0x148 CMakeFiles/MAS-Unit.elf.dir/Core/Src/PCAP04IIC.cpp.obj
                0x0800201c                PCAP04IIC::PCAP04IIC(pcap04_version_t, pcap_measurement_modes_t, char, pcap_config_t)
                0x0800201c                PCAP04IIC::PCAP04IIC(pcap04_version_t, pcap_measurement_modes_t, char, pcap_config_t)
 .text._ZN9PCAP04IIC15test_connectionEv
                0x08002164       0xac CMakeFiles/MAS-Unit.elf.dir/Core/Src/PCAP04IIC.cpp.obj
                0x08002164                PCAP04IIC::test_connection()
 .text._ZN9PCAP04IIC12send_commandEh
                0x08002210       0x96 CMakeFiles/MAS-Unit.elf.dir/Core/Src/PCAP04IIC.cpp.obj
                0x08002210                PCAP04IIC::send_command(unsigned char)
 *fill*         0x080022a6        0x2 
 .text._ZN9PCAP04IIC13initializeIICEv
                0x080022a8       0x30 CMakeFiles/MAS-Unit.elf.dir/Core/Src/PCAP04IIC.cpp.obj
                0x080022a8                PCAP04IIC::initializeIIC()
 .text._ZN9PCAP04IIC10init_nvramEv
                0x080022d8      0x240 CMakeFiles/MAS-Unit.elf.dir/Core/Src/PCAP04IIC.cpp.obj
                0x080022d8                PCAP04IIC::init_nvram()
 .text._ZN9PCAP04IIC13update_configEP13pcap_config_t
                0x08002518      0x596 CMakeFiles/MAS-Unit.elf.dir/Core/Src/PCAP04IIC.cpp.obj
                0x08002518                PCAP04IIC::update_config(pcap_config_t*)
 .text._ZN9PCAP04IIC10get_configEv
                0x08002aae      0x456 CMakeFiles/MAS-Unit.elf.dir/Core/Src/PCAP04IIC.cpp.obj
                0x08002aae                PCAP04IIC::get_config()
 .text._ZN7ENCODERC2EPfS0_S0_S0_S0_f9fit_model
                0x08002f04       0x3e CMakeFiles/MAS-Unit.elf.dir/Core/Src/angle_calculation.cpp.obj
                0x08002f04                ENCODER::ENCODER(float*, float*, float*, float*, float*, float, fit_model)
                0x08002f04                ENCODER::ENCODER(float*, float*, float*, float*, float*, float, fit_model)
 .text._ZNK7ENCODER11linear_funcEPff
                0x08002f42       0x1c CMakeFiles/MAS-Unit.elf.dir/Core/Src/angle_calculation.cpp.obj
                0x08002f42                ENCODER::linear_func(float*, float) const
 .text._ZNK7ENCODER10poly2_funcEPff
                0x08002f5e       0x36 CMakeFiles/MAS-Unit.elf.dir/Core/Src/angle_calculation.cpp.obj
                0x08002f5e                ENCODER::poly2_func(float*, float) const
 .text._ZN7ENCODER15calculate_angleEffff
                0x08002f94      0x15c CMakeFiles/MAS-Unit.elf.dir/Core/Src/angle_calculation.cpp.obj
                0x08002f94                ENCODER::calculate_angle(float, float, float, float)
 .text._ZL12MX_GPIO_Initv
                0x080030f0       0xa4 CMakeFiles/MAS-Unit.elf.dir/Core/Src/main.cpp.obj
 .text._Z41__static_initialization_and_destruction_0v
                0x08003194       0x64 CMakeFiles/MAS-Unit.elf.dir/Core/Src/main.cpp.obj
 .text.usb_printf
                0x080031f8       0x38 CMakeFiles/MAS-Unit.elf.dir/Core/Src/main.cpp.obj
                0x080031f8                usb_printf
 .text._Z19medianAverageFilterPfh
                0x08003230       0x6e CMakeFiles/MAS-Unit.elf.dir/Core/Src/main.cpp.obj
                0x08003230                medianAverageFilter(float*, unsigned char)
 .text._Z7enqueuefPfh
                0x0800329e       0x20 CMakeFiles/MAS-Unit.elf.dir/Core/Src/main.cpp.obj
                0x0800329e                enqueue(float, float*, unsigned char)
 *fill*         0x080032be        0x2 
 .text.HAL_GPIO_EXTI_Callback
                0x080032c0       0x14 CMakeFiles/MAS-Unit.elf.dir/Core/Src/main.cpp.obj
                0x080032c0                HAL_GPIO_EXTI_Callback
 .text.Error_Handler
                0x080032d4        0x4 CMakeFiles/MAS-Unit.elf.dir/Core/Src/main.cpp.obj
                0x080032d4                Error_Handler
 .text._ZL12MX_I2C1_Initv
                0x080032d8       0x38 CMakeFiles/MAS-Unit.elf.dir/Core/Src/main.cpp.obj
 .text._ZL19MX_USART1_UART_Initv
                0x08003310       0x34 CMakeFiles/MAS-Unit.elf.dir/Core/Src/main.cpp.obj
 .text._Z18SystemClock_Configv
                0x08003344       0xa4 CMakeFiles/MAS-Unit.elf.dir/Core/Src/main.cpp.obj
                0x08003344                SystemClock_Config()
 .text.main     0x080033e8      0x19c CMakeFiles/MAS-Unit.elf.dir/Core/Src/main.cpp.obj
                0x080033e8                main
 .text._GLOBAL__sub_I_hi2c1
                0x08003584        0x8 CMakeFiles/MAS-Unit.elf.dir/Core/Src/main.cpp.obj
 .text._Z26pcap04_configure_registersR9PCAP04IICP13pcap_config_th
                0x0800358c       0x26 CMakeFiles/MAS-Unit.elf.dir/Core/Src/pcap04.cpp.obj
                0x0800358c                pcap04_configure_registers(PCAP04IIC&, pcap_config_t*, unsigned char)
 .text._Z11pcap04_initP9PCAP04IICP13pcap_config_th
                0x080035b2       0x3a CMakeFiles/MAS-Unit.elf.dir/Core/Src/pcap04.cpp.obj
                0x080035b2                pcap04_init(PCAP04IIC*, pcap_config_t*, unsigned char)
 .text._Z11getCh1valuev
                0x080035ec       0x58 CMakeFiles/MAS-Unit.elf.dir/Core/Src/pcap04.cpp.obj
                0x080035ec                getCh1value()
 .text._Z11getCh2valuev
                0x08003644       0x58 CMakeFiles/MAS-Unit.elf.dir/Core/Src/pcap04.cpp.obj
                0x08003644                getCh2value()
 .text._Z11getCh3valuev
                0x0800369c       0x58 CMakeFiles/MAS-Unit.elf.dir/Core/Src/pcap04.cpp.obj
                0x0800369c                getCh3value()
 .text._Z11getCh4valuev
                0x080036f4       0x58 CMakeFiles/MAS-Unit.elf.dir/Core/Src/pcap04.cpp.obj
                0x080036f4                getCh4value()
 .text.HAL_MspInit
                0x0800374c       0x38 CMakeFiles/MAS-Unit.elf.dir/Core/Src/stm32f4xx_hal_msp.c.obj
                0x0800374c                HAL_MspInit
 .text.HAL_I2C_MspInit
                0x08003784       0x70 CMakeFiles/MAS-Unit.elf.dir/Core/Src/stm32f4xx_hal_msp.c.obj
                0x08003784                HAL_I2C_MspInit
 .text.HAL_UART_MspInit
                0x080037f4       0x80 CMakeFiles/MAS-Unit.elf.dir/Core/Src/stm32f4xx_hal_msp.c.obj
                0x080037f4                HAL_UART_MspInit
 .text.NMI_Handler
                0x08003874        0x2 CMakeFiles/MAS-Unit.elf.dir/Core/Src/stm32f4xx_it.c.obj
                0x08003874                NMI_Handler
 .text.HardFault_Handler
                0x08003876        0x2 CMakeFiles/MAS-Unit.elf.dir/Core/Src/stm32f4xx_it.c.obj
                0x08003876                HardFault_Handler
 .text.MemManage_Handler
                0x08003878        0x2 CMakeFiles/MAS-Unit.elf.dir/Core/Src/stm32f4xx_it.c.obj
                0x08003878                MemManage_Handler
 .text.BusFault_Handler
                0x0800387a        0x2 CMakeFiles/MAS-Unit.elf.dir/Core/Src/stm32f4xx_it.c.obj
                0x0800387a                BusFault_Handler
 .text.UsageFault_Handler
                0x0800387c        0x2 CMakeFiles/MAS-Unit.elf.dir/Core/Src/stm32f4xx_it.c.obj
                0x0800387c                UsageFault_Handler
 .text.SVC_Handler
                0x0800387e        0x2 CMakeFiles/MAS-Unit.elf.dir/Core/Src/stm32f4xx_it.c.obj
                0x0800387e                SVC_Handler
 .text.DebugMon_Handler
                0x08003880        0x2 CMakeFiles/MAS-Unit.elf.dir/Core/Src/stm32f4xx_it.c.obj
                0x08003880                DebugMon_Handler
 .text.PendSV_Handler
                0x08003882        0x2 CMakeFiles/MAS-Unit.elf.dir/Core/Src/stm32f4xx_it.c.obj
                0x08003882                PendSV_Handler
 .text.SysTick_Handler
                0x08003884        0x8 CMakeFiles/MAS-Unit.elf.dir/Core/Src/stm32f4xx_it.c.obj
                0x08003884                SysTick_Handler
 .text.EXTI4_IRQHandler
                0x0800388c        0xa CMakeFiles/MAS-Unit.elf.dir/Core/Src/stm32f4xx_it.c.obj
                0x0800388c                EXTI4_IRQHandler
 *fill*         0x08003896        0x2 
 .text.USART1_IRQHandler
                0x08003898       0x10 CMakeFiles/MAS-Unit.elf.dir/Core/Src/stm32f4xx_it.c.obj
                0x08003898                USART1_IRQHandler
 .text._getpid  0x080038a8        0x4 CMakeFiles/MAS-Unit.elf.dir/Core/Src/syscalls.c.obj
                0x080038a8                _getpid
 .text._kill    0x080038ac       0x10 CMakeFiles/MAS-Unit.elf.dir/Core/Src/syscalls.c.obj
                0x080038ac                _kill
 .text._exit    0x080038bc        0xc CMakeFiles/MAS-Unit.elf.dir/Core/Src/syscalls.c.obj
                0x080038bc                _exit
 .text._read    0x080038c8       0x20 CMakeFiles/MAS-Unit.elf.dir/Core/Src/syscalls.c.obj
                0x080038c8                _read
 .text._write   0x080038e8       0x1c CMakeFiles/MAS-Unit.elf.dir/Core/Src/syscalls.c.obj
                0x080038e8                _write
 .text._close   0x08003904        0x6 CMakeFiles/MAS-Unit.elf.dir/Core/Src/syscalls.c.obj
                0x08003904                _close
 .text._fstat   0x0800390a        0xa CMakeFiles/MAS-Unit.elf.dir/Core/Src/syscalls.c.obj
                0x0800390a                _fstat
 .text._isatty  0x08003914        0x4 CMakeFiles/MAS-Unit.elf.dir/Core/Src/syscalls.c.obj
                0x08003914                _isatty
 .text._lseek   0x08003918        0x4 CMakeFiles/MAS-Unit.elf.dir/Core/Src/syscalls.c.obj
                0x08003918                _lseek
 .text._sbrk    0x0800391c       0x48 CMakeFiles/MAS-Unit.elf.dir/Core/Src/sysmem.c.obj
                0x0800391c                _sbrk
 .text.SystemInit
                0x08003964        0x2 CMakeFiles/MAS-Unit.elf.dir/Core/Src/system_stm32f4xx.c.obj
                0x08003964                SystemInit
 *fill*         0x08003966        0x2 
 .text.Reset_Handler
                0x08003968       0x50 CMakeFiles/MAS-Unit.elf.dir/Core/Startup/startup_stm32f411ceux.s.obj
                0x08003968                Reset_Handler
 .text.Default_Handler
                0x080039b8        0x2 CMakeFiles/MAS-Unit.elf.dir/Core/Startup/startup_stm32f411ceux.s.obj
                0x080039b8                RTC_Alarm_IRQHandler
                0x080039b8                EXTI2_IRQHandler
                0x080039b8                SPI4_IRQHandler
                0x080039b8                TIM1_CC_IRQHandler
                0x080039b8                DMA2_Stream5_IRQHandler
                0x080039b8                DMA1_Stream5_IRQHandler
                0x080039b8                PVD_IRQHandler
                0x080039b8                SDIO_IRQHandler
                0x080039b8                TAMP_STAMP_IRQHandler
                0x080039b8                EXTI3_IRQHandler
                0x080039b8                TIM1_UP_TIM10_IRQHandler
                0x080039b8                I2C3_ER_IRQHandler
                0x080039b8                EXTI0_IRQHandler
                0x080039b8                I2C2_EV_IRQHandler
                0x080039b8                DMA1_Stream2_IRQHandler
                0x080039b8                FPU_IRQHandler
                0x080039b8                DMA2_Stream2_IRQHandler
                0x080039b8                SPI1_IRQHandler
                0x080039b8                TIM1_BRK_TIM9_IRQHandler
                0x080039b8                DMA2_Stream3_IRQHandler
                0x080039b8                USART6_IRQHandler
                0x080039b8                DMA2_Stream0_IRQHandler
                0x080039b8                TIM4_IRQHandler
                0x080039b8                I2C1_EV_IRQHandler
                0x080039b8                DMA1_Stream6_IRQHandler
                0x080039b8                DMA1_Stream1_IRQHandler
                0x080039b8                TIM3_IRQHandler
                0x080039b8                RCC_IRQHandler
                0x080039b8                Default_Handler
                0x080039b8                EXTI15_10_IRQHandler
                0x080039b8                ADC_IRQHandler
                0x080039b8                DMA1_Stream7_IRQHandler
                0x080039b8                SPI5_IRQHandler
                0x080039b8                TIM5_IRQHandler
                0x080039b8                DMA2_Stream7_IRQHandler
                0x080039b8                I2C3_EV_IRQHandler
                0x080039b8                EXTI9_5_IRQHandler
                0x080039b8                RTC_WKUP_IRQHandler
                0x080039b8                SPI2_IRQHandler
                0x080039b8                DMA1_Stream0_IRQHandler
                0x080039b8                WWDG_IRQHandler
                0x080039b8                TIM2_IRQHandler
                0x080039b8                OTG_FS_WKUP_IRQHandler
                0x080039b8                TIM1_TRG_COM_TIM11_IRQHandler
                0x080039b8                EXTI1_IRQHandler
                0x080039b8                USART2_IRQHandler
                0x080039b8                I2C2_ER_IRQHandler
                0x080039b8                DMA2_Stream1_IRQHandler
                0x080039b8                FLASH_IRQHandler
                0x080039b8                DMA2_Stream4_IRQHandler
                0x080039b8                OTG_FS_IRQHandler
                0x080039b8                SPI3_IRQHandler
                0x080039b8                DMA1_Stream4_IRQHandler
                0x080039b8                I2C1_ER_IRQHandler
                0x080039b8                DMA2_Stream6_IRQHandler
                0x080039b8                DMA1_Stream3_IRQHandler
 *fill*         0x080039ba        0x2 
 .text.HAL_InitTick
                0x080039bc       0x4c CMakeFiles/MAS-Unit.elf.dir/Drivers/STM32F4xx_HAL_Driver/Src/stm32f4xx_hal.c.obj
                0x080039bc                HAL_InitTick
 .text.HAL_Init
                0x08003a08       0x34 CMakeFiles/MAS-Unit.elf.dir/Drivers/STM32F4xx_HAL_Driver/Src/stm32f4xx_hal.c.obj
                0x08003a08                HAL_Init
 .text.HAL_IncTick
                0x08003a3c       0x18 CMakeFiles/MAS-Unit.elf.dir/Drivers/STM32F4xx_HAL_Driver/Src/stm32f4xx_hal.c.obj
                0x08003a3c                HAL_IncTick
 .text.HAL_GetTick
                0x08003a54        0xc CMakeFiles/MAS-Unit.elf.dir/Drivers/STM32F4xx_HAL_Driver/Src/stm32f4xx_hal.c.obj
                0x08003a54                HAL_GetTick
 .text.HAL_Delay
                0x08003a60       0x28 CMakeFiles/MAS-Unit.elf.dir/Drivers/STM32F4xx_HAL_Driver/Src/stm32f4xx_hal.c.obj
                0x08003a60                HAL_Delay
 .text.__NVIC_DisableIRQ
                0x08003a88       0x24 CMakeFiles/MAS-Unit.elf.dir/Drivers/STM32F4xx_HAL_Driver/Src/stm32f4xx_hal_cortex.c.obj
 .text.__NVIC_SetPriority
                0x08003aac       0x28 CMakeFiles/MAS-Unit.elf.dir/Drivers/STM32F4xx_HAL_Driver/Src/stm32f4xx_hal_cortex.c.obj
 .text.NVIC_EncodePriority
                0x08003ad4       0x3e CMakeFiles/MAS-Unit.elf.dir/Drivers/STM32F4xx_HAL_Driver/Src/stm32f4xx_hal_cortex.c.obj
 *fill*         0x08003b12        0x2 
 .text.HAL_NVIC_SetPriorityGrouping
                0x08003b14       0x24 CMakeFiles/MAS-Unit.elf.dir/Drivers/STM32F4xx_HAL_Driver/Src/stm32f4xx_hal_cortex.c.obj
                0x08003b14                HAL_NVIC_SetPriorityGrouping
 .text.HAL_NVIC_SetPriority
                0x08003b38       0x20 CMakeFiles/MAS-Unit.elf.dir/Drivers/STM32F4xx_HAL_Driver/Src/stm32f4xx_hal_cortex.c.obj
                0x08003b38                HAL_NVIC_SetPriority
 .text.HAL_NVIC_EnableIRQ
                0x08003b58       0x1c CMakeFiles/MAS-Unit.elf.dir/Drivers/STM32F4xx_HAL_Driver/Src/stm32f4xx_hal_cortex.c.obj
                0x08003b58                HAL_NVIC_EnableIRQ
 .text.HAL_NVIC_DisableIRQ
                0x08003b74        0x8 CMakeFiles/MAS-Unit.elf.dir/Drivers/STM32F4xx_HAL_Driver/Src/stm32f4xx_hal_cortex.c.obj
                0x08003b74                HAL_NVIC_DisableIRQ
 .text.HAL_SYSTICK_Config
                0x08003b7c       0x28 CMakeFiles/MAS-Unit.elf.dir/Drivers/STM32F4xx_HAL_Driver/Src/stm32f4xx_hal_cortex.c.obj
                0x08003b7c                HAL_SYSTICK_Config
 .text.HAL_DMA_Abort
                0x08003ba4       0x94 CMakeFiles/MAS-Unit.elf.dir/Drivers/STM32F4xx_HAL_Driver/Src/stm32f4xx_hal_dma.c.obj
                0x08003ba4                HAL_DMA_Abort
 .text.HAL_DMA_Abort_IT
                0x08003c38       0x26 CMakeFiles/MAS-Unit.elf.dir/Drivers/STM32F4xx_HAL_Driver/Src/stm32f4xx_hal_dma.c.obj
                0x08003c38                HAL_DMA_Abort_IT
 *fill*         0x08003c5e        0x2 
 .text.HAL_GPIO_Init
                0x08003c60      0x1d0 CMakeFiles/MAS-Unit.elf.dir/Drivers/STM32F4xx_HAL_Driver/Src/stm32f4xx_hal_gpio.c.obj
                0x08003c60                HAL_GPIO_Init
 .text.HAL_GPIO_WritePin
                0x08003e30        0xc CMakeFiles/MAS-Unit.elf.dir/Drivers/STM32F4xx_HAL_Driver/Src/stm32f4xx_hal_gpio.c.obj
                0x08003e30                HAL_GPIO_WritePin
 .text.HAL_GPIO_TogglePin
                0x08003e3c       0x12 CMakeFiles/MAS-Unit.elf.dir/Drivers/STM32F4xx_HAL_Driver/Src/stm32f4xx_hal_gpio.c.obj
                0x08003e3c                HAL_GPIO_TogglePin
 *fill*         0x08003e4e        0x2 
 .text.HAL_GPIO_EXTI_IRQHandler
                0x08003e50       0x1c CMakeFiles/MAS-Unit.elf.dir/Drivers/STM32F4xx_HAL_Driver/Src/stm32f4xx_hal_gpio.c.obj
                0x08003e50                HAL_GPIO_EXTI_IRQHandler
 .text.I2C_IsAcknowledgeFailed
                0x08003e6c       0x32 CMakeFiles/MAS-Unit.elf.dir/Drivers/STM32F4xx_HAL_Driver/Src/stm32f4xx_hal_i2c.c.obj
 .text.I2C_WaitOnFlagUntilTimeout
                0x08003e9e       0x7c CMakeFiles/MAS-Unit.elf.dir/Drivers/STM32F4xx_HAL_Driver/Src/stm32f4xx_hal_i2c.c.obj
 .text.I2C_WaitOnMasterAddressFlagUntilTimeout
                0x08003f1a       0xaa CMakeFiles/MAS-Unit.elf.dir/Drivers/STM32F4xx_HAL_Driver/Src/stm32f4xx_hal_i2c.c.obj
 .text.I2C_MasterRequestWrite
                0x08003fc4       0xb4 CMakeFiles/MAS-Unit.elf.dir/Drivers/STM32F4xx_HAL_Driver/Src/stm32f4xx_hal_i2c.c.obj
 .text.I2C_MasterRequestRead
                0x08004078      0x120 CMakeFiles/MAS-Unit.elf.dir/Drivers/STM32F4xx_HAL_Driver/Src/stm32f4xx_hal_i2c.c.obj
 .text.I2C_WaitOnTXEFlagUntilTimeout
                0x08004198       0x54 CMakeFiles/MAS-Unit.elf.dir/Drivers/STM32F4xx_HAL_Driver/Src/stm32f4xx_hal_i2c.c.obj
 .text.I2C_RequestMemoryRead
                0x080041ec      0x154 CMakeFiles/MAS-Unit.elf.dir/Drivers/STM32F4xx_HAL_Driver/Src/stm32f4xx_hal_i2c.c.obj
 .text.I2C_WaitOnBTFFlagUntilTimeout
                0x08004340       0x54 CMakeFiles/MAS-Unit.elf.dir/Drivers/STM32F4xx_HAL_Driver/Src/stm32f4xx_hal_i2c.c.obj
 .text.I2C_WaitOnRXNEFlagUntilTimeout
                0x08004394       0x6a CMakeFiles/MAS-Unit.elf.dir/Drivers/STM32F4xx_HAL_Driver/Src/stm32f4xx_hal_i2c.c.obj
 *fill*         0x080043fe        0x2 
 .text.HAL_I2C_Init
                0x08004400      0x1bc CMakeFiles/MAS-Unit.elf.dir/Drivers/STM32F4xx_HAL_Driver/Src/stm32f4xx_hal_i2c.c.obj
                0x08004400                HAL_I2C_Init
 .text.HAL_I2C_Master_Transmit
                0x080045bc      0x178 CMakeFiles/MAS-Unit.elf.dir/Drivers/STM32F4xx_HAL_Driver/Src/stm32f4xx_hal_i2c.c.obj
                0x080045bc                HAL_I2C_Master_Transmit
 .text.HAL_I2C_Master_Receive
                0x08004734      0x2e8 CMakeFiles/MAS-Unit.elf.dir/Drivers/STM32F4xx_HAL_Driver/Src/stm32f4xx_hal_i2c.c.obj
                0x08004734                HAL_I2C_Master_Receive
 .text.HAL_I2C_Mem_Read
                0x08004a1c      0x2e4 CMakeFiles/MAS-Unit.elf.dir/Drivers/STM32F4xx_HAL_Driver/Src/stm32f4xx_hal_i2c.c.obj
                0x08004a1c                HAL_I2C_Mem_Read
 .text.HAL_RCC_OscConfig
                0x08004d00      0x3f8 CMakeFiles/MAS-Unit.elf.dir/Drivers/STM32F4xx_HAL_Driver/Src/stm32f4xx_hal_rcc.c.obj
                0x08004d00                HAL_RCC_OscConfig
 .text.HAL_RCC_GetSysClockFreq
                0x080050f8       0xa8 CMakeFiles/MAS-Unit.elf.dir/Drivers/STM32F4xx_HAL_Driver/Src/stm32f4xx_hal_rcc.c.obj
                0x080050f8                HAL_RCC_GetSysClockFreq
 .text.HAL_RCC_ClockConfig
                0x080051a0      0x160 CMakeFiles/MAS-Unit.elf.dir/Drivers/STM32F4xx_HAL_Driver/Src/stm32f4xx_hal_rcc.c.obj
                0x080051a0                HAL_RCC_ClockConfig
 .text.HAL_RCC_GetHCLKFreq
                0x08005300        0xc CMakeFiles/MAS-Unit.elf.dir/Drivers/STM32F4xx_HAL_Driver/Src/stm32f4xx_hal_rcc.c.obj
                0x08005300                HAL_RCC_GetHCLKFreq
 .text.HAL_RCC_GetPCLK1Freq
                0x0800530c       0x20 CMakeFiles/MAS-Unit.elf.dir/Drivers/STM32F4xx_HAL_Driver/Src/stm32f4xx_hal_rcc.c.obj
                0x0800530c                HAL_RCC_GetPCLK1Freq
 .text.HAL_RCC_GetPCLK2Freq
                0x0800532c       0x20 CMakeFiles/MAS-Unit.elf.dir/Drivers/STM32F4xx_HAL_Driver/Src/stm32f4xx_hal_rcc.c.obj
                0x0800532c                HAL_RCC_GetPCLK2Freq
 .text.UART_EndRxTransfer
                0x0800534c       0x5c CMakeFiles/MAS-Unit.elf.dir/Drivers/STM32F4xx_HAL_Driver/Src/stm32f4xx_hal_uart.c.obj
 .text.UART_Transmit_IT
                0x080053a8       0x60 CMakeFiles/MAS-Unit.elf.dir/Drivers/STM32F4xx_HAL_Driver/Src/stm32f4xx_hal_uart.c.obj
 .text.UART_SetConfig
                0x08005408      0x110 CMakeFiles/MAS-Unit.elf.dir/Drivers/STM32F4xx_HAL_Driver/Src/stm32f4xx_hal_uart.c.obj
 .text.UART_WaitOnFlagUntilTimeout
                0x08005518       0x84 CMakeFiles/MAS-Unit.elf.dir/Drivers/STM32F4xx_HAL_Driver/Src/stm32f4xx_hal_uart.c.obj
 .text.HAL_UART_Init
                0x0800559c       0x5e CMakeFiles/MAS-Unit.elf.dir/Drivers/STM32F4xx_HAL_Driver/Src/stm32f4xx_hal_uart.c.obj
                0x0800559c                HAL_UART_Init
 .text.HAL_UART_Transmit
                0x080055fa       0xd8 CMakeFiles/MAS-Unit.elf.dir/Drivers/STM32F4xx_HAL_Driver/Src/stm32f4xx_hal_uart.c.obj
                0x080055fa                HAL_UART_Transmit
 .text.HAL_UART_TxCpltCallback
                0x080056d2        0x2 CMakeFiles/MAS-Unit.elf.dir/Drivers/STM32F4xx_HAL_Driver/Src/stm32f4xx_hal_uart.c.obj
                0x080056d2                HAL_UART_TxCpltCallback
 .text.UART_EndTransmit_IT
                0x080056d4       0x1a CMakeFiles/MAS-Unit.elf.dir/Drivers/STM32F4xx_HAL_Driver/Src/stm32f4xx_hal_uart.c.obj
 .text.HAL_UART_RxCpltCallback
                0x080056ee        0x2 CMakeFiles/MAS-Unit.elf.dir/Drivers/STM32F4xx_HAL_Driver/Src/stm32f4xx_hal_uart.c.obj
                0x080056ee                HAL_UART_RxCpltCallback
 .text.HAL_UART_ErrorCallback
                0x080056f0        0x2 CMakeFiles/MAS-Unit.elf.dir/Drivers/STM32F4xx_HAL_Driver/Src/stm32f4xx_hal_uart.c.obj
                0x080056f0                HAL_UART_ErrorCallback
 .text.UART_DMAAbortOnError
                0x080056f2       0x10 CMakeFiles/MAS-Unit.elf.dir/Drivers/STM32F4xx_HAL_Driver/Src/stm32f4xx_hal_uart.c.obj
 .text.HAL_UARTEx_RxEventCallback
                0x08005702        0x2 CMakeFiles/MAS-Unit.elf.dir/Drivers/STM32F4xx_HAL_Driver/Src/stm32f4xx_hal_uart.c.obj
                0x08005702                HAL_UARTEx_RxEventCallback
 .text.UART_Receive_IT
                0x08005704       0xe2 CMakeFiles/MAS-Unit.elf.dir/Drivers/STM32F4xx_HAL_Driver/Src/stm32f4xx_hal_uart.c.obj
 *fill*         0x080057e6        0x2 
 .text.HAL_UART_IRQHandler
                0x080057e8      0x27c CMakeFiles/MAS-Unit.elf.dir/Drivers/STM32F4xx_HAL_Driver/Src/stm32f4xx_hal_uart.c.obj
                0x080057e8                HAL_UART_IRQHandler
 .text._ZNK10__cxxabiv117__class_type_info11__do_upcastEPKS0_PPv
                0x08005a64       0x34 C:/PROGRA~2/ARMGNU~1/13C7F1~1.2RE/bin/../lib/gcc/arm-none-eabi/13.2.1/thumb/v7e-m/nofp\libstdc++.a(class_type_info.o)
                0x08005a64                __cxxabiv1::__class_type_info::__do_upcast(__cxxabiv1::__class_type_info const*, void**) const
 .text._ZNK10__cxxabiv117__class_type_info20__do_find_public_srcEiPKvPKS0_S2_
                0x08005a98        0xc C:/PROGRA~2/ARMGNU~1/13C7F1~1.2RE/bin/../lib/gcc/arm-none-eabi/13.2.1/thumb/v7e-m/nofp\libstdc++.a(class_type_info.o)
                0x08005a98                __cxxabiv1::__class_type_info::__do_find_public_src(int, void const*, __cxxabiv1::__class_type_info const*, void const*) const
 .text._ZN10__cxxabiv117__class_type_infoD2Ev
                0x08005aa4       0x14 C:/PROGRA~2/ARMGNU~1/13C7F1~1.2RE/bin/../lib/gcc/arm-none-eabi/13.2.1/thumb/v7e-m/nofp\libstdc++.a(class_type_info.o)
                0x08005aa4                __cxxabiv1::__class_type_info::~__class_type_info()
                0x08005aa4                __cxxabiv1::__class_type_info::~__class_type_info()
 .text._ZN10__cxxabiv117__class_type_infoD0Ev
                0x08005ab8       0x1c C:/PROGRA~2/ARMGNU~1/13C7F1~1.2RE/bin/../lib/gcc/arm-none-eabi/13.2.1/thumb/v7e-m/nofp\libstdc++.a(class_type_info.o)
                0x08005ab8                __cxxabiv1::__class_type_info::~__class_type_info()
 .text._ZNK10__cxxabiv117__class_type_info12__do_dyncastEiNS0_10__sub_kindEPKS0_PKvS3_S5_RNS0_16__dyncast_resultE
                0x08005ad4       0x44 C:/PROGRA~2/ARMGNU~1/13C7F1~1.2RE/bin/../lib/gcc/arm-none-eabi/13.2.1/thumb/v7e-m/nofp\libstdc++.a(class_type_info.o)
                0x08005ad4                __cxxabiv1::__class_type_info::__do_dyncast(int, __cxxabiv1::__class_type_info::__sub_kind, __cxxabiv1::__class_type_info const*, void const*, __cxxabiv1::__class_type_info const*, void const*, __cxxabiv1::__class_type_info::__dyncast_result&) const
 .text._ZNK10__cxxabiv117__class_type_info11__do_upcastEPKS0_PKvRNS0_15__upcast_resultE
                0x08005b18       0x1c C:/PROGRA~2/ARMGNU~1/13C7F1~1.2RE/bin/../lib/gcc/arm-none-eabi/13.2.1/thumb/v7e-m/nofp\libstdc++.a(class_type_info.o)
                0x08005b18                __cxxabiv1::__class_type_info::__do_upcast(__cxxabiv1::__class_type_info const*, void const*, __cxxabiv1::__class_type_info::__upcast_result&) const
 .text._ZNK10__cxxabiv117__class_type_info10__do_catchEPKSt9type_infoPPvj
                0x08005b34       0x2c C:/PROGRA~2/ARMGNU~1/13C7F1~1.2RE/bin/../lib/gcc/arm-none-eabi/13.2.1/thumb/v7e-m/nofp\libstdc++.a(class_type_info.o)
                0x08005b34                __cxxabiv1::__class_type_info::__do_catch(std::type_info const*, void**, unsigned int) const
 .text._ZdlPvj  0x08005b60        0x4 C:/PROGRA~2/ARMGNU~1/13C7F1~1.2RE/bin/../lib/gcc/arm-none-eabi/13.2.1/thumb/v7e-m/nofp\libstdc++.a(del_ops.o)
                0x08005b60                operator delete(void*, unsigned int)
 .text._ZN10__cxxabiv120__si_class_type_infoD2Ev
                0x08005b64       0x14 C:/PROGRA~2/ARMGNU~1/13C7F1~1.2RE/bin/../lib/gcc/arm-none-eabi/13.2.1/thumb/v7e-m/nofp\libstdc++.a(si_class_type_info.o)
                0x08005b64                __cxxabiv1::__si_class_type_info::~__si_class_type_info()
                0x08005b64                __cxxabiv1::__si_class_type_info::~__si_class_type_info()
 .text._ZN10__cxxabiv120__si_class_type_infoD0Ev
                0x08005b78       0x1c C:/PROGRA~2/ARMGNU~1/13C7F1~1.2RE/bin/../lib/gcc/arm-none-eabi/13.2.1/thumb/v7e-m/nofp\libstdc++.a(si_class_type_info.o)
                0x08005b78                __cxxabiv1::__si_class_type_info::~__si_class_type_info()
 .text._ZNK10__cxxabiv120__si_class_type_info20__do_find_public_srcEiPKvPKNS_17__class_type_infoES2_
                0x08005b94       0x3c C:/PROGRA~2/ARMGNU~1/13C7F1~1.2RE/bin/../lib/gcc/arm-none-eabi/13.2.1/thumb/v7e-m/nofp\libstdc++.a(si_class_type_info.o)
                0x08005b94                __cxxabiv1::__si_class_type_info::__do_find_public_src(int, void const*, __cxxabiv1::__class_type_info const*, void const*) const
 .text._ZNK10__cxxabiv120__si_class_type_info12__do_dyncastEiNS_17__class_type_info10__sub_kindEPKS1_PKvS4_S6_RNS1_16__dyncast_resultE
                0x08005bd0       0x84 C:/PROGRA~2/ARMGNU~1/13C7F1~1.2RE/bin/../lib/gcc/arm-none-eabi/13.2.1/thumb/v7e-m/nofp\libstdc++.a(si_class_type_info.o)
                0x08005bd0                __cxxabiv1::__si_class_type_info::__do_dyncast(int, __cxxabiv1::__class_type_info::__sub_kind, __cxxabiv1::__class_type_info const*, void const*, __cxxabiv1::__class_type_info const*, void const*, __cxxabiv1::__class_type_info::__dyncast_result&) const
 .text._ZNK10__cxxabiv120__si_class_type_info11__do_upcastEPKNS_17__class_type_infoEPKvRNS1_15__upcast_resultE
                0x08005c54       0x2c C:/PROGRA~2/ARMGNU~1/13C7F1~1.2RE/bin/../lib/gcc/arm-none-eabi/13.2.1/thumb/v7e-m/nofp\libstdc++.a(si_class_type_info.o)
                0x08005c54                __cxxabiv1::__si_class_type_info::__do_upcast(__cxxabiv1::__class_type_info const*, void const*, __cxxabiv1::__class_type_info::__upcast_result&) const
 .text._ZNSt9type_infoD2Ev
                0x08005c80        0x4 C:/PROGRA~2/ARMGNU~1/13C7F1~1.2RE/bin/../lib/gcc/arm-none-eabi/13.2.1/thumb/v7e-m/nofp\libstdc++.a(tinfo.o)
                0x08005c80                std::type_info::~type_info()
                0x08005c80                std::type_info::~type_info()
 .text._ZNKSt9type_info14__is_pointer_pEv
                0x08005c84        0x4 C:/PROGRA~2/ARMGNU~1/13C7F1~1.2RE/bin/../lib/gcc/arm-none-eabi/13.2.1/thumb/v7e-m/nofp\libstdc++.a(tinfo.o)
                0x08005c84                std::type_info::__is_pointer_p() const
                0x08005c84                std::type_info::__is_function_p() const
 .text._ZNKSt9type_infoeqERKS_
                0x08005c88       0x2c C:/PROGRA~2/ARMGNU~1/13C7F1~1.2RE/bin/../lib/gcc/arm-none-eabi/13.2.1/thumb/v7e-m/nofp\libstdc++.a(tinfo.o)
                0x08005c88                std::type_info::operator==(std::type_info const&) const
                0x08005c88                std::type_info::__equal(std::type_info const&) const
 .text._ZdlPv   0x08005cb4        0x4 C:/PROGRA~2/ARMGNU~1/13C7F1~1.2RE/bin/../lib/gcc/arm-none-eabi/13.2.1/thumb/v7e-m/nofp\libstdc++.a(del_op.o)
                0x08005cb4                operator delete(void*)
 .text.__udivmoddi4
                0x08005cb8      0x2bc C:/PROGRA~2/ARMGNU~1/13C7F1~1.2RE/bin/../lib/gcc/arm-none-eabi/13.2.1/thumb/v7e-m/nofp\libgcc.a(_udivmoddi4.o)
                0x08005cb8                __udivmoddi4
 .text.selfrel_offset31
                0x08005f74       0x14 C:/PROGRA~2/ARMGNU~1/13C7F1~1.2RE/bin/../lib/gcc/arm-none-eabi/13.2.1/thumb/v7e-m/nofp\libgcc.a(unwind-arm.o)
 .text.search_EIT_table
                0x08005f88       0x68 C:/PROGRA~2/ARMGNU~1/13C7F1~1.2RE/bin/../lib/gcc/arm-none-eabi/13.2.1/thumb/v7e-m/nofp\libgcc.a(unwind-arm.o)
 .text.__gnu_unwind_get_pr_addr
                0x08005ff0       0x28 C:/PROGRA~2/ARMGNU~1/13C7F1~1.2RE/bin/../lib/gcc/arm-none-eabi/13.2.1/thumb/v7e-m/nofp\libgcc.a(unwind-arm.o)
 .text.get_eit_entry
                0x08006018       0x98 C:/PROGRA~2/ARMGNU~1/13C7F1~1.2RE/bin/../lib/gcc/arm-none-eabi/13.2.1/thumb/v7e-m/nofp\libgcc.a(unwind-arm.o)
 .text.restore_non_core_regs
                0x080060b0       0x58 C:/PROGRA~2/ARMGNU~1/13C7F1~1.2RE/bin/../lib/gcc/arm-none-eabi/13.2.1/thumb/v7e-m/nofp\libgcc.a(unwind-arm.o)
 .text._Unwind_decode_typeinfo_ptr.constprop.0
                0x08006108        0xc C:/PROGRA~2/ARMGNU~1/13C7F1~1.2RE/bin/../lib/gcc/arm-none-eabi/13.2.1/thumb/v7e-m/nofp\libgcc.a(unwind-arm.o)
 .text._Unwind_DebugHook
                0x08006114        0x4 C:/PROGRA~2/ARMGNU~1/13C7F1~1.2RE/bin/../lib/gcc/arm-none-eabi/13.2.1/thumb/v7e-m/nofp\libgcc.a(unwind-arm.o)
 .text.unwind_phase2
                0x08006118       0x3c C:/PROGRA~2/ARMGNU~1/13C7F1~1.2RE/bin/../lib/gcc/arm-none-eabi/13.2.1/thumb/v7e-m/nofp\libgcc.a(unwind-arm.o)
 .text.unwind_phase2_forced
                0x08006154       0xd8 C:/PROGRA~2/ARMGNU~1/13C7F1~1.2RE/bin/../lib/gcc/arm-none-eabi/13.2.1/thumb/v7e-m/nofp\libgcc.a(unwind-arm.o)
 .text.__gnu_Unwind_RaiseException
                0x0800622c       0x68 C:/PROGRA~2/ARMGNU~1/13C7F1~1.2RE/bin/../lib/gcc/arm-none-eabi/13.2.1/thumb/v7e-m/nofp\libgcc.a(unwind-arm.o)
                0x0800622c                __gnu_Unwind_RaiseException
 .text.__gnu_Unwind_ForcedUnwind
                0x08006294       0x10 C:/PROGRA~2/ARMGNU~1/13C7F1~1.2RE/bin/../lib/gcc/arm-none-eabi/13.2.1/thumb/v7e-m/nofp\libgcc.a(unwind-arm.o)
                0x08006294                __gnu_Unwind_ForcedUnwind
 .text.__gnu_Unwind_Resume
                0x080062a4       0x44 C:/PROGRA~2/ARMGNU~1/13C7F1~1.2RE/bin/../lib/gcc/arm-none-eabi/13.2.1/thumb/v7e-m/nofp\libgcc.a(unwind-arm.o)
                0x080062a4                __gnu_Unwind_Resume
 .text.__gnu_Unwind_Resume_or_Rethrow
                0x080062e8       0x14 C:/PROGRA~2/ARMGNU~1/13C7F1~1.2RE/bin/../lib/gcc/arm-none-eabi/13.2.1/thumb/v7e-m/nofp\libgcc.a(unwind-arm.o)
                0x080062e8                __gnu_Unwind_Resume_or_Rethrow
 .text._Unwind_VRS_Get
                0x080062fc       0x34 C:/PROGRA~2/ARMGNU~1/13C7F1~1.2RE/bin/../lib/gcc/arm-none-eabi/13.2.1/thumb/v7e-m/nofp\libgcc.a(unwind-arm.o)
                0x080062fc                _Unwind_VRS_Get
 .text._Unwind_GetGR
                0x08006330       0x1c C:/PROGRA~2/ARMGNU~1/13C7F1~1.2RE/bin/../lib/gcc/arm-none-eabi/13.2.1/thumb/v7e-m/nofp\libgcc.a(unwind-arm.o)
 .text._Unwind_VRS_Set
                0x0800634c       0x34 C:/PROGRA~2/ARMGNU~1/13C7F1~1.2RE/bin/../lib/gcc/arm-none-eabi/13.2.1/thumb/v7e-m/nofp\libgcc.a(unwind-arm.o)
                0x0800634c                _Unwind_VRS_Set
 .text._Unwind_SetGR
                0x08006380       0x18 C:/PROGRA~2/ARMGNU~1/13C7F1~1.2RE/bin/../lib/gcc/arm-none-eabi/13.2.1/thumb/v7e-m/nofp\libgcc.a(unwind-arm.o)
 .text.__gnu_Unwind_Backtrace
                0x08006398       0x84 C:/PROGRA~2/ARMGNU~1/13C7F1~1.2RE/bin/../lib/gcc/arm-none-eabi/13.2.1/thumb/v7e-m/nofp\libgcc.a(unwind-arm.o)
                0x08006398                __gnu_Unwind_Backtrace
 .text.__gnu_unwind_pr_common
                0x0800641c      0x2a4 C:/PROGRA~2/ARMGNU~1/13C7F1~1.2RE/bin/../lib/gcc/arm-none-eabi/13.2.1/thumb/v7e-m/nofp\libgcc.a(unwind-arm.o)
 .text.__aeabi_unwind_cpp_pr0
                0x080066c0        0x8 C:/PROGRA~2/ARMGNU~1/13C7F1~1.2RE/bin/../lib/gcc/arm-none-eabi/13.2.1/thumb/v7e-m/nofp\libgcc.a(unwind-arm.o)
                0x080066c0                __aeabi_unwind_cpp_pr0
 .text.__aeabi_unwind_cpp_pr1
                0x080066c8        0x8 C:/PROGRA~2/ARMGNU~1/13C7F1~1.2RE/bin/../lib/gcc/arm-none-eabi/13.2.1/thumb/v7e-m/nofp\libgcc.a(unwind-arm.o)
                0x080066c8                __aeabi_unwind_cpp_pr1
 .text.__aeabi_unwind_cpp_pr2
                0x080066d0        0x8 C:/PROGRA~2/ARMGNU~1/13C7F1~1.2RE/bin/../lib/gcc/arm-none-eabi/13.2.1/thumb/v7e-m/nofp\libgcc.a(unwind-arm.o)
                0x080066d0                __aeabi_unwind_cpp_pr2
 .text._Unwind_VRS_Pop
                0x080066d8      0x2f0 C:/PROGRA~2/ARMGNU~1/13C7F1~1.2RE/bin/../lib/gcc/arm-none-eabi/13.2.1/thumb/v7e-m/nofp\libgcc.a(unwind-arm.o)
                0x080066d8                _Unwind_VRS_Pop
 .text.next_unwind_byte
                0x080069c8       0x38 C:/PROGRA~2/ARMGNU~1/13C7F1~1.2RE/bin/../lib/gcc/arm-none-eabi/13.2.1/thumb/v7e-m/nofp\libgcc.a(pr-support.o)
 .text.__gnu_unwind_execute
                0x08006a00      0x2fc C:/PROGRA~2/ARMGNU~1/13C7F1~1.2RE/bin/../lib/gcc/arm-none-eabi/13.2.1/thumb/v7e-m/nofp\libgcc.a(pr-support.o)
                0x08006a00                __gnu_unwind_execute
 .text.abort    0x08006cfc       0x10 C:/PROGRA~2/ARMGNU~1/13C7F1~1.2RE/bin/../lib/gcc/arm-none-eabi/13.2.1/thumb/v7e-m/nofp\libg.a(libc_a-abort.o)
                0x08006cfc                abort
 .text.free     0x08006d0c       0x10 C:/PROGRA~2/ARMGNU~1/13C7F1~1.2RE/bin/../lib/gcc/arm-none-eabi/13.2.1/thumb/v7e-m/nofp\libg.a(libc_a-malloc.o)
                0x08006d0c                free
 .text._malloc_r
                0x08006d1c      0x564 C:/PROGRA~2/ARMGNU~1/13C7F1~1.2RE/bin/../lib/gcc/arm-none-eabi/13.2.1/thumb/v7e-m/nofp\libg.a(libc_a-mallocr.o)
                0x08006d1c                _malloc_r
 .text.__malloc_lock
                0x08007280        0xc C:/PROGRA~2/ARMGNU~1/13C7F1~1.2RE/bin/../lib/gcc/arm-none-eabi/13.2.1/thumb/v7e-m/nofp\libg.a(libc_a-mlock.o)
                0x08007280                __malloc_lock
 .text.__malloc_unlock
                0x0800728c        0xc C:/PROGRA~2/ARMGNU~1/13C7F1~1.2RE/bin/../lib/gcc/arm-none-eabi/13.2.1/thumb/v7e-m/nofp\libg.a(libc_a-mlock.o)
                0x0800728c                __malloc_unlock
 .text.stdio_exit_handler
                0x08007298       0x18 C:/PROGRA~2/ARMGNU~1/13C7F1~1.2RE/bin/../lib/gcc/arm-none-eabi/13.2.1/thumb/v7e-m/nofp\libg.a(libc_a-findfp.o)
 .text.cleanup_stdio
                0x080072b0       0x40 C:/PROGRA~2/ARMGNU~1/13C7F1~1.2RE/bin/../lib/gcc/arm-none-eabi/13.2.1/thumb/v7e-m/nofp\libg.a(libc_a-findfp.o)
 .text.global_stdio_init.part.0
                0x080072f0       0xf0 C:/PROGRA~2/ARMGNU~1/13C7F1~1.2RE/bin/../lib/gcc/arm-none-eabi/13.2.1/thumb/v7e-m/nofp\libg.a(libc_a-findfp.o)
 .text.__sinit  0x080073e0       0x3c C:/PROGRA~2/ARMGNU~1/13C7F1~1.2RE/bin/../lib/gcc/arm-none-eabi/13.2.1/thumb/v7e-m/nofp\libg.a(libc_a-findfp.o)
                0x080073e0                __sinit
 .text.__sfp_lock_acquire
                0x0800741c        0xc C:/PROGRA~2/ARMGNU~1/13C7F1~1.2RE/bin/../lib/gcc/arm-none-eabi/13.2.1/thumb/v7e-m/nofp\libg.a(libc_a-findfp.o)
                0x0800741c                __sfp_lock_acquire
 .text.__sfp_lock_release
                0x08007428        0xc C:/PROGRA~2/ARMGNU~1/13C7F1~1.2RE/bin/../lib/gcc/arm-none-eabi/13.2.1/thumb/v7e-m/nofp\libg.a(libc_a-findfp.o)
                0x08007428                __sfp_lock_release
 .text._fwalk_sglue
                0x08007434       0x44 C:/PROGRA~2/ARMGNU~1/13C7F1~1.2RE/bin/../lib/gcc/arm-none-eabi/13.2.1/thumb/v7e-m/nofp\libg.a(libc_a-fwalk.o)
                0x08007434                _fwalk_sglue
 .text.__sread  0x08007478       0x24 C:/PROGRA~2/ARMGNU~1/13C7F1~1.2RE/bin/../lib/gcc/arm-none-eabi/13.2.1/thumb/v7e-m/nofp\libg.a(libc_a-stdio.o)
                0x08007478                __sread
 .text.__swrite
                0x0800749c       0x40 C:/PROGRA~2/ARMGNU~1/13C7F1~1.2RE/bin/../lib/gcc/arm-none-eabi/13.2.1/thumb/v7e-m/nofp\libg.a(libc_a-stdio.o)
                0x0800749c                __swrite
 .text.__sseek  0x080074dc       0x24 C:/PROGRA~2/ARMGNU~1/13C7F1~1.2RE/bin/../lib/gcc/arm-none-eabi/13.2.1/thumb/v7e-m/nofp\libg.a(libc_a-stdio.o)
                0x080074dc                __sseek
 .text.__sclose
                0x08007500        0x8 C:/PROGRA~2/ARMGNU~1/13C7F1~1.2RE/bin/../lib/gcc/arm-none-eabi/13.2.1/thumb/v7e-m/nofp\libg.a(libc_a-stdio.o)
                0x08007500                __sclose
 .text.vsnprintf
                0x08007508       0x70 C:/PROGRA~2/ARMGNU~1/13C7F1~1.2RE/bin/../lib/gcc/arm-none-eabi/13.2.1/thumb/v7e-m/nofp\libg.a(libc_a-vsnprintf.o)
                0x08007508                vsnprintf
 .text.memset   0x08007578       0xa4 C:/PROGRA~2/ARMGNU~1/13C7F1~1.2RE/bin/../lib/gcc/arm-none-eabi/13.2.1/thumb/v7e-m/nofp\libg.a(libc_a-memset.o)
                0x08007578                memset
 .text.raise    0x0800761c       0x58 C:/PROGRA~2/ARMGNU~1/13C7F1~1.2RE/bin/../lib/gcc/arm-none-eabi/13.2.1/thumb/v7e-m/nofp\libg.a(libc_a-signal.o)
                0x0800761c                raise
 .text._close_r
                0x08007674       0x24 C:/PROGRA~2/ARMGNU~1/13C7F1~1.2RE/bin/../lib/gcc/arm-none-eabi/13.2.1/thumb/v7e-m/nofp\libg.a(libc_a-closer.o)
                0x08007674                _close_r
 .text._lseek_r
                0x08007698       0x2c C:/PROGRA~2/ARMGNU~1/13C7F1~1.2RE/bin/../lib/gcc/arm-none-eabi/13.2.1/thumb/v7e-m/nofp\libg.a(libc_a-lseekr.o)
                0x08007698                _lseek_r
 .text._read_r  0x080076c4       0x2c C:/PROGRA~2/ARMGNU~1/13C7F1~1.2RE/bin/../lib/gcc/arm-none-eabi/13.2.1/thumb/v7e-m/nofp\libg.a(libc_a-readr.o)
                0x080076c4                _read_r
 .text._kill_r  0x080076f0       0x2c C:/PROGRA~2/ARMGNU~1/13C7F1~1.2RE/bin/../lib/gcc/arm-none-eabi/13.2.1/thumb/v7e-m/nofp\libg.a(libc_a-signalr.o)
                0x080076f0                _kill_r
 .text._getpid_r
                0x0800771c        0x4 C:/PROGRA~2/ARMGNU~1/13C7F1~1.2RE/bin/../lib/gcc/arm-none-eabi/13.2.1/thumb/v7e-m/nofp\libg.a(libc_a-signalr.o)
                0x0800771c                _getpid_r
 .text._sbrk_r  0x08007720       0x24 C:/PROGRA~2/ARMGNU~1/13C7F1~1.2RE/bin/../lib/gcc/arm-none-eabi/13.2.1/thumb/v7e-m/nofp\libg.a(libc_a-sbrkr.o)
                0x08007720                _sbrk_r
 .text._write_r
                0x08007744       0x2c C:/PROGRA~2/ARMGNU~1/13C7F1~1.2RE/bin/../lib/gcc/arm-none-eabi/13.2.1/thumb/v7e-m/nofp\libg.a(libc_a-writer.o)
                0x08007744                _write_r
 .text.__errno  0x08007770        0xc C:/PROGRA~2/ARMGNU~1/13C7F1~1.2RE/bin/../lib/gcc/arm-none-eabi/13.2.1/thumb/v7e-m/nofp\libg.a(libc_a-errno.o)
                0x08007770                __errno
 .text.__libc_init_array
                0x0800777c       0x50 C:/PROGRA~2/ARMGNU~1/13C7F1~1.2RE/bin/../lib/gcc/arm-none-eabi/13.2.1/thumb/v7e-m/nofp\libg.a(libc_a-init.o)
                0x0800777c                __libc_init_array
 .text.__retarget_lock_init_recursive
                0x080077cc        0x4 C:/PROGRA~2/ARMGNU~1/13C7F1~1.2RE/bin/../lib/gcc/arm-none-eabi/13.2.1/thumb/v7e-m/nofp\libg.a(libc_a-lock.o)
                0x080077cc                __retarget_lock_init_recursive
 .text.__retarget_lock_close_recursive
                0x080077d0        0x4 C:/PROGRA~2/ARMGNU~1/13C7F1~1.2RE/bin/../lib/gcc/arm-none-eabi/13.2.1/thumb/v7e-m/nofp\libg.a(libc_a-lock.o)
                0x080077d0                __retarget_lock_close_recursive
 .text.__retarget_lock_acquire_recursive
                0x080077d4        0x4 C:/PROGRA~2/ARMGNU~1/13C7F1~1.2RE/bin/../lib/gcc/arm-none-eabi/13.2.1/thumb/v7e-m/nofp\libg.a(libc_a-lock.o)
                0x080077d4                __retarget_lock_acquire_recursive
 .text.__retarget_lock_release_recursive
                0x080077d8        0x4 C:/PROGRA~2/ARMGNU~1/13C7F1~1.2RE/bin/../lib/gcc/arm-none-eabi/13.2.1/thumb/v7e-m/nofp\libg.a(libc_a-lock.o)
                0x080077d8                __retarget_lock_release_recursive
 .text.sysconf  0x080077dc       0x1c C:/PROGRA~2/ARMGNU~1/13C7F1~1.2RE/bin/../lib/gcc/arm-none-eabi/13.2.1/thumb/v7e-m/nofp\libg.a(libc_a-sysconf.o)
                0x080077dc                sysconf
 .text.startup.register_fini
                0x080077f8       0x14 C:/PROGRA~2/ARMGNU~1/13C7F1~1.2RE/bin/../lib/gcc/arm-none-eabi/13.2.1/thumb/v7e-m/nofp\libg.a(libc_a-__call_atexit.o)
 .text.atexit   0x0800780c        0xc C:/PROGRA~2/ARMGNU~1/13C7F1~1.2RE/bin/../lib/gcc/arm-none-eabi/13.2.1/thumb/v7e-m/nofp\libg.a(libc_a-atexit.o)
                0x0800780c                atexit
 .text._malloc_trim_r
                0x08007818       0xb8 C:/PROGRA~2/ARMGNU~1/13C7F1~1.2RE/bin/../lib/gcc/arm-none-eabi/13.2.1/thumb/v7e-m/nofp\libg.a(libc_a-freer.o)
                0x08007818                _malloc_trim_r
 .text._free_r  0x080078d0      0x1f8 C:/PROGRA~2/ARMGNU~1/13C7F1~1.2RE/bin/../lib/gcc/arm-none-eabi/13.2.1/thumb/v7e-m/nofp\libg.a(libc_a-freer.o)
                0x080078d0                _free_r
 .text._svfprintf_r
                0x08007ac8     0x1b6c C:/PROGRA~2/ARMGNU~1/13C7F1~1.2RE/bin/../lib/gcc/arm-none-eabi/13.2.1/thumb/v7e-m/nofp\libg.a(libc_a-svfprintf.o)
                0x08007ac8                _svfprintf_r
 .text._fclose_r
                0x08009634       0xc0 C:/PROGRA~2/ARMGNU~1/13C7F1~1.2RE/bin/../lib/gcc/arm-none-eabi/13.2.1/thumb/v7e-m/nofp\libg.a(libc_a-fclose.o)
                0x08009634                _fclose_r
 .text.__sflush_r
                0x080096f4      0x128 C:/PROGRA~2/ARMGNU~1/13C7F1~1.2RE/bin/../lib/gcc/arm-none-eabi/13.2.1/thumb/v7e-m/nofp\libg.a(libc_a-fflush.o)
                0x080096f4                __sflush_r
 .text._fflush_r
                0x0800981c       0x54 C:/PROGRA~2/ARMGNU~1/13C7F1~1.2RE/bin/../lib/gcc/arm-none-eabi/13.2.1/thumb/v7e-m/nofp\libg.a(libc_a-fflush.o)
                0x0800981c                _fflush_r
 .text.strncpy  0x08009870       0x68 C:/PROGRA~2/ARMGNU~1/13C7F1~1.2RE/bin/../lib/gcc/arm-none-eabi/13.2.1/thumb/v7e-m/nofp\libg.a(libc_a-strncpy.o)
                0x08009870                strncpy
 .text.__locale_mb_cur_max
                0x080098d8        0xc C:/PROGRA~2/ARMGNU~1/13C7F1~1.2RE/bin/../lib/gcc/arm-none-eabi/13.2.1/thumb/v7e-m/nofp\libg.a(libc_a-locale.o)
                0x080098d8                __locale_mb_cur_max
 .text._localeconv_r
                0x080098e4        0x8 C:/PROGRA~2/ARMGNU~1/13C7F1~1.2RE/bin/../lib/gcc/arm-none-eabi/13.2.1/thumb/v7e-m/nofp\libg.a(libc_a-localeconv.o)
                0x080098e4                _localeconv_r
 .text.__libc_fini_array
                0x080098ec       0x28 C:/PROGRA~2/ARMGNU~1/13C7F1~1.2RE/bin/../lib/gcc/arm-none-eabi/13.2.1/thumb/v7e-m/nofp\libg.a(libc_a-fini.o)
                0x080098ec                __libc_fini_array
 .text.frexp    0x08009914       0x6c C:/PROGRA~2/ARMGNU~1/13C7F1~1.2RE/bin/../lib/gcc/arm-none-eabi/13.2.1/thumb/v7e-m/nofp\libg.a(libm_a-s_frexp.o)
                0x08009914                frexp
 .text.__register_exitproc
                0x08009980       0x80 C:/PROGRA~2/ARMGNU~1/13C7F1~1.2RE/bin/../lib/gcc/arm-none-eabi/13.2.1/thumb/v7e-m/nofp\libg.a(libc_a-__atexit.o)
                0x08009980                __register_exitproc
 .text.quorem   0x08009a00      0x12c C:/PROGRA~2/ARMGNU~1/13C7F1~1.2RE/bin/../lib/gcc/arm-none-eabi/13.2.1/thumb/v7e-m/nofp\libg.a(libc_a-dtoa.o)
 *fill*         0x08009b2c        0x4 
 .text._dtoa_r  0x08009b30      0xe80 C:/PROGRA~2/ARMGNU~1/13C7F1~1.2RE/bin/../lib/gcc/arm-none-eabi/13.2.1/thumb/v7e-m/nofp\libg.a(libc_a-dtoa.o)
                0x08009b30                _dtoa_r
 .text.__ascii_mbtowc
                0x0800a9b0       0x2c C:/PROGRA~2/ARMGNU~1/13C7F1~1.2RE/bin/../lib/gcc/arm-none-eabi/13.2.1/thumb/v7e-m/nofp\libg.a(libc_a-mbtowc_r.o)
                0x0800a9b0                __ascii_mbtowc
 .text._Balloc  0x0800a9dc       0x4c C:/PROGRA~2/ARMGNU~1/13C7F1~1.2RE/bin/../lib/gcc/arm-none-eabi/13.2.1/thumb/v7e-m/nofp\libg.a(libc_a-mprec.o)
                0x0800a9dc                _Balloc
 .text._Bfree   0x0800aa28       0x14 C:/PROGRA~2/ARMGNU~1/13C7F1~1.2RE/bin/../lib/gcc/arm-none-eabi/13.2.1/thumb/v7e-m/nofp\libg.a(libc_a-mprec.o)
                0x0800aa28                _Bfree
 .text.__multadd
                0x0800aa3c       0xa0 C:/PROGRA~2/ARMGNU~1/13C7F1~1.2RE/bin/../lib/gcc/arm-none-eabi/13.2.1/thumb/v7e-m/nofp\libg.a(libc_a-mprec.o)
                0x0800aa3c                __multadd
 .text.__hi0bits
                0x0800aadc       0x44 C:/PROGRA~2/ARMGNU~1/13C7F1~1.2RE/bin/../lib/gcc/arm-none-eabi/13.2.1/thumb/v7e-m/nofp\libg.a(libc_a-mprec.o)
                0x0800aadc                __hi0bits
 .text.__lo0bits
                0x0800ab20       0x60 C:/PROGRA~2/ARMGNU~1/13C7F1~1.2RE/bin/../lib/gcc/arm-none-eabi/13.2.1/thumb/v7e-m/nofp\libg.a(libc_a-mprec.o)
                0x0800ab20                __lo0bits
 .text.__i2b    0x0800ab80       0x5c C:/PROGRA~2/ARMGNU~1/13C7F1~1.2RE/bin/../lib/gcc/arm-none-eabi/13.2.1/thumb/v7e-m/nofp\libg.a(libc_a-mprec.o)
                0x0800ab80                __i2b
 .text.__multiply
                0x0800abdc      0x16c C:/PROGRA~2/ARMGNU~1/13C7F1~1.2RE/bin/../lib/gcc/arm-none-eabi/13.2.1/thumb/v7e-m/nofp\libg.a(libc_a-mprec.o)
                0x0800abdc                __multiply
 .text.__pow5mult
                0x0800ad48       0xb4 C:/PROGRA~2/ARMGNU~1/13C7F1~1.2RE/bin/../lib/gcc/arm-none-eabi/13.2.1/thumb/v7e-m/nofp\libg.a(libc_a-mprec.o)
                0x0800ad48                __pow5mult
 .text.__lshift
                0x0800adfc       0xf0 C:/PROGRA~2/ARMGNU~1/13C7F1~1.2RE/bin/../lib/gcc/arm-none-eabi/13.2.1/thumb/v7e-m/nofp\libg.a(libc_a-mprec.o)
                0x0800adfc                __lshift
 .text.__mcmp   0x0800aeec       0x40 C:/PROGRA~2/ARMGNU~1/13C7F1~1.2RE/bin/../lib/gcc/arm-none-eabi/13.2.1/thumb/v7e-m/nofp\libg.a(libc_a-mprec.o)
                0x0800aeec                __mcmp
 .text.__mdiff  0x0800af2c      0x178 C:/PROGRA~2/ARMGNU~1/13C7F1~1.2RE/bin/../lib/gcc/arm-none-eabi/13.2.1/thumb/v7e-m/nofp\libg.a(libc_a-mprec.o)
                0x0800af2c                __mdiff
 .text.__d2b    0x0800b0a4       0xbc C:/PROGRA~2/ARMGNU~1/13C7F1~1.2RE/bin/../lib/gcc/arm-none-eabi/13.2.1/thumb/v7e-m/nofp\libg.a(libc_a-mprec.o)
                0x0800b0a4                __d2b
 .text.__ascii_wctomb
                0x0800b160       0x1c C:/PROGRA~2/ARMGNU~1/13C7F1~1.2RE/bin/../lib/gcc/arm-none-eabi/13.2.1/thumb/v7e-m/nofp\libg.a(libc_a-wctomb_r.o)
                0x0800b160                __ascii_wctomb
 .text._wcrtomb_r
                0x0800b17c       0x4c C:/PROGRA~2/ARMGNU~1/13C7F1~1.2RE/bin/../lib/gcc/arm-none-eabi/13.2.1/thumb/v7e-m/nofp\libg.a(libc_a-wcrtomb.o)
                0x0800b17c                _wcrtomb_r
 .text._wcsrtombs_r
                0x0800b1c8       0x1c C:/PROGRA~2/ARMGNU~1/13C7F1~1.2RE/bin/../lib/gcc/arm-none-eabi/13.2.1/thumb/v7e-m/nofp\libg.a(libc_a-wcsrtombs.o)
                0x0800b1c8                _wcsrtombs_r
 .text.__ssprint_r
                0x0800b1e4      0x108 C:/PROGRA~2/ARMGNU~1/13C7F1~1.2RE/bin/../lib/gcc/arm-none-eabi/13.2.1/thumb/v7e-m/nofp\libg.a(libc_a-svfiprintf.o)
                0x0800b1e4                __ssprint_r
 .text.memmove  0x0800b2ec      0x100 C:/PROGRA~2/ARMGNU~1/13C7F1~1.2RE/bin/../lib/gcc/arm-none-eabi/13.2.1/thumb/v7e-m/nofp\libg.a(libc_a-memmove.o)
                0x0800b2ec                memmove
 .text.__assert_func
                0x0800b3ec       0x40 C:/PROGRA~2/ARMGNU~1/13C7F1~1.2RE/bin/../lib/gcc/arm-none-eabi/13.2.1/thumb/v7e-m/nofp\libg.a(libc_a-assert.o)
                0x0800b3ec                __assert_func
 .text._calloc_r
                0x0800b42c       0x6c C:/PROGRA~2/ARMGNU~1/13C7F1~1.2RE/bin/../lib/gcc/arm-none-eabi/13.2.1/thumb/v7e-m/nofp\libg.a(libc_a-callocr.o)
                0x0800b42c                _calloc_r
 .text._realloc_r
                0x0800b498      0x344 C:/PROGRA~2/ARMGNU~1/13C7F1~1.2RE/bin/../lib/gcc/arm-none-eabi/13.2.1/thumb/v7e-m/nofp\libg.a(libc_a-reallocr.o)
                0x0800b498                _realloc_r
 .text._wcsnrtombs_l
                0x0800b7dc       0xec C:/PROGRA~2/ARMGNU~1/13C7F1~1.2RE/bin/../lib/gcc/arm-none-eabi/13.2.1/thumb/v7e-m/nofp\libg.a(libc_a-wcsnrtombs.o)
                0x0800b7dc                _wcsnrtombs_l
 .text._wcsnrtombs_r
                0x0800b8c8       0x24 C:/PROGRA~2/ARMGNU~1/13C7F1~1.2RE/bin/../lib/gcc/arm-none-eabi/13.2.1/thumb/v7e-m/nofp\libg.a(libc_a-wcsnrtombs.o)
                0x0800b8c8                _wcsnrtombs_r
 .text.fiprintf
                0x0800b8ec       0x28 C:/PROGRA~2/ARMGNU~1/13C7F1~1.2RE/bin/../lib/gcc/arm-none-eabi/13.2.1/thumb/v7e-m/nofp\libg.a(libc_a-fiprintf.o)
                0x0800b8ec                fiprintf
 .text.__sprint_r.part.0
                0x0800b914       0x78 C:/PROGRA~2/ARMGNU~1/13C7F1~1.2RE/bin/../lib/gcc/arm-none-eabi/13.2.1/thumb/v7e-m/nofp\libg.a(libc_a-vfiprintf.o)
 .text._vfiprintf_r
                0x0800b98c     0x100c C:/PROGRA~2/ARMGNU~1/13C7F1~1.2RE/bin/../lib/gcc/arm-none-eabi/13.2.1/thumb/v7e-m/nofp\libg.a(libc_a-vfiprintf.o)
                0x0800b98c                _vfiprintf_r
 .text.__sbprintf
                0x0800c998       0x80 C:/PROGRA~2/ARMGNU~1/13C7F1~1.2RE/bin/../lib/gcc/arm-none-eabi/13.2.1/thumb/v7e-m/nofp\libg.a(libc_a-vfiprintf.o)
 .text.__sfvwrite_r
                0x0800ca18      0x2f8 C:/PROGRA~2/ARMGNU~1/13C7F1~1.2RE/bin/../lib/gcc/arm-none-eabi/13.2.1/thumb/v7e-m/nofp\libg.a(libc_a-fvwrite.o)
                0x0800ca18                __sfvwrite_r
 .text.__swsetup_r
                0x0800cd10       0xc4 C:/PROGRA~2/ARMGNU~1/13C7F1~1.2RE/bin/../lib/gcc/arm-none-eabi/13.2.1/thumb/v7e-m/nofp\libg.a(libc_a-wsetup.o)
                0x0800cd10                __swsetup_r
 .text.__fputwc
                0x0800cdd4       0x7c C:/PROGRA~2/ARMGNU~1/13C7F1~1.2RE/bin/../lib/gcc/arm-none-eabi/13.2.1/thumb/v7e-m/nofp\libg.a(libc_a-fputwc.o)
                0x0800cdd4                __fputwc
 .text._fputwc_r
                0x0800ce50       0x60 C:/PROGRA~2/ARMGNU~1/13C7F1~1.2RE/bin/../lib/gcc/arm-none-eabi/13.2.1/thumb/v7e-m/nofp\libg.a(libc_a-fputwc.o)
                0x0800ce50                _fputwc_r
 .text.__smakebuf_r
                0x0800ceb0       0xdc C:/PROGRA~2/ARMGNU~1/13C7F1~1.2RE/bin/../lib/gcc/arm-none-eabi/13.2.1/thumb/v7e-m/nofp\libg.a(libc_a-makebuf.o)
                0x0800ceb0                __smakebuf_r
 .text.__swbuf_r
                0x0800cf8c       0xac C:/PROGRA~2/ARMGNU~1/13C7F1~1.2RE/bin/../lib/gcc/arm-none-eabi/13.2.1/thumb/v7e-m/nofp\libg.a(libc_a-wbuf.o)
                0x0800cf8c                __swbuf_r
 .text._fstat_r
                0x0800d038       0x2c C:/PROGRA~2/ARMGNU~1/13C7F1~1.2RE/bin/../lib/gcc/arm-none-eabi/13.2.1/thumb/v7e-m/nofp\libg.a(libc_a-fstatr.o)
                0x0800d038                _fstat_r
 .text._isatty_r
                0x0800d064       0x24 C:/PROGRA~2/ARMGNU~1/13C7F1~1.2RE/bin/../lib/gcc/arm-none-eabi/13.2.1/thumb/v7e-m/nofp\libg.a(libc_a-isattyr.o)
                0x0800d064                _isatty_r
 *(.glue_7)
 .glue_7        0x0800d088        0x0 linker stubs
 *(.glue_7t)
 .glue_7t       0x0800d088        0x0 linker stubs
 *(.eh_frame)
 .eh_frame      0x0800d088        0x0 C:/PROGRA~2/ARMGNU~1/13C7F1~1.2RE/bin/../lib/gcc/arm-none-eabi/13.2.1/thumb/v7e-m/nofp/crtbegin.o
 *(.init)
 .init          0x0800d088        0x4 C:/PROGRA~2/ARMGNU~1/13C7F1~1.2RE/bin/../lib/gcc/arm-none-eabi/13.2.1/thumb/v7e-m/nofp/crti.o
                0x0800d088                _init
 .init          0x0800d08c        0x8 C:/PROGRA~2/ARMGNU~1/13C7F1~1.2RE/bin/../lib/gcc/arm-none-eabi/13.2.1/thumb/v7e-m/nofp/crtn.o
 *(.fini)
 .fini          0x0800d094        0x4 C:/PROGRA~2/ARMGNU~1/13C7F1~1.2RE/bin/../lib/gcc/arm-none-eabi/13.2.1/thumb/v7e-m/nofp/crti.o
                0x0800d094                _fini
 .fini          0x0800d098        0x8 C:/PROGRA~2/ARMGNU~1/13C7F1~1.2RE/bin/../lib/gcc/arm-none-eabi/13.2.1/thumb/v7e-m/nofp/crtn.o
                0x0800d0a0                        . = ALIGN (0x4)
                0x0800d0a0                        _etext = .

.vfp11_veneer   0x0800d0a0        0x0
 .vfp11_veneer  0x0800d0a0        0x0 linker stubs

.v4_bx          0x0800d0a0        0x0
 .v4_bx         0x0800d0a0        0x0 linker stubs

.iplt           0x0800d0a0        0x0
 .iplt          0x0800d0a0        0x0 C:/PROGRA~2/ARMGNU~1/13C7F1~1.2RE/bin/../lib/gcc/arm-none-eabi/13.2.1/thumb/v7e-m/nofp/crtbegin.o

.rodata         0x0800d0a0      0x7d4
                0x0800d0a0                        . = ALIGN (0x4)
 *(.rodata)
 *(.rodata*)
 .rodata._ZN9PCAP04IIC12write_configEhh.str1.4
                0x0800d0a0      0x43f CMakeFiles/MAS-Unit.elf.dir/Core/Src/PCAP04IIC.cpp.obj
                                 0x64 (size before relaxing)
 .rodata._ZN9PCAP04IIC10read_nvramEt.str1.4
                0x0800d4df       0x49 CMakeFiles/MAS-Unit.elf.dir/Core/Src/PCAP04IIC.cpp.obj
 .rodata._ZN9PCAP04IIC11read_configEh.str1.4
                0x0800d4df       0x50 CMakeFiles/MAS-Unit.elf.dir/Core/Src/PCAP04IIC.cpp.obj
 .rodata._ZN9PCAP04IIC11read_resultEh.str1.4
                0x0800d4df       0x2d CMakeFiles/MAS-Unit.elf.dir/Core/Src/PCAP04IIC.cpp.obj
 .rodata._ZN9PCAP04IIC11write_nvramEt.str1.4
                0x0800d4df       0x2d CMakeFiles/MAS-Unit.elf.dir/Core/Src/PCAP04IIC.cpp.obj
 .rodata._ZN9PCAP04IIC14validate_nvramEv.str1.4
                0x0800d4df       0x4a CMakeFiles/MAS-Unit.elf.dir/Core/Src/PCAP04IIC.cpp.obj
 .rodata._ZN9PCAP04IIC15test_connectionEv.str1.4
                0x0800d4df       0x98 CMakeFiles/MAS-Unit.elf.dir/Core/Src/PCAP04IIC.cpp.obj
 .rodata._ZN9PCAP04IIC13initializeIICEv.str1.4
                0x0800d4df       0x39 CMakeFiles/MAS-Unit.elf.dir/Core/Src/PCAP04IIC.cpp.obj
 *fill*         0x0800d4df        0x1 
 .rodata._ZTS9PCAP04IIC
                0x0800d4e0        0xb CMakeFiles/MAS-Unit.elf.dir/Core/Src/PCAP04IIC.cpp.obj
                0x0800d4e0                typeinfo name for PCAP04IIC
 *fill*         0x0800d4eb        0x1 
 .rodata._ZTI9PCAP04IIC
                0x0800d4ec        0x8 CMakeFiles/MAS-Unit.elf.dir/Core/Src/PCAP04IIC.cpp.obj
                0x0800d4ec                typeinfo for PCAP04IIC
 .rodata._ZTV9PCAP04IIC
                0x0800d4f4       0x50 CMakeFiles/MAS-Unit.elf.dir/Core/Src/PCAP04IIC.cpp.obj
                0x0800d4f4                vtable for PCAP04IIC
 .rodata.main.str1.4
                0x0800d544       0x1a CMakeFiles/MAS-Unit.elf.dir/Core/Src/main.cpp.obj
 .rodata.APBPrescTable
                0x0800d544        0x8 CMakeFiles/MAS-Unit.elf.dir/Core/Src/system_stm32f4xx.c.obj
                0x0800d544                APBPrescTable
 .rodata.AHBPrescTable
                0x0800d54c       0x10 CMakeFiles/MAS-Unit.elf.dir/Core/Src/system_stm32f4xx.c.obj
                0x0800d54c                AHBPrescTable
 .rodata._ZTSN10__cxxabiv117__class_type_infoE
                0x0800d55c       0x22 C:/PROGRA~2/ARMGNU~1/13C7F1~1.2RE/bin/../lib/gcc/arm-none-eabi/13.2.1/thumb/v7e-m/nofp\libstdc++.a(class_type_info.o)
                0x0800d55c                typeinfo name for __cxxabiv1::__class_type_info
 *fill*         0x0800d57e        0x2 
 .rodata._ZTIN10__cxxabiv117__class_type_infoE
                0x0800d580        0xc C:/PROGRA~2/ARMGNU~1/13C7F1~1.2RE/bin/../lib/gcc/arm-none-eabi/13.2.1/thumb/v7e-m/nofp\libstdc++.a(class_type_info.o)
                0x0800d580                typeinfo for __cxxabiv1::__class_type_info
 .rodata._ZTVN10__cxxabiv117__class_type_infoE
                0x0800d58c       0x2c C:/PROGRA~2/ARMGNU~1/13C7F1~1.2RE/bin/../lib/gcc/arm-none-eabi/13.2.1/thumb/v7e-m/nofp\libstdc++.a(class_type_info.o)
                0x0800d58c                vtable for __cxxabiv1::__class_type_info
 .rodata._ZTSN10__cxxabiv120__si_class_type_infoE
                0x0800d5b8       0x25 C:/PROGRA~2/ARMGNU~1/13C7F1~1.2RE/bin/../lib/gcc/arm-none-eabi/13.2.1/thumb/v7e-m/nofp\libstdc++.a(si_class_type_info.o)
                0x0800d5b8                typeinfo name for __cxxabiv1::__si_class_type_info
 *fill*         0x0800d5dd        0x3 
 .rodata._ZTIN10__cxxabiv120__si_class_type_infoE
                0x0800d5e0        0xc C:/PROGRA~2/ARMGNU~1/13C7F1~1.2RE/bin/../lib/gcc/arm-none-eabi/13.2.1/thumb/v7e-m/nofp\libstdc++.a(si_class_type_info.o)
                0x0800d5e0                typeinfo for __cxxabiv1::__si_class_type_info
 .rodata._ZTVN10__cxxabiv120__si_class_type_infoE
                0x0800d5ec       0x2c C:/PROGRA~2/ARMGNU~1/13C7F1~1.2RE/bin/../lib/gcc/arm-none-eabi/13.2.1/thumb/v7e-m/nofp\libstdc++.a(si_class_type_info.o)
                0x0800d5ec                vtable for __cxxabiv1::__si_class_type_info
 .rodata._ZTSSt9type_info
                0x0800d618        0xd C:/PROGRA~2/ARMGNU~1/13C7F1~1.2RE/bin/../lib/gcc/arm-none-eabi/13.2.1/thumb/v7e-m/nofp\libstdc++.a(tinfo.o)
                0x0800d618                typeinfo name for std::type_info
 *fill*         0x0800d625        0x3 
 .rodata._ZTISt9type_info
                0x0800d628        0x8 C:/PROGRA~2/ARMGNU~1/13C7F1~1.2RE/bin/../lib/gcc/arm-none-eabi/13.2.1/thumb/v7e-m/nofp\libstdc++.a(tinfo.o)
                0x0800d628                typeinfo for std::type_info
 .rodata._svfprintf_r.str1.4
                0x0800d630       0x42 C:/PROGRA~2/ARMGNU~1/13C7F1~1.2RE/bin/../lib/gcc/arm-none-eabi/13.2.1/thumb/v7e-m/nofp\libg.a(libc_a-svfprintf.o)
 .rodata.zeroes.0
                0x0800d630       0x10 C:/PROGRA~2/ARMGNU~1/13C7F1~1.2RE/bin/../lib/gcc/arm-none-eabi/13.2.1/thumb/v7e-m/nofp\libg.a(libc_a-svfprintf.o)
 .rodata.blanks.1
                0x0800d640       0x10 C:/PROGRA~2/ARMGNU~1/13C7F1~1.2RE/bin/../lib/gcc/arm-none-eabi/13.2.1/thumb/v7e-m/nofp\libg.a(libc_a-svfprintf.o)
 .rodata.str1.4
                0x0800d650       0x4c C:/PROGRA~2/ARMGNU~1/13C7F1~1.2RE/bin/../lib/gcc/arm-none-eabi/13.2.1/thumb/v7e-m/nofp\libg.a(libc_a-locale.o)
 .rodata._dtoa_r.str1.4
                0x0800d650       0x81 C:/PROGRA~2/ARMGNU~1/13C7F1~1.2RE/bin/../lib/gcc/arm-none-eabi/13.2.1/thumb/v7e-m/nofp\libg.a(libc_a-dtoa.o)
 .rodata.__multadd.str1.4
                0x0800d650       0x6e C:/PROGRA~2/ARMGNU~1/13C7F1~1.2RE/bin/../lib/gcc/arm-none-eabi/13.2.1/thumb/v7e-m/nofp\libg.a(libc_a-mprec.o)
 .rodata.p05.0  0x0800d650        0xc C:/PROGRA~2/ARMGNU~1/13C7F1~1.2RE/bin/../lib/gcc/arm-none-eabi/13.2.1/thumb/v7e-m/nofp\libg.a(libc_a-mprec.o)
 *fill*         0x0800d65c        0x4 
 .rodata.__mprec_bigtens
                0x0800d660       0x28 C:/PROGRA~2/ARMGNU~1/13C7F1~1.2RE/bin/../lib/gcc/arm-none-eabi/13.2.1/thumb/v7e-m/nofp\libg.a(libc_a-mprec.o)
                0x0800d660                __mprec_bigtens
 .rodata.__mprec_tens
                0x0800d688       0xc8 C:/PROGRA~2/ARMGNU~1/13C7F1~1.2RE/bin/../lib/gcc/arm-none-eabi/13.2.1/thumb/v7e-m/nofp\libg.a(libc_a-mprec.o)
                0x0800d688                __mprec_tens
 .rodata._ctype_
                0x0800d750      0x101 C:/PROGRA~2/ARMGNU~1/13C7F1~1.2RE/bin/../lib/gcc/arm-none-eabi/13.2.1/thumb/v7e-m/nofp\libg.a(libc_a-ctype_.o)
                0x0800d750                _ctype_
 .rodata.__assert_func.str1.4
                0x0800d851       0x43 C:/PROGRA~2/ARMGNU~1/13C7F1~1.2RE/bin/../lib/gcc/arm-none-eabi/13.2.1/thumb/v7e-m/nofp\libg.a(libc_a-assert.o)
 .rodata._vfiprintf_r.str1.4
                0x0800d851       0x2f C:/PROGRA~2/ARMGNU~1/13C7F1~1.2RE/bin/../lib/gcc/arm-none-eabi/13.2.1/thumb/v7e-m/nofp\libg.a(libc_a-vfiprintf.o)
 *fill*         0x0800d851        0x3 
 .rodata.zeroes.0
                0x0800d854       0x10 C:/PROGRA~2/ARMGNU~1/13C7F1~1.2RE/bin/../lib/gcc/arm-none-eabi/13.2.1/thumb/v7e-m/nofp\libg.a(libc_a-vfiprintf.o)
 .rodata.blanks.1
                0x0800d864       0x10 C:/PROGRA~2/ARMGNU~1/13C7F1~1.2RE/bin/../lib/gcc/arm-none-eabi/13.2.1/thumb/v7e-m/nofp\libg.a(libc_a-vfiprintf.o)
                0x0800d874                        . = ALIGN (0x4)

.ARM.extab      0x0800d874       0x3c
                0x0800d874                        . = ALIGN (0x4)
 *(.ARM.extab* .gnu.linkonce.armextab.*)
 .ARM.extab.text._ZN9PCAP04IIC12write_configEhh
                0x0800d874        0xc CMakeFiles/MAS-Unit.elf.dir/Core/Src/PCAP04IIC.cpp.obj
 .ARM.extab.text._ZN20__PCAP_CONFIG_REGS_TC2Ev
                0x0800d880        0x0 CMakeFiles/MAS-Unit.elf.dir/Core/Src/PCAP04IIC.cpp.obj
 .ARM.extab.text._ZN9PCAP04IIC12send_commandEh
                0x0800d880        0xc CMakeFiles/MAS-Unit.elf.dir/Core/Src/PCAP04IIC.cpp.obj
 .ARM.extab.text.usb_printf
                0x0800d88c        0xc CMakeFiles/MAS-Unit.elf.dir/Core/Src/main.cpp.obj
 .ARM.extab.text._ZL12MX_I2C1_Initv
                0x0800d898        0xc CMakeFiles/MAS-Unit.elf.dir/Core/Src/main.cpp.obj
 .ARM.extab.text._ZL19MX_USART1_UART_Initv
                0x0800d8a4        0xc CMakeFiles/MAS-Unit.elf.dir/Core/Src/main.cpp.obj
                0x0800d8b0                        . = ALIGN (0x4)

.ARM            0x0800d8b0      0x190
                0x0800d8b0                        . = ALIGN (0x4)
                0x0800d8b0                        __exidx_start = .
 *(.ARM.exidx*)
 .ARM.exidx     0x0800d8b0        0x8 C:/PROGRA~2/ARMGNU~1/13C7F1~1.2RE/bin/../lib/gcc/arm-none-eabi/13.2.1/thumb/v7e-m/nofp\libg.a(libc_a-strcmp.o)
 .ARM.exidx     0x0800d8b8        0x0 C:/PROGRA~2/ARMGNU~1/13C7F1~1.2RE/bin/../lib/gcc/arm-none-eabi/13.2.1/thumb/v7e-m/nofp\libg.a(libc_a-memcpy.o)
                                  0x8 (size before relaxing)
 .ARM.exidx     0x0800d8b8        0x0 C:/PROGRA~2/ARMGNU~1/13C7F1~1.2RE/bin/../lib/gcc/arm-none-eabi/13.2.1/thumb/v7e-m/nofp\libg.a(libc_a-memchr.o)
                                  0x8 (size before relaxing)
 .ARM.exidx     0x0800d8b8        0x0 C:/PROGRA~2/ARMGNU~1/13C7F1~1.2RE/bin/../lib/gcc/arm-none-eabi/13.2.1/thumb/v7e-m/nofp\libg.a(libc_a-strlen.o)
                                  0x8 (size before relaxing)
 .ARM.exidx.text._ZN9PCAP04IIC15writeall_configEv
                0x0800d8b8        0x8 CMakeFiles/MAS-Unit.elf.dir/Core/Src/PCAP04IIC.cpp.obj
 .ARM.exidx.text._ZN9PCAP04IIC13readall_nvramEv
                0x0800d8c0        0x0 CMakeFiles/MAS-Unit.elf.dir/Core/Src/PCAP04IIC.cpp.obj
                                  0x8 (size before relaxing)
 .ARM.exidx.text._ZN9PCAP04IIC14readall_configEv
                0x0800d8c0        0x0 CMakeFiles/MAS-Unit.elf.dir/Core/Src/PCAP04IIC.cpp.obj
                                  0x8 (size before relaxing)
 .ARM.exidx.text._ZN9PCAP04IIC14readall_resultEv
                0x0800d8c0        0x0 CMakeFiles/MAS-Unit.elf.dir/Core/Src/PCAP04IIC.cpp.obj
                                  0x8 (size before relaxing)
 .ARM.exidx.text._ZN9PCAP04IIC14readall_statusEv
                0x0800d8c0        0x0 CMakeFiles/MAS-Unit.elf.dir/Core/Src/PCAP04IIC.cpp.obj
                                  0x8 (size before relaxing)
 .ARM.exidx.text._ZN9PCAP04IIC28convert_status_regs_to_flagsEv
                0x0800d8c0        0x8 CMakeFiles/MAS-Unit.elf.dir/Core/Src/PCAP04IIC.cpp.obj
 .ARM.exidx.text._ZN9PCAP04IIC29convert_results_regs_to_floatEv
                0x0800d8c8        0x0 CMakeFiles/MAS-Unit.elf.dir/Core/Src/PCAP04IIC.cpp.obj
                                  0x8 (size before relaxing)
 .ARM.exidx.text._ZN9PCAP04IIC14writeall_nvramEv
                0x0800d8c8        0x8 CMakeFiles/MAS-Unit.elf.dir/Core/Src/PCAP04IIC.cpp.obj
 .ARM.exidx.text._ZN9PCAP04IIC12write_configEhh
                0x0800d8d0        0x8 CMakeFiles/MAS-Unit.elf.dir/Core/Src/PCAP04IIC.cpp.obj
 .ARM.exidx.text._ZN9PCAP04IIC10read_nvramEt
                0x0800d8d8        0x8 CMakeFiles/MAS-Unit.elf.dir/Core/Src/PCAP04IIC.cpp.obj
 .ARM.exidx.text._ZN9PCAP04IIC11read_configEh
                0x0800d8e0        0x0 CMakeFiles/MAS-Unit.elf.dir/Core/Src/PCAP04IIC.cpp.obj
                                  0x8 (size before relaxing)
 .ARM.exidx.text._ZN9PCAP04IIC11read_resultEh
                0x0800d8e0        0x0 CMakeFiles/MAS-Unit.elf.dir/Core/Src/PCAP04IIC.cpp.obj
                                  0x8 (size before relaxing)
 .ARM.exidx.text._ZN9PCAP04IIC11write_nvramEt
                0x0800d8e0        0x0 CMakeFiles/MAS-Unit.elf.dir/Core/Src/PCAP04IIC.cpp.obj
                                  0x8 (size before relaxing)
 .ARM.exidx.text._ZN9PCAP04IIC12i2c_transmitEj
                0x0800d8e0        0x8 CMakeFiles/MAS-Unit.elf.dir/Core/Src/PCAP04IIC.cpp.obj
 .ARM.exidx.text._ZN9PCAP04IIC12i2c_transmitEm
                0x0800d8e8        0x8 CMakeFiles/MAS-Unit.elf.dir/Core/Src/PCAP04IIC.cpp.obj
 .ARM.exidx.text._ZN9PCAP04IIC12i2c_transmitEt
                0x0800d8f0        0x8 CMakeFiles/MAS-Unit.elf.dir/Core/Src/PCAP04IIC.cpp.obj
 .ARM.exidx.text._ZN9PCAP04IIC12i2c_transmitEh
                0x0800d8f8        0x0 CMakeFiles/MAS-Unit.elf.dir/Core/Src/PCAP04IIC.cpp.obj
                                  0x8 (size before relaxing)
 .ARM.exidx.text._ZN9PCAP04IIC14validate_nvramEv
                0x0800d8f8        0x8 CMakeFiles/MAS-Unit.elf.dir/Core/Src/PCAP04IIC.cpp.obj
 .ARM.exidx.text._ZN20__PCAP_CONFIG_REGS_TC2Ev
                0x0800d900        0x8 CMakeFiles/MAS-Unit.elf.dir/Core/Src/PCAP04IIC.cpp.obj
 .ARM.exidx.text._ZN9PCAP04IICC2E16pcap04_version_t24pcap_measurement_modes_tc13pcap_config_t
                0x0800d908        0x0 CMakeFiles/MAS-Unit.elf.dir/Core/Src/PCAP04IIC.cpp.obj
                                  0x8 (size before relaxing)
 .ARM.exidx.text._ZN9PCAP04IIC15test_connectionEv
                0x0800d908        0x8 CMakeFiles/MAS-Unit.elf.dir/Core/Src/PCAP04IIC.cpp.obj
 .ARM.exidx.text._ZN9PCAP04IIC12send_commandEh
                0x0800d910        0x8 CMakeFiles/MAS-Unit.elf.dir/Core/Src/PCAP04IIC.cpp.obj
 .ARM.exidx.text._ZN9PCAP04IIC13initializeIICEv
                0x0800d918        0x8 CMakeFiles/MAS-Unit.elf.dir/Core/Src/PCAP04IIC.cpp.obj
 .ARM.exidx.text._ZN9PCAP04IIC10init_nvramEv
                0x0800d920        0x8 CMakeFiles/MAS-Unit.elf.dir/Core/Src/PCAP04IIC.cpp.obj
 .ARM.exidx.text._ZN9PCAP04IIC13update_configEP13pcap_config_t
                0x0800d928        0x8 CMakeFiles/MAS-Unit.elf.dir/Core/Src/PCAP04IIC.cpp.obj
 .ARM.exidx.text._ZN9PCAP04IIC10get_configEv
                0x0800d930        0x8 CMakeFiles/MAS-Unit.elf.dir/Core/Src/PCAP04IIC.cpp.obj
 .ARM.exidx.text._ZN7ENCODERC2EPfS0_S0_S0_S0_f9fit_model
                0x0800d938        0x0 CMakeFiles/MAS-Unit.elf.dir/Core/Src/angle_calculation.cpp.obj
                                  0x8 (size before relaxing)
 .ARM.exidx.text._ZNK7ENCODER11linear_funcEPff
                0x0800d938        0x0 CMakeFiles/MAS-Unit.elf.dir/Core/Src/angle_calculation.cpp.obj
                                  0x8 (size before relaxing)
 .ARM.exidx.text._ZNK7ENCODER10poly2_funcEPff
                0x0800d938        0x0 CMakeFiles/MAS-Unit.elf.dir/Core/Src/angle_calculation.cpp.obj
                                  0x8 (size before relaxing)
 .ARM.exidx.text._ZN7ENCODER15calculate_angleEffff
                0x0800d938        0x0 CMakeFiles/MAS-Unit.elf.dir/Core/Src/angle_calculation.cpp.obj
                                  0x8 (size before relaxing)
 .ARM.exidx.text._ZL12MX_GPIO_Initv
                0x0800d938        0x8 CMakeFiles/MAS-Unit.elf.dir/Core/Src/main.cpp.obj
 .ARM.exidx.text._Z41__static_initialization_and_destruction_0v
                0x0800d940        0x8 CMakeFiles/MAS-Unit.elf.dir/Core/Src/main.cpp.obj
 .ARM.exidx.text.usb_printf
                0x0800d948        0x8 CMakeFiles/MAS-Unit.elf.dir/Core/Src/main.cpp.obj
 .ARM.exidx.text._Z19medianAverageFilterPfh
                0x0800d950        0x8 CMakeFiles/MAS-Unit.elf.dir/Core/Src/main.cpp.obj
 .ARM.exidx.text._Z7enqueuefPfh
                0x0800d958        0x0 CMakeFiles/MAS-Unit.elf.dir/Core/Src/main.cpp.obj
                                  0x8 (size before relaxing)
 .ARM.exidx.text.HAL_GPIO_EXTI_Callback
                0x0800d958        0x0 CMakeFiles/MAS-Unit.elf.dir/Core/Src/main.cpp.obj
                                  0x8 (size before relaxing)
 .ARM.exidx.text.Error_Handler
                0x0800d958        0x0 CMakeFiles/MAS-Unit.elf.dir/Core/Src/main.cpp.obj
                                  0x8 (size before relaxing)
 .ARM.exidx.text._ZL12MX_I2C1_Initv
                0x0800d958        0x8 CMakeFiles/MAS-Unit.elf.dir/Core/Src/main.cpp.obj
 .ARM.exidx.text._ZL19MX_USART1_UART_Initv
                0x0800d960        0x8 CMakeFiles/MAS-Unit.elf.dir/Core/Src/main.cpp.obj
 .ARM.exidx.text._Z18SystemClock_Configv
                0x0800d968        0x8 CMakeFiles/MAS-Unit.elf.dir/Core/Src/main.cpp.obj
 .ARM.exidx.text.main
                0x0800d970        0x8 CMakeFiles/MAS-Unit.elf.dir/Core/Src/main.cpp.obj
 .ARM.exidx.text._GLOBAL__sub_I_hi2c1
                0x0800d978        0x8 CMakeFiles/MAS-Unit.elf.dir/Core/Src/main.cpp.obj
 .ARM.exidx.text._Z26pcap04_configure_registersR9PCAP04IICP13pcap_config_th
                0x0800d980        0x8 CMakeFiles/MAS-Unit.elf.dir/Core/Src/pcap04.cpp.obj
 .ARM.exidx.text._Z11pcap04_initP9PCAP04IICP13pcap_config_th
                0x0800d988        0x8 CMakeFiles/MAS-Unit.elf.dir/Core/Src/pcap04.cpp.obj
 .ARM.exidx.text._Z11getCh1valuev
                0x0800d990        0x8 CMakeFiles/MAS-Unit.elf.dir/Core/Src/pcap04.cpp.obj
 .ARM.exidx.text._Z11getCh2valuev
                0x0800d998        0x0 CMakeFiles/MAS-Unit.elf.dir/Core/Src/pcap04.cpp.obj
                                  0x8 (size before relaxing)
 .ARM.exidx.text._Z11getCh3valuev
                0x0800d998        0x0 CMakeFiles/MAS-Unit.elf.dir/Core/Src/pcap04.cpp.obj
                                  0x8 (size before relaxing)
 .ARM.exidx.text._Z11getCh4valuev
                0x0800d998        0x8 CMakeFiles/MAS-Unit.elf.dir/Core/Src/pcap04.cpp.obj
 .ARM.exidx.text._ZNK10__cxxabiv117__class_type_info11__do_upcastEPKS0_PPv
                0x0800d9a0        0x8 C:/PROGRA~2/ARMGNU~1/13C7F1~1.2RE/bin/../lib/gcc/arm-none-eabi/13.2.1/thumb/v7e-m/nofp\libstdc++.a(class_type_info.o)
 .ARM.exidx.text._ZNK10__cxxabiv117__class_type_info20__do_find_public_srcEiPKvPKS0_S2_
                0x0800d9a8        0x8 C:/PROGRA~2/ARMGNU~1/13C7F1~1.2RE/bin/../lib/gcc/arm-none-eabi/13.2.1/thumb/v7e-m/nofp\libstdc++.a(class_type_info.o)
 .ARM.exidx.text._ZN10__cxxabiv117__class_type_infoD2Ev
                0x0800d9b0        0x0 C:/PROGRA~2/ARMGNU~1/13C7F1~1.2RE/bin/../lib/gcc/arm-none-eabi/13.2.1/thumb/v7e-m/nofp\libstdc++.a(class_type_info.o)
                                  0x8 (size before relaxing)
 .ARM.exidx.text._ZN10__cxxabiv117__class_type_infoD0Ev
                0x0800d9b0        0x0 C:/PROGRA~2/ARMGNU~1/13C7F1~1.2RE/bin/../lib/gcc/arm-none-eabi/13.2.1/thumb/v7e-m/nofp\libstdc++.a(class_type_info.o)
                                  0x8 (size before relaxing)
 .ARM.exidx.text._ZNK10__cxxabiv117__class_type_info12__do_dyncastEiNS0_10__sub_kindEPKS0_PKvS3_S5_RNS0_16__dyncast_resultE
                0x0800d9b0        0x0 C:/PROGRA~2/ARMGNU~1/13C7F1~1.2RE/bin/../lib/gcc/arm-none-eabi/13.2.1/thumb/v7e-m/nofp\libstdc++.a(class_type_info.o)
                                  0x8 (size before relaxing)
 .ARM.exidx.text._ZNK10__cxxabiv117__class_type_info11__do_upcastEPKS0_PKvRNS0_15__upcast_resultE
                0x0800d9b0        0x0 C:/PROGRA~2/ARMGNU~1/13C7F1~1.2RE/bin/../lib/gcc/arm-none-eabi/13.2.1/thumb/v7e-m/nofp\libstdc++.a(class_type_info.o)
                                  0x8 (size before relaxing)
 .ARM.exidx.text._ZNK10__cxxabiv117__class_type_info10__do_catchEPKSt9type_infoPPvj
                0x0800d9b0        0x0 C:/PROGRA~2/ARMGNU~1/13C7F1~1.2RE/bin/../lib/gcc/arm-none-eabi/13.2.1/thumb/v7e-m/nofp\libstdc++.a(class_type_info.o)
                                  0x8 (size before relaxing)
 .ARM.exidx.text._ZdlPvj
                0x0800d9b0        0x0 C:/PROGRA~2/ARMGNU~1/13C7F1~1.2RE/bin/../lib/gcc/arm-none-eabi/13.2.1/thumb/v7e-m/nofp\libstdc++.a(del_ops.o)
                                  0x8 (size before relaxing)
 .ARM.exidx.text._ZN10__cxxabiv120__si_class_type_infoD2Ev
                0x0800d9b0        0x0 C:/PROGRA~2/ARMGNU~1/13C7F1~1.2RE/bin/../lib/gcc/arm-none-eabi/13.2.1/thumb/v7e-m/nofp\libstdc++.a(si_class_type_info.o)
                                  0x8 (size before relaxing)
 .ARM.exidx.text._ZN10__cxxabiv120__si_class_type_infoD0Ev
                0x0800d9b0        0x0 C:/PROGRA~2/ARMGNU~1/13C7F1~1.2RE/bin/../lib/gcc/arm-none-eabi/13.2.1/thumb/v7e-m/nofp\libstdc++.a(si_class_type_info.o)
                                  0x8 (size before relaxing)
 .ARM.exidx.text._ZNK10__cxxabiv120__si_class_type_info20__do_find_public_srcEiPKvPKNS_17__class_type_infoES2_
                0x0800d9b0        0x0 C:/PROGRA~2/ARMGNU~1/13C7F1~1.2RE/bin/../lib/gcc/arm-none-eabi/13.2.1/thumb/v7e-m/nofp\libstdc++.a(si_class_type_info.o)
                                  0x8 (size before relaxing)
 .ARM.exidx.text._ZNK10__cxxabiv120__si_class_type_info12__do_dyncastEiNS_17__class_type_info10__sub_kindEPKS1_PKvS4_S6_RNS1_16__dyncast_resultE
                0x0800d9b0        0x0 C:/PROGRA~2/ARMGNU~1/13C7F1~1.2RE/bin/../lib/gcc/arm-none-eabi/13.2.1/thumb/v7e-m/nofp\libstdc++.a(si_class_type_info.o)
                                  0x8 (size before relaxing)
 .ARM.exidx.text._ZNK10__cxxabiv120__si_class_type_info11__do_upcastEPKNS_17__class_type_infoEPKvRNS1_15__upcast_resultE
                0x0800d9b0        0x8 C:/PROGRA~2/ARMGNU~1/13C7F1~1.2RE/bin/../lib/gcc/arm-none-eabi/13.2.1/thumb/v7e-m/nofp\libstdc++.a(si_class_type_info.o)
 .ARM.exidx.text._ZNSt9type_infoD2Ev
                0x0800d9b8        0x8 C:/PROGRA~2/ARMGNU~1/13C7F1~1.2RE/bin/../lib/gcc/arm-none-eabi/13.2.1/thumb/v7e-m/nofp\libstdc++.a(tinfo.o)
 .ARM.exidx.text._ZNKSt9type_info14__is_pointer_pEv
                0x0800d9c0        0x0 C:/PROGRA~2/ARMGNU~1/13C7F1~1.2RE/bin/../lib/gcc/arm-none-eabi/13.2.1/thumb/v7e-m/nofp\libstdc++.a(tinfo.o)
                                  0x8 (size before relaxing)
 .ARM.exidx.text._ZNKSt9type_infoeqERKS_
                0x0800d9c0        0x0 C:/PROGRA~2/ARMGNU~1/13C7F1~1.2RE/bin/../lib/gcc/arm-none-eabi/13.2.1/thumb/v7e-m/nofp\libstdc++.a(tinfo.o)
                                  0x8 (size before relaxing)
 .ARM.exidx.text._ZdlPv
                0x0800d9c0        0x0 C:/PROGRA~2/ARMGNU~1/13C7F1~1.2RE/bin/../lib/gcc/arm-none-eabi/13.2.1/thumb/v7e-m/nofp\libstdc++.a(del_op.o)
                                  0x8 (size before relaxing)
 .ARM.exidx.text.__udivmoddi4
                0x0800d9c0        0x0 C:/PROGRA~2/ARMGNU~1/13C7F1~1.2RE/bin/../lib/gcc/arm-none-eabi/13.2.1/thumb/v7e-m/nofp\libgcc.a(_udivmoddi4.o)
                                  0x8 (size before relaxing)
 .ARM.exidx.text.selfrel_offset31
                0x0800d9c0        0x0 C:/PROGRA~2/ARMGNU~1/13C7F1~1.2RE/bin/../lib/gcc/arm-none-eabi/13.2.1/thumb/v7e-m/nofp\libgcc.a(unwind-arm.o)
                                  0x8 (size before relaxing)
 .ARM.exidx.text.search_EIT_table
                0x0800d9c0        0x0 C:/PROGRA~2/ARMGNU~1/13C7F1~1.2RE/bin/../lib/gcc/arm-none-eabi/13.2.1/thumb/v7e-m/nofp\libgcc.a(unwind-arm.o)
                                  0x8 (size before relaxing)
 .ARM.exidx.text.__gnu_unwind_get_pr_addr
                0x0800d9c0        0x0 C:/PROGRA~2/ARMGNU~1/13C7F1~1.2RE/bin/../lib/gcc/arm-none-eabi/13.2.1/thumb/v7e-m/nofp\libgcc.a(unwind-arm.o)
                                  0x8 (size before relaxing)
 .ARM.exidx.text.get_eit_entry