###############################################################################
#
# IAR ELF Linker V3.10.1.201 for STM8                     13/Mar/2019  15:56:19
# Copyright 2010-2017 IAR Systems AB.
#
#    Output file  =  C:\Work\Project\Cuptime2_I2C\Debug\Exe\Cuptime2_I2C.out
#    Map file     =  C:\Work\Project\Cuptime2_I2C\Debug\List\Cuptime2_I2C.map
#    Command line =  
#        -f C:\Users\fcen\AppData\Local\Temp\EW9BE9.tmp
#        (C:\Work\Project\Cuptime2_I2C\Debug\Obj\I2C.o
#        C:\Work\Project\Cuptime2_I2C\Debug\Obj\main.o
#        C:\Work\Project\Cuptime2_I2C\Debug\Obj\pcap04.o
#        C:\Work\Project\Cuptime2_I2C\Debug\Obj\usart1.o --redirect
#        _Printf=_PrintfSmall --redirect _Scanf=_ScanfSmall -o
#        C:\Work\Project\Cuptime2_I2C\Debug\Exe\Cuptime2_I2C.out --map
#        C:\Work\Project\Cuptime2_I2C\Debug\List\Cuptime2_I2C.map --config
#        "C:\Program Files (x86)\IAR Systems\Embedded Workbench
#        8.0\stm8\config\lnkstm8l151k4.icf" --config_def _CSTACK_SIZE=0x100
#        --config_def _HEAP_SIZE=0x100 --entry __iar_program_start --debug_lib)
#
###############################################################################

*******************************************************************************
*** RUNTIME MODEL ATTRIBUTES
***

__Heap_Handler             = Basic
__SystemLibrary            = DLib
__code_model               = small
__core                     = stm8
__data_model               = medium
__dlib_file_descriptor     = 1
__dlib_full_locale_support = 1
__rt_version               = 4


*******************************************************************************
*** PLACEMENT SUMMARY
***

"A0":  place at start of [0x000000-0x0000ff] { rw section .vregs };
"A1":  place at end of [0x000000-0x0007ff] { block CSTACK };
"P2":  place in [from 0x000000 to 0x0007ff] {
          block HEAP, rw section __DLIB_PERTHREAD, rw section .far.bss,
          rw section .far.data, rw section .far.noinit,
          rw section .far_func.textrw, rw section .huge.bss,
          rw section .huge.data, rw section .huge.noinit,
          rw section .huge_func.textrw, rw section .iar.dynexit,
          rw section .near.bss, rw section .near.data, rw section .near.noinit,
          rw section .near_func.textrw };
"A2":  place at start of [0x008000-0x00bfff] { block INTVEC };
"P3":  place in [from 0x008000 to 0x00bfff] {
          ro section __DLIB_PERTHREAD_init, ro section .far.data_init,
          ro section .far_func.textrw_init, ro section .huge.data_init,
          ro section .huge_func.textrw_init, ro section .iar.init_table,
          ro section .init_array, ro section .near.data_init,
          ro section .near.rodata, ro section .near_func.text,
          ro section .near_func.textrw_init, ro section .tiny.data_init,
          ro section .tiny.rodata_init };
"P4":  place in [from 0x008000 to 0x00bfff] {
          ro section .far.rodata, ro section .far_func.text };
"P5":  place in [from 0x008000 to 0x00bfff] {
          ro section .huge.rodata, ro section .huge_func.text };
do not initialize {
   rw section .eeprom.noinit, rw section .far.noinit, rw section .huge.noinit,
   rw section .near.noinit, rw section .tiny.noinit, rw section .vregs };
initialize by copy {
   rw section .far.bss, rw section .far.data, rw section .far_func.textrw,
   rw section .huge.bss, rw section .huge.data, rw section .huge_func.textrw,
   rw section .iar.dynexit, rw section .near.bss, rw section .near.data,
   rw section .near_func.textrw, rw section .tiny.bss, rw section .tiny.data,
   ro section .tiny.rodata };

  Section            Kind      Address    Size  Object
  -------            ----      -------    ----  ------
"A0":                                      0xc
  .vregs             uninit   0x000000     0xc  vregs.o [4]
                            - 0x00000c     0xc

"P2", part 1 of 3:                       0x45c
  P2-1                        0x00000c   0x45c  <Init block>
    .near.data       inited   0x00000c   0x400  pcap04.o [1]
    .near.data       inited   0x00040c    0x34  pcap04.o [1]
    .near.data       inited   0x000440    0x28  xfiles.o [4]
                            - 0x000468   0x45c

"P2", part 2 of 3:                       0x100
  HEAP                        0x000468   0x100  <Block>
    HEAP             uninit   0x000468   0x100  <Block tail>
                            - 0x000568   0x100

"P2", part 3 of 3:                        0x88
  .near.bss          zero     0x000568    0x50  xfiles.o [4]
  .near.bss          zero     0x0005b8    0x20  pcap04.o [1]
  .near.bss          zero     0x0005d8     0xe  setlocale.o [4]
  .near.bss          zero     0x0005e6     0x4  xxmemxmalloc.o [4]
  .near.bss          zero     0x0005ea     0x2  setlocale.o [4]
  .near.bss          zero     0x0005ec     0x2  xgetmemchunk.o [4]
  .near.bss          zero     0x0005ee     0x1  main.o [1]
  .near.bss          zero     0x0005ef     0x1  pcap04.o [1]
                            - 0x0005f0    0x88

"A1":                                    0x100
  CSTACK                      0x000700   0x100  <Block>
    CSTACK           uninit   0x000700   0x100  <Block tail>
                            - 0x000800   0x100

Absolute sections, part 1 of 10:           0x1
  .near.noinit       uninit   0x00500f     0x1  main.o [1]
                            - 0x005010     0x1

Absolute sections, part 2 of 10:           0x3
  .near.noinit       uninit   0x005011     0x1  main.o [1]
  .near.noinit       uninit   0x005012     0x1  main.o [1]
  .near.noinit       uninit   0x005013     0x1  main.o [1]
                            - 0x005014     0x3

Absolute sections, part 3 of 10:           0x1
  .near.noinit       uninit   0x0050c0     0x1  main.o [1]
                            - 0x0050c1     0x1

Absolute sections, part 4 of 10:           0x2
  .near.noinit       uninit   0x0050c2     0x1  main.o [1]
  .near.noinit       uninit   0x0050c3     0x1  usart1.o [1]
                            - 0x0050c4     0x2

Absolute sections, part 5 of 10:           0x1
  .near.noinit       uninit   0x0050cb     0x1  main.o [1]
                            - 0x0050cc     0x1

Absolute sections, part 6 of 10:           0x3
  .near.noinit       uninit   0x005210     0x1  I2C.o [1]
  .near.noinit       uninit   0x005211     0x1  I2C.o [1]
  .near.noinit       uninit   0x005212     0x1  I2C.o [1]
                            - 0x005213     0x3

Absolute sections, part 7 of 10:           0x2
  .near.noinit       uninit   0x005216     0x1  I2C.o [1]
  .near.noinit       uninit   0x005217     0x1  I2C.o [1]
                            - 0x005218     0x2

Absolute sections, part 8 of 10:           0x1
  .near.noinit       uninit   0x005219     0x1  I2C.o [1]
                            - 0x00521a     0x1

Absolute sections, part 9 of 10:           0x3
  .near.noinit       uninit   0x00521b     0x1  I2C.o [1]
  .near.noinit       uninit   0x00521c     0x1  I2C.o [1]
  .near.noinit       uninit   0x00521d     0x1  I2C.o [1]
                            - 0x00521e     0x3

Absolute sections, part 10 of 10:          0x6
  .near.noinit       uninit   0x005230     0x1  usart1.o [1]
  .near.noinit       uninit   0x005231     0x1  usart1.o [1]
  .near.noinit       uninit   0x005232     0x1  usart1.o [1]
  .near.noinit       uninit   0x005233     0x1  usart1.o [1]
  .near.noinit       uninit   0x005234     0x1  usart1.o [1]
  .near.noinit       uninit   0x005235     0x1  usart1.o [1]
                            - 0x005236     0x6

"A2":                                     0x80
  INTVEC                      0x008000    0x80  <Block>
    .intvec          const    0x008000    0x80  interrupt.o [4]
                            - 0x008080    0x80

"P3-P5":                                0x168b
  Initializer bytes  const    0x008080   0x45c  <for P2-1>
  .near_func.text    ro code  0x0084dc   0x445  xprintfsmall.o [4]
  .near_func.text    ro code  0x008921   0x1dc  xprintfsmall.o [4]
  .near_func.text    ro code  0x008afd   0x176  xprintfsmall.o [4]
  .near_func.text    ro code  0x008c73    0xfb  long.o [4]
  .near_func.text    ro code  0x008d6e    0xd3  xxmemxfree.o [4]
  .near_func.text    ro code  0x008e41    0xcd  vreg_util.o [4]
  .near_func.text    ro code  0x008f0e    0x92  xxmemxmalloc.o [4]
  .near_func.text    ro code  0x008fa0    0x63  xxmemxmalloc.o [4]
  .near_func.text    ro code  0x009003    0x57  I2C.o [1]
  .near_func.text    ro code  0x00905a    0x50  I2C.o [1]
  .near_func.text    ro code  0x0090aa    0x3d  xprintfsmall.o [4]
  .near_func.text    ro code  0x0090e7    0x3c  I2C.o [1]
  .near_func.text    ro code  0x009123    0x3b  long_util.o [4]
  .near_func.text    ro code  0x00915e    0x37  main.o [1]
  .near_func.text    ro code  0x009195    0x37  usart1.o [1]
  .near_func.text    ro code  0x0091cc    0x36  pcap04.o [1]
  .near_func.text    ro code  0x009202    0x36  xprintfsmall.o [4]
  .near_func.text    ro code  0x009238    0x35  I2C.o [1]
  .near_func.text    ro code  0x00926d    0x35  xprintfsmall.o [4]
  .near_func.text    ro code  0x0092a2    0x32  xencoding_sb.o [4]
  .near_func.text    ro code  0x0092d4    0x2f  xprintfsmall.o [4]
  .near_func.text    ro code  0x009303    0x28  init_small.o [4]
  .near_func.text    ro code  0x00932b    0x26  I2C.o [1]
  .near_func.text    ro code  0x009351    0x23  short.o [4]
  .near_func.text    ro code  0x009374    0x21  xmbtowc.o [4]
  .near_func.text    ro code  0x009395    0x21  memchr.o [4]
  .iar.init_table    const    0x0093b6    0x12  - Linker created -
  .near_func.text    ro code  0x0093c8    0x1f  memcpy.o [4]
  .near_func.text    ro code  0x0093e7    0x1e  init_small.o [4]
  .near_func.text    ro code  0x009405    0x1d  printf.o [4]
  .near_func.text    ro code  0x009422    0x1c  xwctomb.o [4]
  .near_func.text    ro code  0x00943e    0x1b  xprout.o [4]
  .near_func.text    ro code  0x009459    0x19  xgetmemchunk.o [4]
  .near_func.text    ro code  0x009472    0x17  xencoding_sb.o [4]
  .near_func.text    ro code  0x009489    0x16  main.o [1]
  .near_func.text    ro code  0x00949f    0x15  strchr.o [4]
  .near_func.text    ro code  0x0094b4    0x14  pcap04.o [1]
  .near_func.text    ro code  0x0094c8    0x14  init.o [4]
  .near_func.text    ro code  0x0094dc    0x14  xprintfsmall.o [4]
  .near_func.text    ro code  0x0094f0    0x14  xprintfsmall.o [4]
  .near_func.text    ro code  0x009504    0x14  __dbg_xxexit.o [3]
  .near_func.text    ro code  0x009518    0x13  cstartup.o [4]
  .near.rodata       const    0x00952b    0x12  main.o [1]
  .near_func.text    ro code  0x00953d    0x12  pcap04.o [1]
  .near_func.text    ro code  0x00954f    0x12  usart1.o [1]
  .near.rodata       const    0x009561     0xf  pcap04.o [1]
  .near_func.text    ro code  0x009570     0xe  xprintfsmall.o [4]
  .near_func.text    ro code  0x00957e     0xd  main.o [1]
  .near_func.text    ro code  0x00958b     0xd  pcap04.o [1]
  .near_func.text    ro code  0x009598     0xd  usart1.o [1]
  .near_func.text    ro code  0x0095a5     0xd  dc_util.o [4]
  .near_func.text    ro code  0x0095b2     0xd  move.o [4]
  .near_func.text    ro code  0x0095bf     0xd  strlen.o [4]
  .near_func.text    ro code  0x0095cc     0xc  setlocale.o [4]
  .near_func.text    ro code  0x0095d8     0xb  xprintfsmall.o [4]
  .near_func.text    ro code  0x0095e3     0xb  xprintfsmall.o [4]
  .near_func.text    ro code  0x0095ee     0xa  I2C.o [1]
  .near_func.text    ro code  0x0095f8     0xa  xprintfsmall.o [4]
  .near_func.text    ro code  0x009602     0xa  xprintfsmall.o [4]
  .near_func.text    ro code  0x00960c     0x9  I2C.o [1]
  .near_func.text    ro code  0x009615     0x9  I2C.o [1]
  .near_func.text    ro code  0x00961e     0x9  I2C.o [1]
  .near_func.text    ro code  0x009627     0x9  I2C.o [1]
  .near_func.text    ro code  0x009630     0x9  pcap04.o [1]
  .near_func.text    ro code  0x009639     0x9  pcap04.o [1]
  .near_func.text    ro code  0x009642     0x9  pcap04.o [1]
  .near_func.text    ro code  0x00964b     0x9  xprintfsmall.o [4]
  .near_func.text    ro code  0x009654     0x9  xprintfsmall.o [4]
  .near_func.text    ro code  0x00965d     0x9  xprintfsmall.o [4]
  .near_func.text    ro code  0x009666     0x9  xprintfsmall.o [4]
  .near.rodata       const    0x00966f     0x8  xprintfsmall.o [4]
  .near.rodata       const    0x009677     0x8  xprintfsmall.o [4]
  .near.rodata       const    0x00967f     0x8  xencoding_sb.o [4]
  .near.rodata       const    0x009687     0x8  xencoding_sb.o [4]
  .near_func.text    ro code  0x00968f     0x8  xprintfsmall.o [4]
  .near.rodata       const    0x009697     0x7  xprintfsmall.o [4]
  .near_func.text    ro code  0x00969e     0x7  I2C.o [1]
  .near_func.text    ro code  0x0096a5     0x7  xprintfsmall.o [4]
  .near_func.text    ro code  0x0096ac     0x7  xprintfsmall.o [4]
  .near_func.text    ro code  0x0096b3     0x7  xprintfsmall.o [4]
  .near_func.text    ro code  0x0096ba     0x7  xxmemxmalloc.o [4]
  .near_func.text    ro code  0x0096c1     0x7  putchar.o [4]
  .near_func.text    ro code  0x0096c8     0x6  I2C.o [1]
  .near_func.text    ro code  0x0096ce     0x6  xprintfsmall.o [4]
  .near_func.text    ro code  0x0096d4     0x6  xprintfsmall.o [4]
  .near_func.text    ro code  0x0096da     0x6  xprintfsmall.o [4]
  .near_func.text    ro code  0x0096e0     0x6  xmbcurmax.o [4]
  .near_func.text    ro code  0x0096e6     0x5  xprintfsmall.o [4]
  .near_func.text    ro code  0x0096eb     0x5  xprintfsmall.o [4]
  .near_func.text    ro code  0x0096f0     0x5  xprintfsmall.o [4]
  .near_func.text    ro code  0x0096f5     0x5  cexit.o [4]
  .near_func.text    ro code  0x0096fa     0x4  setlocale.o [4]
  .near_func.text    ro code  0x0096fe     0x3  interrupt.o [4]
  .near_func.text    ro code  0x009701     0x3  low_level_init.o [4]
  .near_func.text    ro code  0x009704     0x3  exit.o [4]
  .near_func.text    ro code  0x009707     0x3  unhandled_exception.o [4]
  .near_func.text    ro code  0x00970a     0x1  __dbg_break.o [3]
                            - 0x00970b  0x168b


*******************************************************************************
*** INIT TABLE
***

          Address   Size
          -------   ----
Zero (__iar_zero_init2)
    1 destination range, total size 0x88:
          0x000568   0x88

Copy (__iar_copy_init2)
    1 source range, total size 0x45c:
          0x008080  0x45c
    1 destination range, total size 0x45c:
          0x00000c  0x45c



*******************************************************************************
*** MODULE SUMMARY
***

    Module                 ro code  ro data  rw data  rw data
                                                       (abs)
    ------                 -------  -------  -------  -------
C:\Work\Project\Cuptime2_I2C\Debug\Obj: [1]
    I2C.o                      377                          9
    main.o                      90       18        1        7
    pcap04.o                   132    1 091    1 109
    usart1.o                    86                          7
    ---------------------------------------------------------
    Total:                     685    1 109    1 110       23

command line: [2]
    ---------------------------------------------------------
    Total:

dbgstm8smd.a: [3]
    __dbg_break.o                1
    __dbg_xxexit.o              20
    ---------------------------------------------------------
    Total:                      21

dlstm8smf.a: [4]
    cexit.o                      5
    cstartup.o                  19
    dc_util.o                   13
    exit.o                       3
    init.o                      20
    init_small.o                70
    interrupt.o                  3      128
    long.o                     251
    long_util.o                 59
    low_level_init.o             3
    memchr.o                    33
    memcpy.o                    31
    move.o                      13
    printf.o                    29
    putchar.o                    7
    setlocale.o                 16                16
    short.o                     35
    strchr.o                    21
    strlen.o                    13
    unhandled_exception.o        3
    vreg_util.o                205
    vregs.o                                       12
    xencoding_sb.o              73       16
    xfiles.o                             40      120
    xgetmemchunk.o              25                 2
    xmbcurmax.o                  6
    xmbtowc.o                   33
    xprintfsmall.o           2 352       23
    xprout.o                    27
    xwctomb.o                   28
    xxmemxfree.o               211
    xxmemxmalloc.o             252                 4
    ---------------------------------------------------------
    Total:                   3 859      207      154

    Linker created                       18      512
-------------------------------------------------------------
    Grand Total:             4 565    1 334    1 776       23


*******************************************************************************
*** ENTRY LIST
***

Entry                    Address   Size  Type      Object
-----                    -------   ----  ----      ------
.iar.init_table$$Base   0x0093b6          --   Gb  - Linker created -
.iar.init_table$$Limit  0x0093c8          --   Gb  - Linker created -
?and32_l0_l0_0x         0x008d3e         Code  Gb  long.o [4]
?and32_l0_l0_l1         0x008d3b         Code  Gb  long.o [4]
?b0                     0x000000         Data  Gb  vregs.o [4]
?b1                     0x000001         Data  Gb  vregs.o [4]
?b10                    0x00000a         Data  Gb  vregs.o [4]
?b11                    0x00000b         Data  Gb  vregs.o [4]
?b2                     0x000002         Data  Gb  vregs.o [4]
?b3                     0x000003         Data  Gb  vregs.o [4]
?b4                     0x000004         Data  Gb  vregs.o [4]
?b5                     0x000005         Data  Gb  vregs.o [4]
?b6                     0x000006         Data  Gb  vregs.o [4]
?b7                     0x000007         Data  Gb  vregs.o [4]
?b8                     0x000008         Data  Gb  vregs.o [4]
?b9                     0x000009         Data  Gb  vregs.o [4]
?dc32_l0                0x0095a5         Code  Gb  dc_util.o [4]
?e0                     0x000001         Data  Gb  vregs.o [4]
?e1                     0x000005         Data  Gb  vregs.o [4]
?e2                     0x000009         Data  Gb  vregs.o [4]
?epilogue_l2            0x008ea7         Code  Gb  vreg_util.o [4]
?epilogue_w4            0x008eab         Code  Gb  vreg_util.o [4]
?l0                     0x000000         Data  Gb  vregs.o [4]
?l1                     0x000004         Data  Gb  vregs.o [4]
?l2                     0x000008         Data  Gb  vregs.o [4]
?load32_0x_l0           0x009150         Code  Gb  long_util.o [4]
?load32_asp_l0          0x009144         Code  Gb  long_util.o [4]
?load32_dbsp_l0         0x00913f         Code  Gb  long_util.o [4]
?load32_l0_0x           0x009133         Code  Gb  long_util.o [4]
?load32_l0_asp          0x009128         Code  Gb  long_util.o [4]
?load32_l0_dbsp         0x009123         Code  Gb  long_util.o [4]
?load32_l0_xsp          0x00912a         Code  Gb  long_util.o [4]
?load32_xsp_l0          0x009146         Code  Gb  long_util.o [4]
?mov_e0_e2              0x008eea         Code  Gb  vreg_util.o [4]
?mov_e1_e0              0x008ef7         Code  Gb  vreg_util.o [4]
?mov_e2_e0              0x008f04         Code  Gb  vreg_util.o [4]
?mov_l0_l2              0x008ee7         Code  Gb  vreg_util.o [4]
?mov_l1_l0              0x008ef4         Code  Gb  vreg_util.o [4]
?mov_l2_l0              0x008f01         Code  Gb  vreg_util.o [4]
?mov_w0_w3              0x008eaf         Code  Gb  vreg_util.o [4]
?mov_w0_w4              0x008eb6         Code  Gb  vreg_util.o [4]
?mov_w0_w5              0x008ebd         Code  Gb  vreg_util.o [4]
?mov_w1_w4              0x008ec4         Code  Gb  vreg_util.o [4]
?mov_w1_w5              0x008eed         Code  Gb  vreg_util.o [4]
?mov_w2_w1              0x008ecb         Code  Gb  vreg_util.o [4]
?mov_w3_w1              0x008efa         Code  Gb  vreg_util.o [4]
?mov_w4_w0              0x008ed2         Code  Gb  vreg_util.o [4]
?mov_w4_w1              0x008ed9         Code  Gb  vreg_util.o [4]
?mov_w5_w0              0x008ee0         Code  Gb  vreg_util.o [4]
?mov_w5_w1              0x008f07         Code  Gb  vreg_util.o [4]
?move1616_v_x_y_a       0x0095b2         Code  Gb  move.o [4]
?mul16_x_x_w0           0x009351         Code  Gb  short.o [4]
?neg32_l0_l0            0x008c73         Code  Gb  long.o [4]
?pop_l2                 0x008e94         Code  Gb  vreg_util.o [4]
?pop_w4                 0x008e63         Code  Gb  vreg_util.o [4]
?push_l2                0x008e72         Code  Gb  vreg_util.o [4]
?push_w0                0x008e41         Code  Gb  vreg_util.o [4]
?push_w1                0x008e46         Code  Gb  vreg_util.o [4]
?push_w4                0x008e4b         Code  Gb  vreg_util.o [4]
?sdiv32_l0_dl_l1        0x008cf0         Code  Gb  long.o [4]
?sdiv32_l0_l0_l1        0x008cf5         Code  Gb  long.o [4]
?sext32_l0_a            0x008d61         Code  Gb  long.o [4]
?sext32_l0_x            0x008d56         Code  Gb  long.o [4]
?smod32_l1_l0_l1        0x008cf5         Code  Gb  long.o [4]
?srl16_x_x_4            0x00936f         Code  Gb  short.o [4]
?udiv32_l0_l0_l1        0x008c83         Code  Gb  long.o [4]
?umod32_l1_l0_l1        0x008c83         Code  Gb  long.o [4]
?w0                     0x000000         Data  Gb  vregs.o [4]
?w1                     0x000002         Data  Gb  vregs.o [4]
?w2                     0x000004         Data  Gb  vregs.o [4]
?w3                     0x000006         Data  Gb  vregs.o [4]
?w4                     0x000008         Data  Gb  vregs.o [4]
?w5                     0x00000a         Data  Gb  vregs.o [4]
CLKInit                 0x009489   0x16  Code  Gb  main.o [1]
CSTACK$$Base            0x000700          --   Gb  - Linker created -
CSTACK$$Limit           0x000800          --   Gb  - Linker created -
HEAP$$Base              0x000468          --   Gb  - Linker created -
HEAP$$Limit             0x000568          --   Gb  - Linker created -
I2C1_DR                 0x005216    0x1  Data  Gb  I2C.o [1]
IIC_Init                0x009238   0x35  Code  Gb  I2C.o [1]
IIC_Read                0x009003   0x57  Code  Gb  I2C.o [1]
IIC_Read_Pcap04         0x0090e7   0x3c  Code  Gb  I2C.o [1]
IIC_Write               0x00905a   0x50  Code  Gb  I2C.o [1]
IIC_Write_Pcap04        0x00932b   0x26  Code  Gb  I2C.o [1]
INTN_Init               0x00957e    0xd  Code  Gb  main.o [1]
INTVEC$$Base            0x008000          --   Gb  - Linker created -
INTVEC$$Limit           0x008080          --   Gb  - Linker created -
LoadInt                 0x0090aa   0x3d  Code  Lc  xprintfsmall.o [4]
PCAP04_Config           0x00040c   0x34  Data  Gb  pcap04.o [1]
PCAP04_StandardFirmware
                        0x00000c  0x400  Data  Gb  pcap04.o [1]
PCap04_CDCStart         0x009642    0x9  Code  Gb  pcap04.o [1]
PCap04_Init             0x009639    0x9  Code  Gb  pcap04.o [1]
PCap04_PowerON_RESET    0x009630    0x9  Code  Gb  pcap04.o [1]
PCap04_ReadResult       0x0091cc   0x36  Code  Gb  pcap04.o [1]
PCap04_Test             0x00958b    0xd  Code  Gb  pcap04.o [1]
PCap04_writeConfig      0x0094b4   0x14  Code  Gb  pcap04.o [1]
PCap04_writeFirmware    0x00953d   0x12  Code  Gb  pcap04.o [1]
RES                     0x0005b8   0x20  Data  Gb  pcap04.o [1]
Region$$Table$$Base     0x0093b6          --   Gb  - Linker created -
Region$$Table$$Limit    0x0093c8          --   Gb  - Linker created -
UART1_Init              0x009195   0x37  Code  Gb  usart1.o [1]
UART1_RX_RXNE           0x00954f   0x12  Code  Gb  usart1.o [1]
USART1_DR               0x005231    0x1  Data  Gb  usart1.o [1]
Uart1_SendData          0x009598    0x9  Code  Gb  usart1.o [1]
_A_CLK_CBEEPR           0x0050cb    0x1  Data  Gb  main.o [1]
_A_CLK_CKDIVR           0x0050c0    0x1  Data  Gb  main.o [1]
_A_CLK_ICKCR            0x0050c2    0x1  Data  Gb  main.o [1]
_A_CLK_PCKENR1          0x0050c3    0x1  Data  Gb  usart1.o [1]
_A_I2C1_CCRH            0x00521c    0x1  Data  Gb  I2C.o [1]
_A_I2C1_CCRL            0x00521b    0x1  Data  Gb  I2C.o [1]
_A_I2C1_CR1             0x005210    0x1  Data  Gb  I2C.o [1]
_A_I2C1_CR2             0x005211    0x1  Data  Gb  I2C.o [1]
_A_I2C1_FREQR           0x005212    0x1  Data  Gb  I2C.o [1]
_A_I2C1_SR1             0x005217    0x1  Data  Gb  I2C.o [1]
_A_I2C1_SR3             0x005219    0x1  Data  Gb  I2C.o [1]
_A_I2C1_TRISER          0x00521d    0x1  Data  Gb  I2C.o [1]
_A_PD_CR1               0x005012    0x1  Data  Gb  main.o [1]
_A_PD_CR2               0x005013    0x1  Data  Gb  main.o [1]
_A_PD_DDR               0x005011    0x1  Data  Gb  main.o [1]
_A_PD_ODR               0x00500f    0x1  Data  Gb  main.o [1]
_A_USART1_BRR1          0x005232    0x1  Data  Gb  usart1.o [1]
_A_USART1_BRR2          0x005233    0x1  Data  Gb  usart1.o [1]
_A_USART1_CR1           0x005234    0x1  Data  Gb  usart1.o [1]
_A_USART1_CR2           0x005235    0x1  Data  Gb  usart1.o [1]
_A_USART1_SR            0x005230    0x1  Data  Gb  usart1.o [1]
_EncodingSb_Mbtowc      0x0092a2   0x32  Code  Gb  xencoding_sb.o [4]
_EncodingSb_Mbtowc::initial
                        0x009687    0x8  Data  Lc  xencoding_sb.o [4]
_EncodingSb_Wctomb      0x009472   0x17  Code  Gb  xencoding_sb.o [4]
_EncodingSb_Wctomb::initial
                        0x00967f    0x8  Data  Lc  xencoding_sb.o [4]
_LitobSmall             0x008afd  0x176  Code  Lc  xprintfsmall.o [4]
_LocaleEncoding         0x0095cc    0xc  Code  Gb  setlocale.o [4]
_Locale_Profile         0x0005d8    0xe  Data  Gb  setlocale.o [4]
_Mbtowc                 0x009374   0x21  Code  Gb  xmbtowc.o [4]
_PrintfSmall            0x0084dc  0x445  Code  Gb  xprintfsmall.o [4]
_Prout                  0x00943e   0x1b  Code  Gb  xprout.o [4]
_PutcharSmall           0x0092d4   0x2f  Code  Lc  xprintfsmall.o [4]
_PutcharsSmall          0x00926d   0x35  Code  Lc  xprintfsmall.o [4]
_PutstrSmall            0x008921  0x1dc  Code  Lc  xprintfsmall.o [4]
_Wctomb                 0x009422   0x1c  Code  Gb  xwctomb.o [4]
__DebugBreak            0x00970a    0x1  Code  Gb  __dbg_break.o [3]
__exit                  0x009504   0x14  Code  Gb  __dbg_xxexit.o [3]
__iar_Mbcurmax          0x0096e0    0x6  Code  Gb  xmbcurmax.o [4]
__iar_Memchr            0x009395   0x21  Code  Gb  memchr.o [4]
__iar_Stdout            0x000440   0x28  Data  Gb  xfiles.o [4]
__iar_Strchr            0x00949f   0x15  Code  Gb  strchr.o [4]
__iar_Tls_setup__Locale_Profile
                        0x0005ea    0x2  Data  Gb  setlocale.o [4]
__iar_copy_init2        0x009303         Code  Gb  init_small.o [4]
__iar_data_init2        0x0094c8   0x14  Code  Gb  init.o [4]
__iar_program_start     0x009518         Code  Gb  cstartup.o [4]
__iar_unhandled_exception
                        0x009707         Code  Gb  unhandled_exception.o [4]
__iar_zero_init2        0x0093e7         Code  Gb  init_small.o [4]
__intvec                0x008000         Data  Gb  interrupt.o [4]
__low_level_init        0x009701    0x3  Code  Gb  low_level_init.o [4]
__near_Aldata           0x0005e6    0x4  Data  Gb  xxmemxmalloc.o [4]
__near_GetMemChunk      0x009459   0x19  Code  Gb  xgetmemchunk.o [4]
__near_GetMemChunk::start
                        0x0005ec    0x2  Data  Lc  xgetmemchunk.o [4]
__near_findmem          0x008fa0   0x63  Code  Lc  xxmemxmalloc.o [4]
_exit                   0x0096f5         Code  Gb  cexit.o [4]
_interrupt_30           0x00954f         Code  Gb  usart1.o [1]
exit                    0x009704    0x3  Code  Gb  exit.o [4]
flag                    0x0005ee    0x1  Data  Gb  main.o [1]
fputc                   0x0095a1    0x4  Code  Gb  usart1.o [1]
free                    0x008d6e   0xc9  Code  Gb  xxmemxfree.o [4]
main                    0x00915e   0x37  Code  Gb  main.o [1]
malloc                  0x008f0e   0x92  Code  Gb  xxmemxmalloc.o [4]
memcpy                  0x0093c8   0x1f  Code  Gb  memcpy.o [4]
obuf                    0x000568   0x50  Data  Lc  xfiles.o [4]
pad                     0x009202   0x36  Code  Lc  xprintfsmall.o [4]
printf                  0x009405   0x1d  Code  Gb  printf.o [4]
putchar                 0x0096c1    0x7  Code  Gb  putchar.o [4]
readdata                0x0005ef    0x1  Data  Gb  pcap04.o [1]
strlen                  0x0095bf    0xd  Code  Gb  strlen.o [4]


[1] = C:\Work\Project\Cuptime2_I2C\Debug\Obj
[2] = command line
[3] = dbgstm8smd.a
[4] = dlstm8smf.a

  4 565 bytes of readonly  code memory
  1 334 bytes of readonly  data memory
  1 776 bytes of readwrite data memory (+ 23 absolute)

Errors: none
Warnings: none
